--------- beginning of main
08-29 15:31:18.948 12866 12866 E GEL_DELAYED_EVENT_DEBUG: Volley request failed for type aqgn
08-29 15:31:18.948 12866 12866 E GEL_DELAYED_EVENT_DEBUG: bsc: aylz: Exception in CronetUrlRequest: net::ERR_QUIC_PROTOCOL_ERROR, ErrorCode=10, InternalErrorCode=-356, Retryable=false, QuicDetailedErrorCode=25
08-29 15:31:18.948 12866 12866 E GEL_DELAYED_EVENT_DEBUG: 	at xyk.run(PG:7)
08-29 15:31:18.948 12866 12866 E GEL_DELAYED_EVENT_DEBUG: 	at java.util.concurrent.ThreadPoolExecutor.runWorker(ThreadPoolExecutor.java:1167)
08-29 15:31:18.948 12866 12866 E GEL_DELAYED_EVENT_DEBUG: 	at java.util.concurrent.ThreadPoolExecutor$Worker.run(ThreadPoolExecutor.java:641)
08-29 15:31:18.948 12866 12866 E GEL_DELAYED_EVENT_DEBUG: 	at xqz.run(PG:12)
08-29 15:31:18.948 12866 12866 E GEL_DELAYED_EVENT_DEBUG: 	at java.lang.Thread.run(Thread.java:920)
08-29 15:31:18.948 12866 12866 E GEL_DELAYED_EVENT_DEBUG: Caused by: aylz: Exception in CronetUrlRequest: net::ERR_QUIC_PROTOCOL_ERROR, ErrorCode=10, InternalErrorCode=-356, Retryable=false, QuicDetailedErrorCode=25
08-29 15:31:18.948 12866 12866 E GEL_DELAYED_EVENT_DEBUG: 	at org.chromium.net.impl.CronetUrlRequest.onError(PG:2)
08-29 15:31:22.374   338 13720 D resolv  : send_vc: read failed: : Operation now in progress
08-29 15:31:22.375   338 13720 I resolv  : res_nsend: used send_vc 0 terrno: 115
08-29 15:31:22.375   338 13720 D resolv  : doQuery: rcode=0, ancount=16
08-29 15:31:29.411  1240 13807 D androidtc: Initializing SystemTextClassifier, type = System
--------- beginning of system
08-29 15:31:31.404   546   601 I PackageManager: Integrity check passed for file:///data/app/vmdl1611050347.tmp
08-29 15:31:31.439   546   601 I PackageManager: Permission ownership changed. Updating all permissions.
--------- beginning of kernel
08-29 15:31:31.490     0     0 I logd    : start watching /data/system/packages.list ...
08-29 15:31:31.495     0     0 I logd    : ReadPackageList, total packages: 156
08-29 15:31:31.517   546   601 D PackageManager: Instant App installer not found with android.intent.action.INSTALL_INSTANT_APP_PACKAGE
08-29 15:31:31.518   546   601 D PackageManager: Clear ephemeral installer activity
08-29 15:31:31.544   546   601 V BackupManagerService: [UserID:0] restoreAtInstall pkg=com.companyname.mauiapp22 token=4 restoreSet=0
08-29 15:31:31.545   546   601 V BackupManagerService: [UserID:0] Finishing install immediately
08-29 15:31:31.549   477   477 E installd: Couldn't opendir /data/app/vmdl1611050347.tmp: No such file or directory
08-29 15:31:31.550   477   477 E installd: Failed to delete /data/app/vmdl1611050347.tmp: No such file or directory
08-29 15:31:31.572   546   601 D CompatibilityChangeReporter: Compat change id reported: 168419799; UID 10146; state: DISABLED
08-29 15:31:31.597  1324  1324 I MediaProvider: Invalidating LocalCallingIdentity cache for package com.companyname.mauiapp22. Reason: package android.intent.action.PACKAGE_ADDED
08-29 15:31:31.608   546   628 I RoleService: Granting default roles...
08-29 15:31:31.641   338   403 I netd    : trafficSetNetPermForUids(4, [10146]) <0.09ms>
08-29 15:31:31.649  1360  1360 I GsaVoiceInteractionSrv: O received Intent { act=android.intent.action.PACKAGE_ADDED dat=package:com.companyname.mauiapp22 flg=0x4000010 (has extras) }
08-29 15:31:31.659   546   546 I Telecom : DefaultDialerCache: Refreshing default dialer for user 0: now com.android.dialer: DDC.oR@AIM
08-29 15:31:31.660   546   633 I InputReader: Reconfiguring input devices, changes=KEYBOARD_LAYOUTS | 
08-29 15:31:31.664   338   403 I netd    : firewallSetUidRule(2, 10146, 2) <0.18ms>
08-29 15:31:31.667   546   824 W BroadcastQueue: Background execution not allowed: receiving Intent { act=android.intent.action.PACKAGE_ADDED dat=package:com.companyname.mauiapp22 flg=0x4000010 (has extras) } to com.google.android.packageinstaller/com.android.packageinstaller.PackageInstalledReceiver
08-29 15:31:31.676   708   708 V MediaPlayerList: mPackageChangedBroadcastReceiver: action: android.intent.action.PACKAGE_ADDED
08-29 15:31:31.677   708   708 D MediaPlayerList: Name of package changed: com.companyname.mauiapp22
08-29 15:31:31.700   546   628 D ActivityManager: sync unfroze 5004 com.google.android.permissioncontroller
08-29 15:31:31.705   546   546 V BackupManagerConstants: getFullBackupIntervalMilliseconds(...) returns 86400000
08-29 15:31:31.705   546   546 V BackupManagerConstants: getFullBackupRequiredNetworkType(...) returns 2
08-29 15:31:31.706   546   546 V BackupManagerConstants: getFullBackupRequireCharging(...) returns true
08-29 15:31:31.758   898   898 D CarrierSvcBindHelper: No carrier app for: 0
08-29 15:31:31.764   898   898 D ImsResolver: maybeAddedImsService, packageName: com.companyname.mauiapp22
08-29 15:31:31.766   898   898 D CarrierConfigLoader: mHandler: EVENT_PACKAGE_CHANGED phoneId: 0
08-29 15:31:31.767   546   579 W BroadcastQueue: Background execution not allowed: receiving Intent { act=android.intent.action.PACKAGE_ADDED dat=package:com.companyname.mauiapp22 flg=0x4000010 (has extras) } to com.google.android.gms/.games.chimera.GamesSystemBroadcastReceiverProxy
08-29 15:31:31.770   546   579 W BroadcastQueue: Background execution not allowed: receiving Intent { act=android.intent.action.PACKAGE_ADDED dat=package:com.companyname.mauiapp22 flg=0x4000010 (has extras) } to com.google.android.gms/.gass.chimera.PackageChangeBroadcastReceiver
08-29 15:31:31.771   546   579 W BroadcastQueue: Background execution not allowed: receiving Intent { act=android.intent.action.PACKAGE_ADDED dat=package:com.companyname.mauiapp22 flg=0x4000010 (has extras) } to com.google.android.gms/.chimera.GmsIntentOperationService$PersistentTrustedReceiver
08-29 15:31:31.775   546  3318 D CompatibilityChangeReporter: Compat change id reported: 135634846; UID 10097; state: DISABLED
08-29 15:31:31.776   546  3318 D CompatibilityChangeReporter: Compat change id reported: 177438394; UID 10097; state: DISABLED
08-29 15:31:31.776   546  3318 D CompatibilityChangeReporter: Compat change id reported: 135772972; UID 10097; state: DISABLED
08-29 15:31:31.777   546  3318 D CompatibilityChangeReporter: Compat change id reported: 135754954; UID 10097; state: ENABLED
08-29 15:31:31.780   546   580 D CompatibilityChangeReporter: Compat change id reported: 143937733; UID 10097; state: ENABLED
08-29 15:31:31.844   546   579 W BroadcastQueue: Background execution not allowed: receiving Intent { act=android.intent.action.PACKAGE_ADDED dat=package:com.companyname.mauiapp22 flg=0x4000010 (has extras) } to com.google.android.googlequicksearchbox/com.google.android.apps.gsa.googlequicksearchbox.GelStubAppWatcher
08-29 15:31:31.848   339   339 D Zygote  : Forked child process 13831
08-29 15:31:31.883   546   580 W ActivityManager: Slow operation: 110ms so far, now at startProcess: returned from zygote!
08-29 15:31:31.901   546   633 I InputReader: Reconfiguring input devices, changes=KEYBOARD_LAYOUTS | 
08-29 15:31:31.909   708   708 V MediaPlayerList: mPackageChangedBroadcastReceiver: action: android.intent.action.PACKAGE_CHANGED
08-29 15:31:31.910   708   708 D MediaPlayerList: Name of package changed: com.companyname.mauiapp22
08-29 15:31:31.911 13831 13831 W .apps.wellbein: Unexpected CPU variant for X86 using defaults: x86_64
08-29 15:31:31.919   546   546 I Telecom : DefaultDialerCache: Refreshing default dialer for user 0: now com.android.dialer: DDC.oR@AIY
08-29 15:31:31.931   546   579 I ActivityManager: com.google.android.packageinstaller is exempt from freezer
08-29 15:31:31.931   546   567 D CompanionDeviceManagerService: onPackageModified(packageName = com.companyname.mauiapp22)
08-29 15:31:31.934   546   579 D CompatibilityChangeReporter: Compat change id reported: 135634846; UID 10071; state: DISABLED
08-29 15:31:31.935   546   579 D CompatibilityChangeReporter: Compat change id reported: 177438394; UID 10071; state: DISABLED
08-29 15:31:31.935   546   579 D CompatibilityChangeReporter: Compat change id reported: 135772972; UID 10071; state: DISABLED
08-29 15:31:31.936   546   579 D CompatibilityChangeReporter: Compat change id reported: 135754954; UID 10071; state: ENABLED
08-29 15:31:31.942   546   580 W ActivityManager: Slow operation: 169ms so far, now at startProcess: done updating battery stats
08-29 15:31:31.945   546   580 W ActivityManager: Slow operation: 172ms so far, now at startProcess: building log message
08-29 15:31:31.946   546   580 I ActivityManager: Start proc 13831:com.google.android.apps.wellbeing/u0a97 for content provider {com.google.android.apps.wellbeing/com.google.android.apps.wellbeing.api.impl.WellbeingSettingsProvider}
08-29 15:31:31.947   546   580 W ActivityManager: Slow operation: 174ms so far, now at startProcess: starting to update pids map
08-29 15:31:31.947   546   580 W ActivityManager: Slow operation: 174ms so far, now at startProcess: done updating pids map
08-29 15:31:31.952   546   580 D CompatibilityChangeReporter: Compat change id reported: 143937733; UID 10071; state: ENABLED
08-29 15:31:31.973  5004  5057 I PermissionControllerServiceImpl: Updating user sensitive for uid 10146
08-29 15:31:31.973 10172 10179 I adbd    : jdwp connection from 13831
08-29 15:31:31.973  5004  5057 I PermissionControllerServiceImpl: Updating user sensitive for uid 10146
08-29 15:31:31.975   339   339 D Zygote  : Forked child process 13848
08-29 15:31:31.998   546   580 W ActivityManager: Slow operation: 68ms so far, now at startProcess: returned from zygote!
08-29 15:31:32.000   546   580 W ActivityManager: Slow operation: 70ms so far, now at startProcess: done updating battery stats
08-29 15:31:32.001   546   580 W ActivityManager: Slow operation: 71ms so far, now at startProcess: building log message
08-29 15:31:32.001   546   580 I ActivityManager: Start proc 13848:com.google.android.packageinstaller/u0a71 for broadcast {com.google.android.packageinstaller/com.android.packageinstaller.PackageInstalledReceiver}
08-29 15:31:32.001   546   580 W ActivityManager: Slow operation: 71ms so far, now at startProcess: starting to update pids map
08-29 15:31:32.003   546   580 W ActivityManager: Slow operation: 73ms so far, now at startProcess: done updating pids map
08-29 15:31:32.006  5004 13825 W Role    : Cannot get ApplicationInfo for default holder: com.google.android.contacts
08-29 15:31:32.030 13848 13848 W ackageinstalle: Unexpected CPU variant for X86 using defaults: x86_64
08-29 15:31:32.049   898   898 D CarrierSvcBindHelper: No carrier app for: 0
08-29 15:31:32.050   898   898 D ImsResolver: maybeAddedImsService, packageName: com.companyname.mauiapp22
08-29 15:31:32.053 10172 10179 I adbd    : jdwp connection from 13848
08-29 15:31:32.064  8307 13832 I Auth    : [SupervisedAccountIntentOperation] onHandleIntent(): android.intent.action.PACKAGE_ADDED
08-29 15:31:32.081  5004 13825 W Role    : Cannot get ApplicationInfo for default holder: com.google.android.as
08-29 15:31:32.108   546  1405 D CompatibilityChangeReporter: Compat change id reported: 168419799; UID 10071; state: DISABLED
08-29 15:31:32.127   546   556 I system_server: Background concurrent copying GC freed 175821(8459KB) AllocSpace objects, 39(1960KB) LOS objects, 49% free, 19MB/39MB, paused 866us,115us total 579.467ms
08-29 15:31:32.148 13848 13848 D CompatibilityChangeReporter: Compat change id reported: 171979766; UID 10071; state: ENABLED
08-29 15:31:32.151  1105 13870 I FontLog : Package com.companyname.mauiapp22 has no metadata [CONTEXT service_id=132 ]
08-29 15:31:32.154  1105 13849 W GCM     : Unexpected forwarded intent: Intent { act=android.intent.action.PACKAGE_ADDED dat=package:com.companyname.mauiapp22 flg=0x4000010 pkg=com.google.android.gms cmp=com.google.android.gms/.chimera.PersistentIntentOperationService (has extras) }
08-29 15:31:32.158   546   578 W PackageManager: Failed registering loading progress callback. Package is fully loaded.
08-29 15:31:32.161  8307  8307 D BoundBrokerSvc: onBind: Intent { act=com.google.android.gms.common.BIND_SHARED_PREFS pkg=com.google.android.gms }
08-29 15:31:32.162  8307  8307 D BoundBrokerSvc: Loading bound service for intent: Intent { act=com.google.android.gms.common.BIND_SHARED_PREFS pkg=com.google.android.gms }
08-29 15:31:32.169  1105 13874 W GCM     : Unexpected forwarded intent: Intent { act=android.intent.action.PACKAGE_ADDED dat=package:com.companyname.mauiapp22 flg=0x4000010 pkg=com.google.android.gms cmp=com.google.android.gms/.chimera.PersistentIntentOperationService (has extras) }
08-29 15:31:32.205   546   560 D CompatibilityChangeReporter: Compat change id reported: 168419799; UID 10097; state: DISABLED
08-29 15:31:32.226   546   560 W ActivityManager: Slow operation: 54ms so far, now at attachApplicationLocked: after updateOomAdjLocked
08-29 15:31:32.235  5004 13825 W Role    : Cannot get ApplicationInfo for default holder: com.google.android.as
08-29 15:31:32.237  5004 13825 W Role    : Cannot get ApplicationInfo for default holder: com.google.android.as
08-29 15:31:32.265  8307 13832 W gle.android.gm: Long monitor contention with owner [com.google.android.gms.chimera.container.intentoperation.GmsIntentOperationChimeraService-Executor] operation loader (13828) at android.content.IContentProvider android.app.ActivityThread.acquireProvider(android.content.Context, java.lang.String, int, boolean)(ActivityThread.java:6987) waiters=1 in android.content.IContentProvider android.app.ActivityThread.acquireProvider(android.content.Context, java.lang.String, int, boolean) for 153ms
08-29 15:31:32.289 13831 13831 D CompatibilityChangeReporter: Compat change id reported: 171979766; UID 10097; state: DISABLED
08-29 15:31:32.292 13848 13848 V GraphicsEnvironment: ANGLE Developer option for 'com.google.android.packageinstaller' set to: 'default'
08-29 15:31:32.292 13848 13848 V GraphicsEnvironment: Neither updatable production driver nor prerelease driver is supported.
08-29 15:31:32.298 13848 13848 D NetworkSecurityConfig: No Network Security Config specified, using platform default
08-29 15:31:32.299 13848 13848 D NetworkSecurityConfig: No Network Security Config specified, using platform default
08-29 15:31:32.316  1105 13875 I Fitness : OnPackageChangedOperation got intent: Intent { act=android.intent.action.PACKAGE_CHANGED dat=package:com.companyname.mauiapp22 flg=0x5000010 pkg=com.google.android.gms cmp=com.google.android.gms/.chimera.PersistentIntentOperationService (has extras) } [CONTEXT service_id=17 ]
08-29 15:31:32.322  8307 13866 I PackageIntentOperation: Feature flags not enabled, skipping. [CONTEXT service_id=258 ]
08-29 15:31:32.331  8307  8307 D BoundBrokerSvc: onUnbind: Intent { act=com.google.android.gms.common.BIND_SHARED_PREFS pkg=com.google.android.gms }
08-29 15:31:32.338  1105 13869 I Fitness : FitCleanupIntentOperation received Intent android.intent.action.PACKAGE_CHANGED [CONTEXT service_id=17 ]
08-29 15:31:32.356   973  1569 D EGL_emulation: app_time_stats: avg=148671.94ms min=13.44ms max=2973049.25ms count=20
08-29 15:31:32.420  1105 13875 I Fitness : OnPackageChangedOperation got intent: Intent { act=android.intent.action.PACKAGE_CHANGED dat=package:com.companyname.mauiapp22 flg=0x5000010 pkg=com.google.android.gms cmp=com.google.android.gms/.chimera.PersistentIntentOperationService (has extras) } [CONTEXT service_id=17 ]
08-29 15:31:32.439 13831 13831 D nativeloader: classloader namespace configured for unbundled product apk. library_path=/product/priv-app/WellbeingPrebuilt/lib/x86_64:/product/lib64:/system/product/lib64
08-29 15:31:32.480  1105 13871 I Fitness : FitCleanupIntentOperation received Intent android.intent.action.PACKAGE_CHANGED [CONTEXT service_id=17 ]
08-29 15:31:32.564  8307 13882 I Dck     : doesDeviceHaveSupportedWirelessCapabilities: wccSysProp:0, wccMendel:1, deviceWccOverride:false [CONTEXT service_id=289 ]
08-29 15:31:32.565  8307 13882 I Dck     : isDckModuleEligible: isAtLeastR:true, hasWccSupport:false, downloadAllowed:false [CONTEXT service_id=289 ]
08-29 15:31:32.566  8307 13882 W Dck     : Dck module not eligible for asynchronous downloading [CONTEXT service_id=289 ]
08-29 15:31:32.617   546   824 D ActivityManager: sync unfroze 1343 com.google.process.gservices
08-29 15:31:32.620   546   628 I RoleService: Granting default roles...
08-29 15:31:32.625 13831 13831 V GraphicsEnvironment: ANGLE Developer option for 'com.google.android.apps.wellbeing' set to: 'default'
08-29 15:31:32.626 13831 13831 V GraphicsEnvironment: Neither updatable production driver nor prerelease driver is supported.
08-29 15:31:32.628 13831 13831 D NetworkSecurityConfig: No Network Security Config specified, using platform default
08-29 15:31:32.628 13831 13831 D NetworkSecurityConfig: No Network Security Config specified, using platform default
08-29 15:31:32.649 13831 13831 I MultiDex: VM with version 2.1.0 has multidex support
08-29 15:31:32.649 13831 13831 I MultiDex: install
08-29 15:31:32.649 13831 13831 I MultiDex: VM has multidex support, MultiDex support library is disabled.
08-29 15:31:32.679  5004 13825 W Role    : Cannot get ApplicationInfo for default holder: com.google.android.as
08-29 15:31:32.695  1105  1221 W ChimeraUtils: Module com.google.android.gms.nearby_en has empty metadata display_name_string_id
08-29 15:31:32.700  5004  5018 I ssioncontrolle: Background young concurrent copying GC freed 7605(563KB) AllocSpace objects, 0(0B) LOS objects, 48% free, 2180KB/4239KB, paused 432us,22us total 105.285ms
08-29 15:31:32.700  5004  5018 W ssioncontrolle: Reducing the number of considered missed Gc histogram windows from 294 to 100
08-29 15:31:32.750  1105  1221 W ChimeraUtils: Module com.google.android.gms.nearby_en has empty metadata display_name_string_id
08-29 15:31:32.760  1105  1221 W ChimeraUtils: Module com.google.android.gms.nearby_en has empty metadata display_name_string_id
08-29 15:31:32.790  8307  8316 W gle.android.gm: Reducing the number of considered missed Gc histogram windows from 105 to 100
08-29 15:31:32.816  8307  8426 I Icing   : IndexChimeraService.getServiceInterface callingPackage=com.google.android.gms componentName=AppsCorpus serviceId=36
08-29 15:31:32.837  8307  8307 D BoundBrokerSvc: onBind: Intent { act=com.google.android.gms.feedback.internal.IFeedbackService dat=chimera-action: cmp=com.google.android.gms/.chimera.GmsBoundBrokerService }
08-29 15:31:32.837  8307  8307 D BoundBrokerSvc: Loading bound service for intent: Intent { act=com.google.android.gms.feedback.internal.IFeedbackService dat=chimera-action: cmp=com.google.android.gms/.chimera.GmsBoundBrokerService }
08-29 15:31:32.852  1105  1214 W ChimeraUtils: Module com.google.android.gms.nearby_en has empty metadata display_name_string_id
08-29 15:31:32.861  8307  8357 W Icing   : No valid account for uploading user actions
08-29 15:31:32.871  1105  1214 W ChimeraUtils: Module com.google.android.gms.nearby_en has empty metadata display_name_string_id
08-29 15:31:32.880  1105  1214 W ChimeraUtils: Module com.google.android.gms.nearby_en has empty metadata display_name_string_id
08-29 15:31:32.900  8307  8357 I Icing   : Usage reports ok 2, Failed Usage reports 0, indexed 0, rejected 0
08-29 15:31:32.946  5004 13825 W Role    : Cannot get ApplicationInfo for default holder: com.google.android.as
08-29 15:31:32.957  1105  1221 W ChimeraUtils: Module com.google.android.gms.nearby_en has empty metadata display_name_string_id
08-29 15:31:32.970  8307  8425 I Icing   : IndexChimeraService.getServiceInterface callingPackage=com.google.android.gms componentName=null serviceId=30
08-29 15:31:32.972 13831 13903 W .apps.wellbein: Accessing hidden field Ljava/util/Collections$SynchronizedCollection;->mutex:Ljava/lang/Object; (max-target-o, reflection, denied)
08-29 15:31:32.973 13831 13903 W .apps.wellbein: Accessing hidden method Ljava/util/Collections$SynchronizedSet;-><init>(Ljava/util/Set;Ljava/lang/Object;)V (max-target-o, reflection, denied)
08-29 15:31:32.974 13831 13903 W .apps.wellbein: Accessing hidden method Ljava/util/Collections$SynchronizedCollection;-><init>(Ljava/util/Collection;Ljava/lang/Object;)V (max-target-o, reflection, denied)
08-29 15:31:32.974  1105  1221 W ChimeraUtils: Module com.google.android.gms.nearby_en has empty metadata display_name_string_id
08-29 15:31:32.976  8307  8357 I Icing   : Indexing com.google.android.gms-apps from com.google.android.gms
08-29 15:31:32.977  5004 13825 W Role    : Cannot get ApplicationInfo for default holder: com.google.android.as
08-29 15:31:32.983  1105  1221 W ChimeraUtils: Module com.google.android.gms.nearby_en has empty metadata display_name_string_id
08-29 15:31:32.996 13831 13831 I jsr     : SslGuard completed installation.
08-29 15:31:33.004  8307  8357 W Icing   : No valid account for uploading user actions
08-29 15:31:33.017  8307  8357 I Icing   : Usage reports ok 0, Failed Usage reports 0, indexed 0, rejected 0
08-29 15:31:33.026  5004 13825 W Role    : Cannot get ApplicationInfo for default holder: com.google.android.contacts
08-29 15:31:33.031  8307  8357 I Icing   : Indexing done com.google.android.gms-apps
08-29 15:31:33.037  8307  8357 I Icing   : Indexing com.google.android.gms-apps from com.google.android.gms
08-29 15:31:33.039  8307  8357 I Icing   : Indexing done com.google.android.gms-apps
08-29 15:31:33.048  5004 13825 W Role    : Cannot get ApplicationInfo for default holder: com.google.android.as
08-29 15:31:33.116  5004 13825 W Role    : Cannot get ApplicationInfo for default holder: com.google.android.as
08-29 15:31:33.118  5004 13825 W Role    : Cannot get ApplicationInfo for default holder: com.google.android.as
08-29 15:31:33.120 13831 13912 W DynamiteModule: Local module descriptor class for com.google.android.gms.googlecertificates not found.
08-29 15:31:33.145 13831 13912 D StrictMode: StrictMode policy violation: android.os.strictmode.CustomViolation: gcore.dynamite
08-29 15:31:33.145 13831 13912 D StrictMode: 	at android.os.StrictMode$AndroidBlockGuardPolicy.onCustomSlowCall(StrictMode.java:1626)
08-29 15:31:33.145 13831 13912 D StrictMode: 	at android.os.StrictMode.noteSlowCall(StrictMode.java:2694)
08-29 15:31:33.145 13831 13912 D StrictMode: 	at aaqi.a(:com.google.android.gms@225014047@22.50.14 (190800-499278674):0)
08-29 15:31:33.145 13831 13912 D StrictMode: 	at com.google.android.gms.chimera.container.GmsModuleChimeraProvider.query(:com.google.android.gms@225014047@22.50.14 (190800-499278674):10)
08-29 15:31:33.145 13831 13912 D StrictMode: 	at xpx.query(:com.google.android.gms@225014047@22.50.14 (190800-499278674):3)
08-29 15:31:33.145 13831 13912 D StrictMode: 	at android.content.ContentProvider.query(ContentProvider.java:1408)
08-29 15:31:33.145 13831 13912 D StrictMode: 	at gqw.superQuery(:com.google.android.gms@225014047@22.50.14 (190800-499278674):2)
08-29 15:31:33.145 13831 13912 D StrictMode: 	at com.google.android.chimera.ContentProvider.query(:com.google.android.gms@225014047@22.50.14 (190800-499278674):2)
08-29 15:31:33.145 13831 13912 D StrictMode: 	at xpx.query(:com.google.android.gms@225014047@22.50.14 (190800-499278674):8)
08-29 15:31:33.145 13831 13912 D StrictMode: 	at android.content.ContentProvider.query(ContentProvider.java:1504)
08-29 15:31:33.145 13831 13912 D StrictMode: 	at gqw.superQuery(:com.google.android.gms@225014047@22.50.14 (190800-499278674):1)
08-29 15:31:33.145 13831 13912 D StrictMode: 	at com.google.android.chimera.ContentProvider.query(:com.google.android.gms@225014047@22.50.14 (190800-499278674):1)
08-29 15:31:33.145 13831 13912 D StrictMode: 	at gqw.query(:com.google.android.gms@225014047@22.50.14 (190800-499278674):2)
08-29 15:31:33.145 13831 13912 D StrictMode: 	at android.content.ContentProvider$Transport.query(ContentProvider.java:272)
08-29 15:31:33.145 13831 13912 D StrictMode: 	at android.content.ContentProviderNative.onTransact(ContentProviderNative.java:107)
08-29 15:31:33.145 13831 13912 D StrictMode: 	at android.os.Binder.execTransactInternal(Binder.java:1179)
08-29 15:31:33.145 13831 13912 D StrictMode: 	at android.os.Binder.execTransact(Binder.java:1143)
08-29 15:31:33.145 13831 13912 D StrictMode: # via Binder call with stack:
08-29 15:31:33.145 13831 13912 D StrictMode: 	at android.os.StrictMode.readAndHandleBinderCallViolations(StrictMode.java:2497)
08-29 15:31:33.145 13831 13912 D StrictMode: 	at android.os.Parcel.readExceptionCode(Parcel.java:2371)
08-29 15:31:33.145 13831 13912 D StrictMode: 	at android.database.DatabaseUtils.readExceptionFromParcel(DatabaseUtils.java:139)
08-29 15:31:33.145 13831 13912 D StrictMode: 	at android.content.ContentProviderProxy.query(ContentProviderNative.java:481)
08-29 15:31:33.145 13831 13912 D StrictMode: 	at android.content.ContentResolver.query(ContentResolver.java:1219)
08-29 15:31:33.145 13831 13912 D StrictMode: 	at android.content.ContentResolver.query(ContentResolver.java:1151)
08-29 15:31:33.145 13831 13912 D StrictMode: 	at android.content.ContentResolver.query(ContentResolver.java:1107)
08-29 15:31:33.145 13831 13912 D StrictMode: 	at hzi.e(PG:10)
08-29 15:31:33.145 13831 13912 D StrictMode: 	at hzi.b(PG:10)
08-29 15:31:33.145 13831 13912 D StrictMode: 	at hza.b(PG:1)
08-29 15:31:33.145 13831 13912 D StrictMode: 	at hzb.a(PG:4)
08-29 15:31:33.145 13831 13912 D StrictMode: 	at hzi.c(PG:5)
08-29 15:31:33.145 13831 13912 D StrictMode: 	at hpm.f(PG:4)
08-29 15:31:33.145 13831 13912 D StrictMode: 	at hpm.b(PG:2)
08-29 15:31:33.145 13831 13912 D StrictMode: 	at hpu.b(PG:2)
08-29 15:31:33.145 13831 13912 D StrictMode: 	at boj.a(Unknown Source:11)
08-29 15:31:33.145 13831 13912 D StrictMode: 	at lsl.a(PG:2)
08-29 15:31:33.145 13831 13912 D StrictMode: 	at mjz.f(PG:2)
08-29 15:31:33.145 13831 13912 D StrictMode: 	at mka.run(PG:9)
08-29 15:31:33.145 13831 13912 D StrictMode: 	at ita.run(PG:5)
08-29 15:31:33.145 13831 13912 D StrictMode: 	at java.util.concurrent.ThreadPoolExecutor.runWorker(ThreadPoolExecutor.java:1167)
08-29 15:31:33.145 13831 13912 D StrictMode: 	at java.util.concurrent.ThreadPoolExecutor$Worker.run(ThreadPoolExecutor.java:641)
08-29 15:31:33.145 13831 13912 D StrictMode: 	at ism.run(Unknown Source:2)
08-29 15:31:33.145 13831 13912 D StrictMode: 	at ise.run(Unknown Source:2)
08-29 15:31:33.145 13831 13912 D StrictMode: 	at java.lang.Thread.run(Thread.java:920)
08-29 15:31:33.161 13831 13912 I DynamiteModule: Considering local module com.google.android.gms.googlecertificates:0 and remote module com.google.android.gms.googlecertificates:7
08-29 15:31:33.162 13831 13912 I DynamiteModule: Selected remote version of com.google.android.gms.googlecertificates, version >= 7
08-29 15:31:33.203 13831 13912 W .apps.wellbein: ClassLoaderContext type mismatch. expected=PCL, found=DLC (PCL[] | DLC[];PCL[/product/priv-app/WellbeingPrebuilt/WellbeingPrebuilt.apk*3473300342:/product/priv-app/WellbeingPrebuilt/WellbeingPrebuilt.apk!classes2.dex*763334795]{PCL[/system/framework/org.apache.http.legacy.jar*2058259660]})
08-29 15:31:33.281  5004 13825 W Role    : Cannot get ApplicationInfo for default holder: com.google.android.as
08-29 15:31:33.434  5004 13825 W Role    : Cannot get ApplicationInfo for default holder: com.google.android.as
08-29 15:31:33.444  5004 13825 W Role    : Cannot get ApplicationInfo for default holder: com.google.android.as
08-29 15:31:33.554 13831 13919 D CompatibilityChangeReporter: Compat change id reported: 160794467; UID 10097; state: DISABLED
08-29 15:31:33.555   546   824 I ActivityManager: Background started FGS: Allowed [callingPackage: com.google.android.apps.wellbeing; callingUid: 10097; uidState: BTOP; intent: Intent { cmp=com.google.android.apps.wellbeing/com.google.apps.tiktok.concurrent.InternalForegroundService (has extras) }; code:BACKGROUND_ACTIVITY_PERMISSION; tempAllowListReason:<null>; targetSdkVersion:30; callerTargetSdkVersion:30; startForegroundCount:0; bindFromPackage:null]
08-29 15:31:33.557   546   579 I DropBoxManagerService: add tag=system_server_wtf isTagEnabled=true flags=0x2
08-29 15:31:33.587   546   546 W NotificationHistory: Attempted to add notif for locked/gone/disabled user 0
08-29 15:31:33.595   546   546 D CompatibilityChangeReporter: Compat change id reported: 175319604; UID 10134; state: ENABLED
08-29 15:31:33.597   546   546 D CompatibilityChangeReporter: Compat change id reported: 175319604; UID 1000; state: ENABLED
08-29 15:31:33.599   546   546 D CompatibilityChangeReporter: Compat change id reported: 175319604; UID 10131; state: DISABLED
08-29 15:31:33.646   709   709 D InterruptionStateProvider: No bubble up: not allowed to bubble: 0|com.google.android.apps.wellbeing|174344743|null|10097
08-29 15:31:33.649   709   709 D InterruptionStateProvider: No heads up: unimportant notification: 0|com.google.android.apps.wellbeing|174344743|null|10097
08-29 15:31:33.651   709   858 D PeopleSpaceWidgetMgr: Sbn doesn't contain valid PeopleTileKey: null/0/com.google.android.apps.wellbeing
08-29 15:31:33.667   709   858 D PeopleSpaceWidgetMgr: Sbn doesn't contain valid PeopleTileKey: null/0/com.google.android.apps.wellbeing
08-29 15:31:35.562   546   579 W BroadcastQueue: Background execution not allowed: receiving Intent { act=android.intent.action.DROPBOX_ENTRY_ADDED flg=0x10 (has extras) } to com.google.android.gms/.stats.service.DropBoxEntryAddedReceiver
08-29 15:31:35.563   546   579 W BroadcastQueue: Background execution not allowed: receiving Intent { act=android.intent.action.DROPBOX_ENTRY_ADDED flg=0x10 (has extras) } to com.google.android.gms/.chimera.GmsIntentOperationService$PersistentTrustedReceiver
08-29 15:31:36.856 13954 13954 W run-as  : type=1400 audit(0.0:2185): avc: granted { execute } for name="xamarin.stat" dev="dm-5" ino=123966 scontext=u:r:runas_app:s0:c146,c256,c512,c768 tcontext=u:object_r:app_data_file:s0:c146,c256,c512,c768 tclass=file app=com.companyname.mauiapp22
08-29 15:31:36.856 13954 13954 W xamarin.stat: type=1400 audit(0.0:2186): avc: granted { execute } for path="/data/user/0/com.companyname.mauiapp22/files/.__tools__/xamarin.stat" dev="dm-5" ino=123966 scontext=u:r:runas_app:s0:c146,c256,c512,c768 tcontext=u:object_r:app_data_file:s0:c146,c256,c512,c768 tclass=file app=com.companyname.mauiapp22
08-29 15:31:37.056 13960 13960 W run-as  : type=1400 audit(0.0:2187): avc: granted { execute } for name="xamarin.find" dev="dm-5" ino=123960 scontext=u:r:runas_app:s0:c146,c256,c512,c768 tcontext=u:object_r:app_data_file:s0:c146,c256,c512,c768 tclass=file app=com.companyname.mauiapp22
08-29 15:31:37.056 13960 13960 W xamarin.find: type=1400 audit(0.0:2188): avc: granted { execute } for path="/data/user/0/com.companyname.mauiapp22/files/.__tools__/xamarin.find" dev="dm-5" ino=123960 scontext=u:r:runas_app:s0:c146,c256,c512,c768 tcontext=u:object_r:app_data_file:s0:c146,c256,c512,c768 tclass=file app=com.companyname.mauiapp22
08-29 15:31:37.184 13963 13963 W run-as  : type=1400 audit(0.0:2189): avc: granted { execute } for name="xamarin.sync" dev="dm-5" ino=123458 scontext=u:r:runas_app:s0:c146,c256,c512,c768 tcontext=u:object_r:app_data_file:s0:c146,c256,c512,c768 tclass=file app=com.companyname.mauiapp22
08-29 15:31:37.188 13963 13963 W xamarin.sync: type=1400 audit(0.0:2190): avc: granted { execute } for path="/data/user/0/com.companyname.mauiapp22/files/.__tools__/xamarin.sync" dev="dm-5" ino=123458 scontext=u:r:runas_app:s0:c146,c256,c512,c768 tcontext=u:object_r:app_data_file:s0:c146,c256,c512,c768 tclass=file app=com.companyname.mauiapp22
08-29 15:31:37.269     0     0 W audit   : audit_lost=1570 audit_rate_limit=5 audit_backlog_limit=64
08-29 15:31:37.270     0     0 E audit   : rate limit exceeded
08-29 15:31:37.868 13984 13984 W run-as  : type=1400 audit(0.0:2203): avc: granted { execute } for name="xamarin.sync" dev="dm-5" ino=123458 scontext=u:r:runas_app:s0:c146,c256,c512,c768 tcontext=u:object_r:app_data_file:s0:c146,c256,c512,c768 tclass=file app=com.companyname.mauiapp22
08-29 15:31:37.868 13984 13984 W xamarin.sync: type=1400 audit(0.0:2204): avc: granted { execute } for path="/data/user/0/com.companyname.mauiapp22/files/.__tools__/xamarin.sync" dev="dm-5" ino=123458 scontext=u:r:runas_app:s0:c146,c256,c512,c768 tcontext=u:object_r:app_data_file:s0:c146,c256,c512,c768 tclass=file app=com.companyname.mauiapp22
08-29 15:31:37.961   338 13988 D resolv  : GetAddrInfoHandler::run: {100 100 100 983140 10116 0}
08-29 15:31:37.961   338 13988 D resolv  : resolv_getaddrinfo: explore_fqdn(): ai_family=0 ai_socktype=1 ai_protocol=6
08-29 15:31:37.964   338 13989 D resolv  : doQuery: (1, 28)
08-29 15:31:37.964   338 13990 D resolv  : doQuery: (1, 1)
08-29 15:31:37.964   338 13990 D resolv  : res_nmkquery: (QUERY, IN, A)
08-29 15:31:37.964   338 13989 D resolv  : res_nmkquery: (QUERY, IN, AAAA)
08-29 15:31:37.964   338 13989 D resolv  : res_nsend
08-29 15:31:37.964   338 13990 D resolv  : res_nsend
08-29 15:31:37.965   338 13989 I resolv  : resolv_cache_lookup: lookup
08-29 15:31:37.965   338 13990 I resolv  : resolv_cache_lookup: lookup
08-29 15:31:37.965   338 13989 I resolv  : resolv_cache_lookup: FOUND IN CACHE entry=0x720eb0ef9bd0
08-29 15:31:37.965   338 13989 D resolv  : doQuery: rcode=0, ancount=4
08-29 15:31:37.965   338 13990 I resolv  : resolv_cache_lookup: NOT IN CACHE
08-29 15:31:37.966   338 13990 I resolv  : resolv_populate_res_for_net: netid=100
08-29 15:31:37.969   338 13990 I resolv  : res_stats_usable_server: NS stats: S 0 + E 0 + T 64 + I 0 = 64, rtt = -1, min_samples = 8
08-29 15:31:37.970   338 13990 I resolv  : res_stats_usable_server: success rate 0
08-29 15:31:37.970   338 13990 I resolv  : res_stats_usable_server: too many resolution errors, ignoring server
08-29 15:31:37.970   338 13990 D resolv  : res_nsend: Querying server (# 1) address = 10.0.2.3:53
08-29 15:31:37.971   338 13990 D resolv  : send_dg: new DG socket
08-29 15:31:37.972   338 13990 I resolv  : get_timeout: using timeout of 5000 msec
08-29 15:31:37.973   338 13990 I resolv  : retrying_poll: 66 retrying_poll
08-29 15:31:37.968 13987 13987 W run-as  : type=1400 audit(0.0:2205): avc: granted { execute } for name="xamarin.sync" dev="dm-5" ino=123458 scontext=u:r:runas_app:s0:c146,c256,c512,c768 tcontext=u:object_r:app_data_file:s0:c146,c256,c512,c768 tclass=file app=com.companyname.mauiapp22
08-29 15:31:37.968 13987 13987 W xamarin.sync: type=1400 audit(0.0:2206): avc: granted { execute } for path="/data/user/0/com.companyname.mauiapp22/files/.__tools__/xamarin.sync" dev="dm-5" ino=123458 scontext=u:r:runas_app:s0:c146,c256,c512,c768 tcontext=u:object_r:app_data_file:s0:c146,c256,c512,c768 tclass=file app=com.companyname.mauiapp22
08-29 15:31:38.068 13993 13993 W run-as  : type=1400 audit(0.0:2207): avc: granted { execute } for name="xamarin.sync" dev="dm-5" ino=123458 scontext=u:r:runas_app:s0:c146,c256,c512,c768 tcontext=u:object_r:app_data_file:s0:c146,c256,c512,c768 tclass=file app=com.companyname.mauiapp22
08-29 15:31:38.339     0     0 W audit   : audit_lost=1587 audit_rate_limit=5 audit_backlog_limit=64
08-29 15:31:38.340     0     0 E audit   : rate limit exceeded
08-29 15:31:38.881   546   588 W ProcessCpuTracker: Failed to stat(/proc/14015): android.system.ErrnoException: stat failed: ENOENT (No such file or directory)
08-29 15:31:38.882   546   588 W ProcessCpuTracker: Skipping unknown process pid 14015
08-29 15:31:38.882   546   588 W ProcessCpuTracker: Failed to stat(/proc/14017): android.system.ErrnoException: stat failed: ENOENT (No such file or directory)
08-29 15:31:38.883   546   588 W ProcessCpuTracker: Skipping unknown process pid 14017
08-29 15:31:38.896   546   824 D TelephonyManager: requestModemActivityInfo: Sending result to app: ModemActivityInfo{ mTimestamp=5400057 mSleepTimeMs=0 mIdleTimeMs=4837642 mTxTimeMs[]=[0, 0, 0, 0, 0] mRxTimeMs=0}
08-29 15:31:38.940 14020 14020 W run-as  : type=1400 audit(0.0:2225): avc: granted { execute } for name="xamarin.sync" dev="dm-5" ino=123458 scontext=u:r:runas_app:s0:c146,c256,c512,c768 tcontext=u:object_r:app_data_file:s0:c146,c256,c512,c768 tclass=file app=com.companyname.mauiapp22
08-29 15:31:38.940 14020 14020 W xamarin.sync: type=1400 audit(0.0:2226): avc: granted { execute } for path="/data/user/0/com.companyname.mauiapp22/files/.__tools__/xamarin.sync" dev="dm-5" ino=123458 scontext=u:r:runas_app:s0:c146,c256,c512,c768 tcontext=u:object_r:app_data_file:s0:c146,c256,c512,c768 tclass=file app=com.companyname.mauiapp22
08-29 15:31:39.056 14023 14023 W run-as  : type=1400 audit(0.0:2227): avc: granted { execute } for name="xamarin.sync" dev="dm-5" ino=123458 scontext=u:r:runas_app:s0:c146,c256,c512,c768 tcontext=u:object_r:app_data_file:s0:c146,c256,c512,c768 tclass=file app=com.companyname.mauiapp22
08-29 15:31:39.056 14023 14023 W xamarin.sync: type=1400 audit(0.0:2228): avc: granted { execute } for path="/data/user/0/com.companyname.mauiapp22/files/.__tools__/xamarin.sync" dev="dm-5" ino=123458 scontext=u:r:runas_app:s0:c146,c256,c512,c768 tcontext=u:object_r:app_data_file:s0:c146,c256,c512,c768 tclass=file app=com.companyname.mauiapp22
08-29 15:31:39.094   338   403 I netd    : trafficSwapActiveStatsMap() <53.63ms>
08-29 15:31:39.105   338   403 I netd    : tetherGetStats() -> {[]} <4.30ms>
08-29 15:31:39.160 14026 14026 W run-as  : type=1400 audit(0.0:2229): avc: granted { execute } for name="xamarin.sync" dev="dm-5" ino=123458 scontext=u:r:runas_app:s0:c146,c256,c512,c768 tcontext=u:object_r:app_data_file:s0:c146,c256,c512,c768 tclass=file app=com.companyname.mauiapp22
08-29 15:31:39.487     0     0 W audit   : audit_lost=1604 audit_rate_limit=5 audit_backlog_limit=64
08-29 15:31:39.488     0     0 E audit   : rate limit exceeded
08-29 15:31:39.972 14050 14050 W run-as  : type=1400 audit(0.0:2245): avc: granted { execute } for name="xamarin.sync" dev="dm-5" ino=123458 scontext=u:r:runas_app:s0:c146,c256,c512,c768 tcontext=u:object_r:app_data_file:s0:c146,c256,c512,c768 tclass=file app=com.companyname.mauiapp22
08-29 15:31:39.972 14050 14050 W xamarin.sync: type=1400 audit(0.0:2246): avc: granted { execute } for path="/data/user/0/com.companyname.mauiapp22/files/.__tools__/xamarin.sync" dev="dm-5" ino=123458 scontext=u:r:runas_app:s0:c146,c256,c512,c768 tcontext=u:object_r:app_data_file:s0:c146,c256,c512,c768 tclass=file app=com.companyname.mauiapp22
08-29 15:31:40.072 14055 14055 W run-as  : type=1400 audit(0.0:2247): avc: granted { execute } for name="xamarin.sync" dev="dm-5" ino=123458 scontext=u:r:runas_app:s0:c146,c256,c512,c768 tcontext=u:object_r:app_data_file:s0:c146,c256,c512,c768 tclass=file app=com.companyname.mauiapp22
08-29 15:31:40.076 14055 14055 W xamarin.sync: type=1400 audit(0.0:2248): avc: granted { execute } for path="/data/user/0/com.companyname.mauiapp22/files/.__tools__/xamarin.sync" dev="dm-5" ino=123458 scontext=u:r:runas_app:s0:c146,c256,c512,c768 tcontext=u:object_r:app_data_file:s0:c146,c256,c512,c768 tclass=file app=com.companyname.mauiapp22
08-29 15:31:40.176 14058 14058 W run-as  : type=1400 audit(0.0:2249): avc: granted { execute } for name="xamarin.sync" dev="dm-5" ino=123458 scontext=u:r:runas_app:s0:c146,c256,c512,c768 tcontext=u:object_r:app_data_file:s0:c146,c256,c512,c768 tclass=file app=com.companyname.mauiapp22
08-29 15:31:40.387   338 13723 D resolv  : send_vc: read failed: : Operation now in progress
08-29 15:31:40.388   338 13723 I resolv  : res_nsend: used send_vc 0 terrno: 115
08-29 15:31:40.388   338 13723 D resolv  : doQuery: rcode=0, ancount=16
08-29 15:31:40.527     0     0 W audit   : audit_lost=1621 audit_rate_limit=5 audit_backlog_limit=64
08-29 15:31:40.528     0     0 E audit   : rate limit exceeded
08-29 15:31:40.980 14085 14085 W run-as  : type=1400 audit(0.0:2267): avc: granted { execute } for name="xamarin.sync" dev="dm-5" ino=123458 scontext=u:r:runas_app:s0:c146,c256,c512,c768 tcontext=u:object_r:app_data_file:s0:c146,c256,c512,c768 tclass=file app=com.companyname.mauiapp22
08-29 15:31:40.980 14085 14085 W xamarin.sync: type=1400 audit(0.0:2268): avc: granted { execute } for path="/data/user/0/com.companyname.mauiapp22/files/.__tools__/xamarin.sync" dev="dm-5" ino=123458 scontext=u:r:runas_app:s0:c146,c256,c512,c768 tcontext=u:object_r:app_data_file:s0:c146,c256,c512,c768 tclass=file app=com.companyname.mauiapp22
08-29 15:31:41.084 14088 14088 W run-as  : type=1400 audit(0.0:2269): avc: granted { execute } for name="xamarin.sync" dev="dm-5" ino=123458 scontext=u:r:runas_app:s0:c146,c256,c512,c768 tcontext=u:object_r:app_data_file:s0:c146,c256,c512,c768 tclass=file app=com.companyname.mauiapp22
08-29 15:31:41.084 14088 14088 W xamarin.sync: type=1400 audit(0.0:2270): avc: granted { execute } for path="/data/user/0/com.companyname.mauiapp22/files/.__tools__/xamarin.sync" dev="dm-5" ino=123458 scontext=u:r:runas_app:s0:c146,c256,c512,c768 tcontext=u:object_r:app_data_file:s0:c146,c256,c512,c768 tclass=file app=com.companyname.mauiapp22
08-29 15:31:41.176 14091 14091 W run-as  : type=1400 audit(0.0:2271): avc: granted { execute } for name="xamarin.sync" dev="dm-5" ino=123458 scontext=u:r:runas_app:s0:c146,c256,c512,c768 tcontext=u:object_r:app_data_file:s0:c146,c256,c512,c768 tclass=file app=com.companyname.mauiapp22
08-29 15:31:41.602     0     0 W audit   : audit_lost=1640 audit_rate_limit=5 audit_backlog_limit=64
08-29 15:31:41.603     0     0 E audit   : rate limit exceeded
08-29 15:31:42.064 14121 14121 W run-as  : type=1400 audit(0.0:2291): avc: granted { execute } for name="xamarin.sync" dev="dm-5" ino=123458 scontext=u:r:runas_app:s0:c146,c256,c512,c768 tcontext=u:object_r:app_data_file:s0:c146,c256,c512,c768 tclass=file app=com.companyname.mauiapp22
08-29 15:31:42.064 14121 14121 W xamarin.sync: type=1400 audit(0.0:2292): avc: granted { execute } for path="/data/user/0/com.companyname.mauiapp22/files/.__tools__/xamarin.sync" dev="dm-5" ino=123458 scontext=u:r:runas_app:s0:c146,c256,c512,c768 tcontext=u:object_r:app_data_file:s0:c146,c256,c512,c768 tclass=file app=com.companyname.mauiapp22
08-29 15:31:42.160 14124 14124 W run-as  : type=1400 audit(0.0:2293): avc: granted { execute } for name="xamarin.sync" dev="dm-5" ino=123458 scontext=u:r:runas_app:s0:c146,c256,c512,c768 tcontext=u:object_r:app_data_file:s0:c146,c256,c512,c768 tclass=file app=com.companyname.mauiapp22
08-29 15:31:42.160 14124 14124 W xamarin.sync: type=1400 audit(0.0:2294): avc: granted { execute } for path="/data/user/0/com.companyname.mauiapp22/files/.__tools__/xamarin.sync" dev="dm-5" ino=123458 scontext=u:r:runas_app:s0:c146,c256,c512,c768 tcontext=u:object_r:app_data_file:s0:c146,c256,c512,c768 tclass=file app=com.companyname.mauiapp22
08-29 15:31:42.252 14127 14127 W run-as  : type=1400 audit(0.0:2295): avc: granted { execute } for name="xamarin.sync" dev="dm-5" ino=123458 scontext=u:r:runas_app:s0:c146,c256,c512,c768 tcontext=u:object_r:app_data_file:s0:c146,c256,c512,c768 tclass=file app=com.companyname.mauiapp22
08-29 15:31:42.687     0     0 W audit   : audit_lost=1659 audit_rate_limit=5 audit_backlog_limit=64
08-29 15:31:42.688     0     0 E audit   : rate limit exceeded
08-29 15:31:42.979   338 13990 I resolv  : retrying_poll: 66 retrying_poll timeout
08-29 15:31:42.979   338 13990 D resolv  : send_dg: 1
08-29 15:31:42.980   338 13990 I resolv  : res_nsend: used send_dg 0 terrno: 110
08-29 15:31:42.980   338 13990 I resolv  : res_stats_set_sample: rcode = 255, sec = 0
08-29 15:31:42.980   338 13990 I resolv  : res_cache_add_stats_sample_locked: adding sample to stats, next = 24, count = 64
08-29 15:31:42.980   338 13990 D resolv  : res_nsend: Querying server (# 1) address = 10.0.2.3:53
08-29 15:31:42.981   338 13990 I resolv  : get_timeout: using timeout of 5000 msec
08-29 15:31:42.982   338 13990 I resolv  : retrying_poll: 66 retrying_poll
08-29 15:31:43.017   338 13990 I resolv  : retrying_poll: 66 retrying_poll returning 1
08-29 15:31:43.017   338 13990 D resolv  : send_dg: truncated answer
08-29 15:31:43.017   338 13990 I resolv  : res_nsend: used send_dg 1 terrno: 7
08-29 15:31:43.018   338 13990 D resolv  : res_nsend: Querying server (# 1) address = 10.0.2.3:53
08-29 15:31:43.018   338 13990 I resolv  : send_vc: using send_vc
08-29 15:31:43.019   338 13990 I resolv  : get_timeout: using timeout of 5000 msec
08-29 15:31:43.020   338 13990 I resolv  : connect_with_timeout: 55 send_vc
08-29 15:31:43.021   338 13990 I resolv  : retrying_poll: 55 retrying_poll
08-29 15:31:43.057   338 13990 I resolv  : retrying_poll: 55 retrying_poll returning 1
08-29 15:31:43.058   338 13990 I resolv  : connect_with_timeout: 55 connect_with_const timeout returning 1
08-29 15:31:43.120 14154 14154 W run-as  : type=1400 audit(0.0:2313): avc: granted { execute } for name="xamarin.sync" dev="dm-5" ino=123458 scontext=u:r:runas_app:s0:c146,c256,c512,c768 tcontext=u:object_r:app_data_file:s0:c146,c256,c512,c768 tclass=file app=com.companyname.mauiapp22
08-29 15:31:43.120 14154 14154 W xamarin.sync: type=1400 audit(0.0:2314): avc: granted { execute } for path="/data/user/0/com.companyname.mauiapp22/files/.__tools__/xamarin.sync" dev="dm-5" ino=123458 scontext=u:r:runas_app:s0:c146,c256,c512,c768 tcontext=u:object_r:app_data_file:s0:c146,c256,c512,c768 tclass=file app=com.companyname.mauiapp22
08-29 15:31:43.212 14157 14157 W run-as  : type=1400 audit(0.0:2315): avc: granted { execute } for name="xamarin.sync" dev="dm-5" ino=123458 scontext=u:r:runas_app:s0:c146,c256,c512,c768 tcontext=u:object_r:app_data_file:s0:c146,c256,c512,c768 tclass=file app=com.companyname.mauiapp22
08-29 15:31:43.216 14157 14157 W xamarin.sync: type=1400 audit(0.0:2316): avc: granted { execute } for path="/data/user/0/com.companyname.mauiapp22/files/.__tools__/xamarin.sync" dev="dm-5" ino=123458 scontext=u:r:runas_app:s0:c146,c256,c512,c768 tcontext=u:object_r:app_data_file:s0:c146,c256,c512,c768 tclass=file app=com.companyname.mauiapp22
08-29 15:31:43.312 14160 14160 W run-as  : type=1400 audit(0.0:2317): avc: granted { execute } for name="xamarin.sync" dev="dm-5" ino=123458 scontext=u:r:runas_app:s0:c146,c256,c512,c768 tcontext=u:object_r:app_data_file:s0:c146,c256,c512,c768 tclass=file app=com.companyname.mauiapp22
08-29 15:31:43.725  1343  1374 W ocess.gservice: Reducing the number of considered missed Gc histogram windows from 295 to 100
08-29 15:31:43.730     0     0 W audit   : audit_lost=1674 audit_rate_limit=5 audit_backlog_limit=64
08-29 15:31:43.731     0     0 E audit   : rate limit exceeded
08-29 15:31:44.220 14188 14188 W run-as  : type=1400 audit(0.0:2335): avc: granted { execute } for name="xamarin.sync" dev="dm-5" ino=123458 scontext=u:r:runas_app:s0:c146,c256,c512,c768 tcontext=u:object_r:app_data_file:s0:c146,c256,c512,c768 tclass=file app=com.companyname.mauiapp22
08-29 15:31:44.220 14188 14188 W xamarin.sync: type=1400 audit(0.0:2336): avc: granted { execute } for path="/data/user/0/com.companyname.mauiapp22/files/.__tools__/xamarin.sync" dev="dm-5" ino=123458 scontext=u:r:runas_app:s0:c146,c256,c512,c768 tcontext=u:object_r:app_data_file:s0:c146,c256,c512,c768 tclass=file app=com.companyname.mauiapp22
08-29 15:31:44.328 14191 14191 W run-as  : type=1400 audit(0.0:2337): avc: granted { execute } for name="xamarin.sync" dev="dm-5" ino=123458 scontext=u:r:runas_app:s0:c146,c256,c512,c768 tcontext=u:object_r:app_data_file:s0:c146,c256,c512,c768 tclass=file app=com.companyname.mauiapp22
08-29 15:31:44.328 14191 14191 W xamarin.sync: type=1400 audit(0.0:2338): avc: granted { execute } for path="/data/user/0/com.companyname.mauiapp22/files/.__tools__/xamarin.sync" dev="dm-5" ino=123458 scontext=u:r:runas_app:s0:c146,c256,c512,c768 tcontext=u:object_r:app_data_file:s0:c146,c256,c512,c768 tclass=file app=com.companyname.mauiapp22
08-29 15:31:44.420 14194 14194 W run-as  : type=1400 audit(0.0:2339): avc: granted { execute } for name="xamarin.sync" dev="dm-5" ino=123458 scontext=u:r:runas_app:s0:c146,c256,c512,c768 tcontext=u:object_r:app_data_file:s0:c146,c256,c512,c768 tclass=file app=com.companyname.mauiapp22
08-29 15:31:44.797     0     0 W audit   : audit_lost=1691 audit_rate_limit=5 audit_backlog_limit=64
08-29 15:31:44.798     0     0 E audit   : rate limit exceeded
08-29 15:31:45.252 14221 14221 W run-as  : type=1400 audit(0.0:2357): avc: granted { execute } for name="xamarin.sync" dev="dm-5" ino=123458 scontext=u:r:runas_app:s0:c146,c256,c512,c768 tcontext=u:object_r:app_data_file:s0:c146,c256,c512,c768 tclass=file app=com.companyname.mauiapp22
08-29 15:31:45.256 14221 14221 W xamarin.sync: type=1400 audit(0.0:2358): avc: granted { execute } for path="/data/user/0/com.companyname.mauiapp22/files/.__tools__/xamarin.sync" dev="dm-5" ino=123458 scontext=u:r:runas_app:s0:c146,c256,c512,c768 tcontext=u:object_r:app_data_file:s0:c146,c256,c512,c768 tclass=file app=com.companyname.mauiapp22
08-29 15:31:45.348 14224 14224 W run-as  : type=1400 audit(0.0:2359): avc: granted { execute } for name="xamarin.sync" dev="dm-5" ino=123458 scontext=u:r:runas_app:s0:c146,c256,c512,c768 tcontext=u:object_r:app_data_file:s0:c146,c256,c512,c768 tclass=file app=com.companyname.mauiapp22
08-29 15:31:45.348 14224 14224 W xamarin.sync: type=1400 audit(0.0:2360): avc: granted { execute } for path="/data/user/0/com.companyname.mauiapp22/files/.__tools__/xamarin.sync" dev="dm-5" ino=123458 scontext=u:r:runas_app:s0:c146,c256,c512,c768 tcontext=u:object_r:app_data_file:s0:c146,c256,c512,c768 tclass=file app=com.companyname.mauiapp22
08-29 15:31:45.488 14227 14227 W run-as  : type=1400 audit(0.0:2361): avc: granted { execute } for name="xamarin.sync" dev="dm-5" ino=123458 scontext=u:r:runas_app:s0:c146,c256,c512,c768 tcontext=u:object_r:app_data_file:s0:c146,c256,c512,c768 tclass=file app=com.companyname.mauiapp22
08-29 15:31:45.940     0     0 W audit   : audit_lost=1706 audit_rate_limit=5 audit_backlog_limit=64
08-29 15:31:45.942     0     0 E audit   : rate limit exceeded
