08-29 15:32:19.296 15006 15006 W xamarin.sync: type=1400 audit(0.0:2880): avc: granted { execute } for path="/data/user/0/com.companyname.mauiapp22/files/.__tools__/xamarin.sync" dev="dm-5" ino=123458 scontext=u:r:runas_app:s0:c146,c256,c512,c768 tcontext=u:object_r:app_data_file:s0:c146,c256,c512,c768 tclass=file app=com.companyname.mauiapp22
08-29 15:32:19.378     0     0 W audit   : audit_lost=2081 audit_rate_limit=5 audit_backlog_limit=64
08-29 15:32:19.380     0     0 E audit   : rate limit exceeded
08-29 15:32:19.392 15009 15009 W run-as  : type=1400 audit(0.0:2881): avc: granted { execute } for name="xamarin.sync" dev="dm-5" ino=123458 scontext=u:r:runas_app:s0:c146,c256,c512,c768 tcontext=u:object_r:app_data_file:s0:c146,c256,c512,c768 tclass=file app=com.companyname.mauiapp22
08-29 15:32:20.260 15036 15036 W run-as  : type=1400 audit(0.0:2899): avc: granted { execute } for name="xamarin.sync" dev="dm-5" ino=123458 scontext=u:r:runas_app:s0:c146,c256,c512,c768 tcontext=u:object_r:app_data_file:s0:c146,c256,c512,c768 tclass=file app=com.companyname.mauiapp22
08-29 15:32:20.264 15036 15036 W xamarin.sync: type=1400 audit(0.0:2900): avc: granted { execute } for path="/data/user/0/com.companyname.mauiapp22/files/.__tools__/xamarin.sync" dev="dm-5" ino=123458 scontext=u:r:runas_app:s0:c146,c256,c512,c768 tcontext=u:object_r:app_data_file:s0:c146,c256,c512,c768 tclass=file app=com.companyname.mauiapp22
08-29 15:32:20.368 15039 15039 W run-as  : type=1400 audit(0.0:2901): avc: granted { execute } for name="xamarin.sync" dev="dm-5" ino=123458 scontext=u:r:runas_app:s0:c146,c256,c512,c768 tcontext=u:object_r:app_data_file:s0:c146,c256,c512,c768 tclass=file app=com.companyname.mauiapp22
08-29 15:32:20.368 15039 15039 W xamarin.sync: type=1400 audit(0.0:2902): avc: granted { execute } for path="/data/user/0/com.companyname.mauiapp22/files/.__tools__/xamarin.sync" dev="dm-5" ino=123458 scontext=u:r:runas_app:s0:c146,c256,c512,c768 tcontext=u:object_r:app_data_file:s0:c146,c256,c512,c768 tclass=file app=com.companyname.mauiapp22
08-29 15:32:20.512 15042 15042 W run-as  : type=1400 audit(0.0:2903): avc: granted { execute } for name="xamarin.sync" dev="dm-5" ino=123458 scontext=u:r:runas_app:s0:c146,c256,c512,c768 tcontext=u:object_r:app_data_file:s0:c146,c256,c512,c768 tclass=file app=com.companyname.mauiapp22
08-29 15:32:20.499     0     0 W audit   : audit_lost=2098 audit_rate_limit=5 audit_backlog_limit=64
08-29 15:32:20.507     0     0 E audit   : rate limit exceeded
08-29 15:32:21.332 15066 15066 W run-as  : type=1400 audit(0.0:2919): avc: granted { execute } for name="xamarin.sync" dev="dm-5" ino=123458 scontext=u:r:runas_app:s0:c146,c256,c512,c768 tcontext=u:object_r:app_data_file:s0:c146,c256,c512,c768 tclass=file app=com.companyname.mauiapp22
08-29 15:32:21.332 15066 15066 W xamarin.sync: type=1400 audit(0.0:2920): avc: granted { execute } for path="/data/user/0/com.companyname.mauiapp22/files/.__tools__/xamarin.sync" dev="dm-5" ino=123458 scontext=u:r:runas_app:s0:c146,c256,c512,c768 tcontext=u:object_r:app_data_file:s0:c146,c256,c512,c768 tclass=file app=com.companyname.mauiapp22
08-29 15:32:21.436 15069 15069 W run-as  : type=1400 audit(0.0:2921): avc: granted { execute } for name="xamarin.sync" dev="dm-5" ino=123458 scontext=u:r:runas_app:s0:c146,c256,c512,c768 tcontext=u:object_r:app_data_file:s0:c146,c256,c512,c768 tclass=file app=com.companyname.mauiapp22
08-29 15:32:21.440 15069 15069 W xamarin.sync: type=1400 audit(0.0:2922): avc: granted { execute } for path="/data/user/0/com.companyname.mauiapp22/files/.__tools__/xamarin.sync" dev="dm-5" ino=123458 scontext=u:r:runas_app:s0:c146,c256,c512,c768 tcontext=u:object_r:app_data_file:s0:c146,c256,c512,c768 tclass=file app=com.companyname.mauiapp22
08-29 15:32:21.568 15072 15072 W run-as  : type=1400 audit(0.0:2923): avc: granted { execute } for name="xamarin.sync" dev="dm-5" ino=123458 scontext=u:r:runas_app:s0:c146,c256,c512,c768 tcontext=u:object_r:app_data_file:s0:c146,c256,c512,c768 tclass=file app=com.companyname.mauiapp22
08-29 15:32:21.556     0     0 W audit   : audit_lost=2113 audit_rate_limit=5 audit_backlog_limit=64
08-29 15:32:21.562     0     0 E audit   : rate limit exceeded
08-29 15:32:22.232   338 15091 D resolv  : GetAddrInfoHandler::run: {100 786532 100 983140 10101 0}
08-29 15:32:22.232   338 15091 D resolv  : resolv_getaddrinfo: explore_fqdn(): ai_family=0 ai_socktype=1 ai_protocol=6
08-29 15:32:22.233   369   369 E android.hardware.power.stats@1.0-service-mock: Failed to getEnergyData
08-29 15:32:22.236   338 15092 D resolv  : doQuery: (1, 28)
08-29 15:32:22.236   338 15092 D resolv  : res_nmkquery: (QUERY, IN, AAAA)
08-29 15:32:22.236   338 15093 D resolv  : doQuery: (1, 1)
08-29 15:32:22.236   338 15092 D resolv  : res_nsend
08-29 15:32:22.236   338 15093 D resolv  : res_nmkquery: (QUERY, IN, A)
08-29 15:32:22.237   338 15092 I resolv  : resolv_cache_lookup: lookup
08-29 15:32:22.237   338 15093 D resolv  : res_nsend
08-29 15:32:22.237   338 15092 I resolv  : resolv_cache_lookup: NOT IN CACHE (STALE ENTRY 0x720eb0efb1b0DISCARDED)
08-29 15:32:22.237   338 15093 I resolv  : resolv_cache_lookup: lookup
08-29 15:32:22.237   338 15092 I resolv  : _cache_remove_p: entry 132 removed (count=35)
08-29 15:32:22.237   338 15092 I resolv  : resolv_populate_res_for_net: netid=100
08-29 15:32:22.237   338 15092 I resolv  : res_stats_usable_server: NS stats: S 0 + E 0 + T 64 + I 0 = 64, rtt = -1, min_samples = 8
08-29 15:32:22.238   338 15092 I resolv  : res_stats_usable_server: success rate 0
08-29 15:32:22.238   338 15092 I resolv  : res_stats_usable_server: too many resolution errors, ignoring server
08-29 15:32:22.238   338 15093 I resolv  : resolv_cache_lookup: NOT IN CACHE
08-29 15:32:22.239   338 15093 I resolv  : resolv_populate_res_for_net: netid=100
08-29 15:32:22.240   338 15092 D resolv  : res_nsend: Querying server (# 1) address = 10.0.2.3:53
08-29 15:32:22.242   338 15092 D resolv  : send_dg: new DG socket
08-29 15:32:22.243   338 15092 I resolv  : get_timeout: using timeout of 5000 msec
08-29 15:32:22.243   338 15092 I resolv  : retrying_poll: 57 retrying_poll
08-29 15:32:22.244   338 15093 I resolv  : res_stats_usable_server: NS stats: S 0 + E 0 + T 64 + I 0 = 64, rtt = -1, min_samples = 8
08-29 15:32:22.244   338 15093 I resolv  : res_stats_usable_server: success rate 0
08-29 15:32:22.244   338 15093 I resolv  : res_stats_usable_server: too many resolution errors, ignoring server
08-29 15:32:22.244   338 15093 D resolv  : res_nsend: Querying server (# 1) address = 10.0.2.3:53
08-29 15:32:22.245   338 15093 D resolv  : send_dg: new DG socket
08-29 15:32:22.245   338 15093 I resolv  : get_timeout: using timeout of 5000 msec
08-29 15:32:22.245   338 15093 I resolv  : retrying_poll: 58 retrying_poll
08-29 15:32:22.336 15096 15096 W run-as  : type=1400 audit(0.0:2937): avc: granted { execute } for name="xamarin.sync" dev="dm-5" ino=123458 scontext=u:r:runas_app:s0:c146,c256,c512,c768 tcontext=u:object_r:app_data_file:s0:c146,c256,c512,c768 tclass=file app=com.companyname.mauiapp22
08-29 15:32:22.336 15096 15096 W xamarin.sync: type=1400 audit(0.0:2938): avc: granted { execute } for path="/data/user/0/com.companyname.mauiapp22/files/.__tools__/xamarin.sync" dev="dm-5" ino=123458 scontext=u:r:runas_app:s0:c146,c256,c512,c768 tcontext=u:object_r:app_data_file:s0:c146,c256,c512,c768 tclass=file app=com.companyname.mauiapp22
08-29 15:32:22.448 15100 15100 W run-as  : type=1400 audit(0.0:2939): avc: granted { execute } for name="xamarin.sync" dev="dm-5" ino=123458 scontext=u:r:runas_app:s0:c146,c256,c512,c768 tcontext=u:object_r:app_data_file:s0:c146,c256,c512,c768 tclass=file app=com.companyname.mauiapp22
08-29 15:32:22.448 15100 15100 W xamarin.sync: type=1400 audit(0.0:2940): avc: granted { execute } for path="/data/user/0/com.companyname.mauiapp22/files/.__tools__/xamarin.sync" dev="dm-5" ino=123458 scontext=u:r:runas_app:s0:c146,c256,c512,c768 tcontext=u:object_r:app_data_file:s0:c146,c256,c512,c768 tclass=file app=com.companyname.mauiapp22
08-29 15:32:22.548 15103 15103 W run-as  : type=1400 audit(0.0:2941): avc: granted { execute } for name="xamarin.sync" dev="dm-5" ino=123458 scontext=u:r:runas_app:s0:c146,c256,c512,c768 tcontext=u:object_r:app_data_file:s0:c146,c256,c512,c768 tclass=file app=com.companyname.mauiapp22
08-29 15:32:22.630     0     0 W audit   : audit_lost=2127 audit_rate_limit=5 audit_backlog_limit=64
08-29 15:32:22.631     0     0 E audit   : rate limit exceeded
08-29 15:32:23.484 15124 15124 W run-as  : type=1400 audit(0.0:2955): avc: granted { execute } for name="xamarin.sync" dev="dm-5" ino=123458 scontext=u:r:runas_app:s0:c146,c256,c512,c768 tcontext=u:object_r:app_data_file:s0:c146,c256,c512,c768 tclass=file app=com.companyname.mauiapp22
08-29 15:32:23.484 15124 15124 W xamarin.sync: type=1400 audit(0.0:2956): avc: granted { execute } for path="/data/user/0/com.companyname.mauiapp22/files/.__tools__/xamarin.sync" dev="dm-5" ino=123458 scontext=u:r:runas_app:s0:c146,c256,c512,c768 tcontext=u:object_r:app_data_file:s0:c146,c256,c512,c768 tclass=file app=com.companyname.mauiapp22
08-29 15:32:24.243   546   824 I ActivityManager: Force stopping com.companyname.mauiapp22 appid=10146 user=0: from pid 15136
08-29 15:32:24.254   546   824 I ActivityManager: Killing 12866:com.google.android.youtube/u0a116 (adj 995): empty for 2357s
08-29 15:32:24.305   898   898 D CarrierSvcBindHelper: No carrier app for: 0
08-29 15:32:24.321   546   581 I libprocessgroup: Successfully killed process cgroup uid 10116 pid 12866 in 47ms
08-29 15:32:24.364   546   896 D ConnectivityService: ConnectivityService NetworkRequestInfo binderDied(uid/pid:10116/12866, android.os.BinderProxy@317c30b)
08-29 15:32:24.364   546   828 D ConnectivityService: ConnectivityService NetworkRequestInfo binderDied(uid/pid:10116/12866, android.os.BinderProxy@40d95e8)
08-29 15:32:24.365   546  3318 D ConnectivityService: ConnectivityService NetworkRequestInfo binderDied(uid/pid:10116/12866, android.os.BinderProxy@6e5b401)
08-29 15:32:24.366   546   659 D ConnectivityService: releasing NetworkRequest [ REQUEST id=257, [ Capabilities: INTERNET&NOT_RESTRICTED&TRUSTED&NOT_VCN_MANAGED Uid: 10116 RequestorUid: 10116 RequestorPkg: com.google.android.youtube] ] (release request)
08-29 15:32:24.368   546   659 D ConnectivityService: releasing NetworkRequest [ REQUEST id=259, [ Capabilities: INTERNET&NOT_RESTRICTED&TRUSTED&NOT_VCN_MANAGED Uid: 10116 RequestorUid: 10116 RequestorPkg: com.google.android.youtube] ] (release request)
08-29 15:32:24.371   339   339 I Zygote  : Process 12866 exited due to signal 9 (Killed)
08-29 15:32:24.533   546   824 I ActivityTaskManager: START u0 {act=android.intent.action.MAIN cat=[android.intent.category.LAUNCHER] flg=0x10000000 cmp=com.companyname.mauiapp22/crc64f619cd7931c8b026.MainActivity} from uid 0
08-29 15:32:24.548   546   824 W ActivityTaskManager: Can't find TaskDisplayArea to determine support for multi window. Task id=15 attached=false
08-29 15:32:24.555   546   824 D CompatibilityChangeReporter: Compat change id reported: 174042980; UID 10146; state: DISABLED
08-29 15:32:24.556   546   824 D CompatibilityChangeReporter: Compat change id reported: 184838306; UID 10146; state: DISABLED
08-29 15:32:24.558   546   824 D CompatibilityChangeReporter: Compat change id reported: 185004937; UID 10146; state: DISABLED
08-29 15:32:24.560   546   824 D CompatibilityChangeReporter: Compat change id reported: 181136395; UID 10146; state: DISABLED
08-29 15:32:24.561   546   824 D CompatibilityChangeReporter: Compat change id reported: 174042936; UID 10146; state: DISABLED
08-29 15:32:24.591   709   810 D PhoneStartingWindowTypeAlgorithm: preferredStartingWindowType newTask:true taskSwitch:true processRunning:false allowTaskSnapshot:true activityCreated:false useEmptySplashScreen:false legacySplashScreen:false topIsHome:false
08-29 15:32:24.592   709   810 D StartingSurfaceDrawer: addSplashScreen com.companyname.mauiapp22 theme=7f100138 task=15 suggestType=1
08-29 15:32:24.631   546   570 D CompatibilityChangeReporter: Compat change id reported: 135634846; UID 10146; state: DISABLED
08-29 15:32:24.637   546   580 D CompatibilityChangeReporter: Compat change id reported: 143937733; UID 10146; state: ENABLED
08-29 15:32:24.690   339   339 D Zygote  : Forked child process 15139
08-29 15:32:24.693   546   580 W ActivityManager: Slow operation: 65ms so far, now at startProcess: returned from zygote!
08-29 15:32:24.697   546   580 W ActivityManager: Slow operation: 69ms so far, now at startProcess: done updating battery stats
08-29 15:32:24.698   546   580 W ActivityManager: Slow operation: 70ms so far, now at startProcess: building log message
08-29 15:32:24.699   546   580 I ActivityManager: Start proc 15139:com.companyname.mauiapp22/u0a146 for pre-top-activity {com.companyname.mauiapp22/crc64f619cd7931c8b026.MainActivity}
08-29 15:32:24.700   546   580 W ActivityManager: Slow operation: 71ms so far, now at startProcess: starting to update pids map
08-29 15:32:24.701   546   580 W ActivityManager: Slow operation: 73ms so far, now at startProcess: done updating pids map
08-29 15:32:24.709   973  1569 D EGL_emulation: app_time_stats: avg=26175.95ms min=429.57ms max=51922.33ms count=2
08-29 15:32:24.720   709   811 D StartingSurfaceDrawer: window attributes color: ff512bd4 icon android.graphics.drawable.LayerDrawable@6deb7ba duration 0 brandImage null
08-29 15:32:24.760   709   811 D SplashScreenView: Build android.window.SplashScreenView{76f55c8 V.E...... ......ID 0,0-0,0}
08-29 15:32:24.760   709   811 D SplashScreenView: Icon: view: android.widget.ImageView{73aa661 V.ED..... ......I. 0,0-0,0 #10204a7 android:id/splashscreen_icon_view} drawable: com.android.wm.shell.startingsurface.SplashscreenIconDrawableFactory$ImmobileIconDrawable@2b09586 size: 528
08-29 15:32:24.760   709   811 D SplashScreenView: Branding: view: android.view.View{e62ae47 G.ED..... ......I. 0,0-0,0 #10204a6 android:id/splashscreen_branding_view} drawable: null size w: 0 h: 0
08-29 15:32:24.763   709   811 D StartingSurfaceDrawer: fillViewWithIcon surfaceWindowView android.window.SplashScreenView{76f55c8 V.E...... ......ID 0,0-0,0}
08-29 15:32:24.787  1360  1360 I GsaVoiceInteractionSrv: Handling ACTION_STOP_HOTWORD
08-29 15:32:24.793   355   355 D goldfish-address-space: claimShared: Ask to claim region [0x3f0000000 0x3f09a4000]
08-29 15:32:24.812  1360  1360 E HwDetectorWithState: a: 3
08-29 15:32:24.819   355   355 D goldfish-address-space: claimShared: Ask to claim region [0x3f0fd0000 0x3f1974000]
08-29 15:32:24.824   355   355 D goldfish-address-space: claimShared: Ask to claim region [0x3f1974000 0x3f2318000]
08-29 15:32:24.843 15139 15139 I yname.mauiapp2: Late-enabling -Xcheck:jni
08-29 15:32:24.985 15139 15139 W yname.mauiapp2: Unexpected CPU variant for X86 using defaults: x86_64
08-29 15:32:25.026 10172 10179 I adbd    : jdwp connection from 15139
08-29 15:32:25.125   338   403 I netd    : firewallSetUidRule(2, 10146, 1) <5.84ms>
08-29 15:32:25.175 15139 15139 D CompatibilityChangeReporter: Compat change id reported: 171979766; UID 10146; state: ENABLED
08-29 15:32:25.176   546   819 W ActivityManager: Unable to start service Intent { act=android.service.smartspace.SmartspaceService cmp=com.google.android.as/com.google.android.apps.miphone.aiai.app.AiAiSmartspaceService } U=0: not found
08-29 15:32:25.177   546   819 W RemoteSmartspaceService: could not bind to Intent { act=android.service.smartspace.SmartspaceService cmp=com.google.android.as/com.google.android.apps.miphone.aiai.app.AiAiSmartspaceService } using flags 67112961
08-29 15:32:25.178   546   546 W ActivityManager: Unbind failed: could not find connection for android.app.LoadedApk$ServiceDispatcher$InnerConnection@35ba2eb
08-29 15:32:25.194   709   816 D EGL_emulation: app_time_stats: avg=137529.48ms min=10.58ms max=3025308.75ms count=22
08-29 15:32:25.210  1604  1604 I A       : onApplyWindowInsets: systemWindowInsets=Insets{left=0, top=145, right=0, bottom=132}
08-29 15:32:25.216  1604  1604 I A       : onApplyWindowInsets: Adjusting for display cutouts. Safe insets: left=0, top=136, right=0, bottom=0
08-29 15:32:25.221  1604  1604 I A       : onApplyWindowInsets: systemWindowInsets=Insets{left=0, top=145, right=0, bottom=132}
08-29 15:32:25.740 15139 15139 V GraphicsEnvironment: ANGLE Developer option for 'com.companyname.mauiapp22' set to: 'default'
08-29 15:32:25.740 15139 15139 V GraphicsEnvironment: Neither updatable production driver nor prerelease driver is supported.
08-29 15:32:25.743 15139 15139 D NetworkSecurityConfig: No Network Security Config specified, using platform default
08-29 15:32:25.744 15139 15139 D NetworkSecurityConfig: No Network Security Config specified, using platform default
08-29 15:32:25.771 15139 15139 D debug-app-helper: Checking if libmonodroid was unpacked to /data/app/~~Ce8R9XOhIZpNNhOXFjTatw==/com.companyname.mauiapp22-A_oLzhNp4m9DIBTMbDdQbw==/lib/x86_64/libmonodroid.so
08-29 15:32:25.771 15139 15139 D debug-app-helper: Native libs extracted to /data/app/~~Ce8R9XOhIZpNNhOXFjTatw==/com.companyname.mauiapp22-A_oLzhNp4m9DIBTMbDdQbw==/lib/x86_64, assuming application/android:extractNativeLibs == true
08-29 15:32:25.772 15139 15139 I debug-app-helper: Setting up for DSO lookup in app data directories
08-29 15:32:25.772 15139 15139 D debug-app-helper: Added filesystem DSO lookup location: /data/app/~~Ce8R9XOhIZpNNhOXFjTatw==/com.companyname.mauiapp22-A_oLzhNp4m9DIBTMbDdQbw==/lib/x86_64
08-29 15:32:25.772 15139 15139 W debug-app-helper: Using runtime path: /data/app/~~Ce8R9XOhIZpNNhOXFjTatw==/com.companyname.mauiapp22-A_oLzhNp4m9DIBTMbDdQbw==/lib/x86_64
08-29 15:32:25.773 15139 15139 W debug-app-helper: checking directory: `/data/user/0/com.companyname.mauiapp22/files/.__override__/lib`
08-29 15:32:25.773 15139 15139 W debug-app-helper: directory does not exist: `/data/user/0/com.companyname.mauiapp22/files/.__override__/lib`
08-29 15:32:25.774 15139 15139 W debug-app-helper: Checking whether Mono runtime exists at: /data/user/0/com.companyname.mauiapp22/files/.__override__/libmonosgen-2.0.so
08-29 15:32:25.774 15139 15139 W debug-app-helper: Checking whether Mono runtime exists at: /data/app/~~Ce8R9XOhIZpNNhOXFjTatw==/com.companyname.mauiapp22-A_oLzhNp4m9DIBTMbDdQbw==/lib/x86_64/libmonosgen-2.0.so
08-29 15:32:25.775 15139 15139 I debug-app-helper: Mono runtime found at: /data/app/~~Ce8R9XOhIZpNNhOXFjTatw==/com.companyname.mauiapp22-A_oLzhNp4m9DIBTMbDdQbw==/lib/x86_64/libmonosgen-2.0.so
08-29 15:32:25.778 15139 15139 W yname.mauiapp2: Attempt to remove non-JNI local reference, dumping thread
08-29 15:32:25.794 15139 15139 I DOTNET  : JNI_OnLoad: JNI_OnLoad in pal_jni.c
08-29 15:32:25.797 15139 15139 D DOTNET  : GetOptionalClassGRef: optional class com/android/org/conscrypt/OpenSSLEngineImpl was not found
08-29 15:32:25.808 15139 15139 D monodroid-assembly: Checking if libmonodroid was unpacked to /data/app/~~Ce8R9XOhIZpNNhOXFjTatw==/com.companyname.mauiapp22-A_oLzhNp4m9DIBTMbDdQbw==/lib/x86_64/libmonodroid.so
08-29 15:32:25.808 15139 15139 D monodroid-assembly: Native libs extracted to /data/app/~~Ce8R9XOhIZpNNhOXFjTatw==/com.companyname.mauiapp22-A_oLzhNp4m9DIBTMbDdQbw==/lib/x86_64, assuming application/android:extractNativeLibs == true
08-29 15:32:25.808 15139 15139 I monodroid: Generated hash 0x49a5549a for package name com.companyname.mauiapp22
08-29 15:32:25.809 15139 15139 I monodroid: Mono AOT mode: interp
08-29 15:32:25.809 15139 15139 I monodroid: Setting environment variable 'DOTNET_MODIFIABLE_ASSEMBLIES' to 'Debug'
08-29 15:32:25.810 15139 15139 I monodroid: Setting environment variable 'MONO_GC_PARAMS' to 'major=marksweep-conc'
08-29 15:32:25.810 15139 15139 I monodroid: Setting environment variable 'MONO_LOG_LEVEL' to 'info'
08-29 15:32:25.810 15139 15139 I monodroid: Setting environment variable 'XAMARIN_BUILD_ID' to '56b1735a-60d6-4a5f-bf83-ac37724abd4d'
08-29 15:32:25.811 15139 15139 I monodroid: Setting environment variable 'XA_HTTP_CLIENT_HANDLER_TYPE' to 'Xamarin.Android.Net.AndroidMessageHandler'
08-29 15:32:25.811 15139 15139 I monodroid: Setting environment variable '__XA_PACKAGE_NAMING_POLICY__' to 'LowercaseCrc64'
08-29 15:32:25.812 15139 15139 I monodroid: Creating XDG directory: /data/user/0/com.companyname.mauiapp22/files/.local/share
08-29 15:32:25.815 15139 15139 I monodroid: Creating XDG directory: /data/user/0/com.companyname.mauiapp22/files/.config
08-29 15:32:25.816 15139 15139 I monodroid: Setting up for DSO lookup in app data directories
08-29 15:32:25.816 15139 15139 D monodroid-assembly: Added filesystem DSO lookup location: /data/app/~~Ce8R9XOhIZpNNhOXFjTatw==/com.companyname.mauiapp22-A_oLzhNp4m9DIBTMbDdQbw==/lib/x86_64
08-29 15:32:25.817 15139 15139 W monodroid: Creating public update directory: `/data/user/0/com.companyname.mauiapp22/files/.__override__`
08-29 15:32:25.819 15139 15139 W yname.mauiapp2: Attempt to remove non-JNI local reference, dumping thread
08-29 15:32:25.819 15139 15139 I monodroid: Using runtime path: /data/app/~~Ce8R9XOhIZpNNhOXFjTatw==/com.companyname.mauiapp22-A_oLzhNp4m9DIBTMbDdQbw==/lib/x86_64
08-29 15:32:25.820 15139 15139 I monodroid: Probing for Mono AOT mode
08-29 15:32:25.820 15139 15139 I monodroid: Enabling Mono Interpreter
08-29 15:32:25.821 15139 15139 I monodroid: Probing if we should use LLVM
08-29 15:32:25.822 15139 15139 W monodroid: runtime args empty
08-29 15:32:25.823 15139 15139 I monodroid-assembly: APK /data/app/~~Ce8R9XOhIZpNNhOXFjTatw==/com.companyname.mauiapp22-A_oLzhNp4m9DIBTMbDdQbw==/base.apk FD: 61
08-29 15:32:25.824 15139 15139 I monodroid-assembly: Central directory offset: 10432512
08-29 15:32:25.824 15139 15139 I monodroid-assembly: Central directory size: 90825
08-29 15:32:25.824 15139 15139 I monodroid-assembly: Central directory entries: 974
08-29 15:32:25.827 15139 15139 I monodroid-assembly: /data/app/~~Ce8R9XOhIZpNNhOXFjTatw==/com.companyname.mauiapp22-A_oLzhNp4m9DIBTMbDdQbw==/base.apk entry: AndroidManifest.xml
08-29 15:32:25.827 15139 15139 I monodroid-assembly:     ZIP: local header offset: 0; data offset: 49; file size: 8680
08-29 15:32:25.827 15139 15139 I monodroid-assembly: /data/app/~~Ce8R9XOhIZpNNhOXFjTatw==/com.companyname.mauiapp22-A_oLzhNp4m9DIBTMbDdQbw==/base.apk entry: res/anim/abc_fade_in.xml
08-29 15:32:25.828 15139 15139 I monodroid-assembly:     ZIP: local header offset: 2450; data offset: 2504; file size: 388
08-29 15:32:25.828 15139 15139 I monodroid-assembly: /data/app/~~Ce8R9XOhIZpNNhOXFjTatw==/com.companyname.mauiapp22-A_oLzhNp4m9DIBTMbDdQbw==/base.apk entry: res/anim/abc_fade_out.xml
08-29 15:32:25.828 15139 15139 I monodroid-assembly:     ZIP: local header offset: 2721; data offset: 2776; file size: 388
08-29 15:32:25.828 15139 15139 I monodroid-assembly: /data/app/~~Ce8R9XOhIZpNNhOXFjTatw==/com.companyname.mauiapp22-A_oLzhNp4m9DIBTMbDdQbw==/base.apk entry: res/anim/abc_grow_fade_in_from_bottom.xml
08-29 15:32:25.829 15139 15139 I monodroid-assembly:     ZIP: local header offset: 2994; data offset: 3065; file size: 852
08-29 15:32:25.829 15139 15139 I monodroid-assembly: /data/app/~~Ce8R9XOhIZpNNhOXFjTatw==/com.companyname.mauiapp22-A_oLzhNp4m9DIBTMbDdQbw==/base.apk entry: res/anim/abc_popup_enter.xml
08-29 15:32:25.829 15139 15139 I monodroid-assembly:     ZIP: local header offset: 3441; data offset: 3499; file size: 508
08-29 15:32:25.830 15139 15139 I monodroid-assembly: /data/app/~~Ce8R9XOhIZpNNhOXFjTatw==/com.companyname.mauiapp22-A_oLzhNp4m9DIBTMbDdQbw==/base.apk entry: res/anim/abc_popup_exit.xml
08-29 15:32:25.830 15139 15139 I monodroid-assembly:     ZIP: local header offset: 3757; data offset: 3814; file size: 508
08-29 15:32:25.830 15139 15139 I monodroid-assembly: /data/app/~~Ce8R9XOhIZpNNhOXFjTatw==/com.companyname.mauiapp22-A_oLzhNp4m9DIBTMbDdQbw==/base.apk entry: res/anim/abc_shrink_fade_out_from_bottom.xml
08-29 15:32:25.830 15139 15139 I monodroid-assembly:     ZIP: local header offset: 4074; data offset: 4148; file size: 852
08-29 15:32:25.831 15139 15139 I monodroid-assembly: /data/app/~~Ce8R9XOhIZpNNhOXFjTatw==/com.companyname.mauiapp22-A_oLzhNp4m9DIBTMbDdQbw==/base.apk entry: res/anim/abc_slide_in_bottom.xml
08-29 15:32:25.831 15139 15139 I monodroid-assembly:     ZIP: local header offset: 4525; data offset: 4587; file size: 396
08-29 15:32:25.831 15139 15139 I monodroid-assembly: /data/app/~~Ce8R9XOhIZpNNhOXFjTatw==/com.companyname.mauiapp22-A_oLzhNp4m9DIBTMbDdQbw==/base.apk entry: res/anim/abc_slide_in_top.xml
08-29 15:32:25.832 15139 15139 I monodroid-assembly:     ZIP: local header offset: 4815; data offset: 4874; file size: 396
08-29 15:32:25.832 15139 15139 I monodroid-assembly: /data/app/~~Ce8R9XOhIZpNNhOXFjTatw==/com.companyname.mauiapp22-A_oLzhNp4m9DIBTMbDdQbw==/base.apk entry: res/anim/abc_slide_out_bottom.xml
08-29 15:32:25.833 15139 15139 I monodroid-assembly:     ZIP: local header offset: 5103; data offset: 5166; file size: 396
08-29 15:32:25.833 15139 15139 I monodroid-assembly: /data/app/~~Ce8R9XOhIZpNNhOXFjTatw==/com.companyname.mauiapp22-A_oLzhNp4m9DIBTMbDdQbw==/base.apk entry: res/anim/abc_slide_out_top.xml
08-29 15:32:25.833 15139 15139 I monodroid-assembly:     ZIP: local header offset: 5393; data offset: 5453; file size: 396
08-29 15:32:25.834 15139 15139 I monodroid-assembly: /data/app/~~Ce8R9XOhIZpNNhOXFjTatw==/com.companyname.mauiapp22-A_oLzhNp4m9DIBTMbDdQbw==/base.apk entry: res/anim/abc_tooltip_enter.xml
08-29 15:32:25.834 15139 15139 I monodroid-assembly:     ZIP: local header offset: 5681; data offset: 5741; file size: 388
08-29 15:32:25.835 15139 15139 I monodroid-assembly: /data/app/~~Ce8R9XOhIZpNNhOXFjTatw==/com.companyname.mauiapp22-A_oLzhNp4m9DIBTMbDdQbw==/base.apk entry: res/anim/abc_tooltip_exit.xml
08-29 15:32:25.835 15139 15139 I monodroid-assembly:     ZIP: local header offset: 5958; data offset: 6017; file size: 388
08-29 15:32:25.835 15139 15139 I monodroid-assembly: /data/app/~~Ce8R9XOhIZpNNhOXFjTatw==/com.companyname.mauiapp22-A_oLzhNp4m9DIBTMbDdQbw==/base.apk entry: res/anim/btn_checkbox_to_checked_box_inner_merged_animation.xml
08-29 15:32:25.835 15139 15139 I monodroid-assembly:     ZIP: local header offset: 6234; data offset: 6327; file size: 2124
08-29 15:32:25.835 15139 15139 I monodroid-assembly: /data/app/~~Ce8R9XOhIZpNNhOXFjTatw==/com.companyname.mauiapp22-A_oLzhNp4m9DIBTMbDdQbw==/base.apk entry: res/anim/btn_checkbox_to_checked_box_outer_merged_animation.xml
08-29 15:32:25.836 15139 15139 I monodroid-assembly:     ZIP: local header offset: 6969; data offset: 7062; file size: 2780
08-29 15:32:25.836 15139 15139 I monodroid-assembly: /data/app/~~Ce8R9XOhIZpNNhOXFjTatw==/com.companyname.mauiapp22-A_oLzhNp4m9DIBTMbDdQbw==/base.apk entry: res/anim/btn_checkbox_to_checked_icon_null_animation.xml
08-29 15:32:25.836 15139 15139 I monodroid-assembly:     ZIP: local header offset: 7803; data offset: 7889; file size: 1196
08-29 15:32:25.836 15139 15139 I monodroid-assembly: /data/app/~~Ce8R9XOhIZpNNhOXFjTatw==/com.companyname.mauiapp22-A_oLzhNp4m9DIBTMbDdQbw==/base.apk entry: res/anim/btn_checkbox_to_unchecked_box_inner_merged_animation.xml
08-29 15:32:25.836 15139 15139 I monodroid-assembly:     ZIP: local header offset: 8285; data offset: 8380; file size: 2360
08-29 15:32:25.837 15139 15139 I monodroid-assembly: /data/app/~~Ce8R9XOhIZpNNhOXFjTatw==/com.companyname.mauiapp22-A_oLzhNp4m9DIBTMbDdQbw==/base.apk entry: res/anim/btn_checkbox_to_unchecked_check_path_merged_animation.xml
08-29 15:32:25.837 15139 15139 I monodroid-assembly:     ZIP: local header offset: 9038; data offset: 9134; file size: 2520
08-29 15:32:25.837 15139 15139 I monodroid-assembly: /data/app/~~Ce8R9XOhIZpNNhOXFjTatw==/com.companyname.mauiapp22-A_oLzhNp4m9DIBTMbDdQbw==/base.apk entry: res/anim/btn_checkbox_to_unchecked_icon_null_animation.xml
08-29 15:32:25.837 15139 15139 I monodroid-assembly:     ZIP: local header offset: 9865; data offset: 9953; file size: 1196
08-29 15:32:25.837 15139 15139 I monodroid-assembly: /data/app/~~Ce8R9XOhIZpNNhOXFjTatw==/com.companyname.mauiapp22-A_oLzhNp4m9DIBTMbDdQbw==/base.apk entry: res/anim/btn_radio_to_off_mtrl_dot_group_animation.xml
08-29 15:32:25.838 15139 15139 I monodroid-assembly:     ZIP: local header offset: 10349; data offset: 10433; file size: 1656
08-29 15:32:25.838 15139 15139 I monodroid-assembly: /data/app/~~Ce8R9XOhIZpNNhOXFjTatw==/com.companyname.mauiapp22-A_oLzhNp4m9DIBTMbDdQbw==/base.apk entry: res/anim/btn_radio_to_off_mtrl_ring_outer_animation.xml
08-29 15:32:25.838 15139 15139 I monodroid-assembly:     ZIP: local header offset: 10864; data offset: 10949; file size: 1656
08-29 15:32:25.839 15139 15139 I monodroid-assembly: /data/app/~~Ce8R9XOhIZpNNhOXFjTatw==/com.companyname.mauiapp22-A_oLzhNp4m9DIBTMbDdQbw==/base.apk entry: res/anim/btn_radio_to_off_mtrl_ring_outer_path_animation.xml
08-29 15:32:25.839 15139 15139 I monodroid-assembly:     ZIP: local header offset: 11382; data offset: 11472; file size: 1028
08-29 15:32:25.839 15139 15139 I monodroid-assembly: /data/app/~~Ce8R9XOhIZpNNhOXFjTatw==/com.companyname.mauiapp22-A_oLzhNp4m9DIBTMbDdQbw==/base.apk entry: res/anim/btn_radio_to_on_mtrl_dot_group_animation.xml
08-29 15:32:25.839 15139 15139 I monodroid-assembly:     ZIP: local header offset: 11845; data offset: 11928; file size: 1656
08-29 15:32:25.839 15139 15139 I monodroid-assembly: /data/app/~~Ce8R9XOhIZpNNhOXFjTatw==/com.companyname.mauiapp22-A_oLzhNp4m9DIBTMbDdQbw==/base.apk entry: res/anim/btn_radio_to_on_mtrl_ring_outer_animation.xml
08-29 15:32:25.839 15139 15139 I monodroid-assembly:     ZIP: local header offset: 12349; data offset: 12433; file size: 1656
08-29 15:32:25.840 15139 15139 I monodroid-assembly: /data/app/~~Ce8R9XOhIZpNNhOXFjTatw==/com.companyname.mauiapp22-A_oLzhNp4m9DIBTMbDdQbw==/base.apk entry: res/anim/btn_radio_to_on_mtrl_ring_outer_path_animation.xml
08-29 15:32:25.840 15139 15139 I monodroid-assembly:     ZIP: local header offset: 12862; data offset: 12951; file size: 1028
08-29 15:32:25.840 15139 15139 I monodroid-assembly: /data/app/~~Ce8R9XOhIZpNNhOXFjTatw==/com.companyname.mauiapp22-A_oLzhNp4m9DIBTMbDdQbw==/base.apk entry: res/anim-v21/design_bottom_sheet_slide_in.xml
08-29 15:32:25.840 15139 15139 I monodroid-assembly:     ZIP: local header offset: 13331; data offset: 13406; file size: 616
08-29 15:32:25.841 15139 15139 I monodroid-assembly: /data/app/~~Ce8R9XOhIZpNNhOXFjTatw==/com.companyname.mauiapp22-A_oLzhNp4m9DIBTMbDdQbw==/base.apk entry: res/anim-v21/design_bottom_sheet_slide_out.xml
08-29 15:32:25.841 15139 15139 I monodroid-assembly:     ZIP: local header offset: 13705; data offset: 13781; file size: 616
08-29 15:32:25.841 15139 15139 I monodroid-assembly: /data/app/~~Ce8R9XOhIZpNNhOXFjTatw==/com.companyname.mauiapp22-A_oLzhNp4m9DIBTMbDdQbw==/base.apk entry: res/anim/design_snackbar_in.xml
08-29 15:32:25.842 15139 15139 I monodroid-assembly:     ZIP: local header offset: 14079; data offset: 14140; file size: 312
08-29 15:32:25.843 15139 15139 I monodroid-assembly: /data/app/~~Ce8R9XOhIZpNNhOXFjTatw==/com.companyname.mauiapp22-A_oLzhNp4m9DIBTMbDdQbw==/base.apk entry: res/anim/design_snackbar_out.xml
08-29 15:32:25.843 15139 15139 I monodroid-assembly:     ZIP: local header offset: 14321; data offset: 14383; file size: 312
08-29 15:32:25.843 15139 15139 I monodroid-assembly: /data/app/~~Ce8R9XOhIZpNNhOXFjTatw==/com.companyname.mauiapp22-A_oLzhNp4m9DIBTMbDdQbw==/base.apk entry: res/anim/enterfromleft.xml
08-29 15:32:25.844 15139 15139 I monodroid-assembly:     ZIP: local header offset: 14561; data offset: 14617; file size: 640
08-29 15:32:25.844 15139 15139 I monodroid-assembly: /data/app/~~Ce8R9XOhIZpNNhOXFjTatw==/com.companyname.mauiapp22-A_oLzhNp4m9DIBTMbDdQbw==/base.apk entry: res/anim/enterfromright.xml
08-29 15:32:25.844 15139 15139 I monodroid-assembly:     ZIP: local header offset: 14919; data offset: 14976; file size: 468
08-29 15:32:25.845 15139 15139 I monodroid-assembly: /data/app/~~Ce8R9XOhIZpNNhOXFjTatw==/com.companyname.mauiapp22-A_oLzhNp4m9DIBTMbDdQbw==/base.apk entry: res/anim/exittoleft.xml
08-29 15:32:25.845 15139 15139 I monodroid-assembly:     ZIP: local header offset: 15219; data offset: 15272; file size: 640
08-29 15:32:25.845 15139 15139 I monodroid-assembly: /data/app/~~Ce8R9XOhIZpNNhOXFjTatw==/com.companyname.mauiapp22-A_oLzhNp4m9DIBTMbDdQbw==/base.apk entry: res/anim/exittoright.xml
08-29 15:32:25.846 15139 15139 I monodroid-assembly:     ZIP: local header offset: 15573; data offset: 15627; file size: 468
08-29 15:32:25.847 15139 15139 I monodroid-assembly: /data/app/~~Ce8R9XOhIZpNNhOXFjTatw==/com.companyname.mauiapp22-A_oLzhNp4m9DIBTMbDdQbw==/base.apk entry: res/anim-v21/fragment_fast_out_extra_slow_in.xml
08-29 15:32:25.847 15139 15139 I monodroid-assembly:     ZIP: local header offset: 15870; data offset: 15948; file size: 364
08-29 15:32:25.847 15139 15139 I monodroid-assembly: /data/app/~~Ce8R9XOhIZpNNhOXFjTatw==/com.companyname.mauiapp22-A_oLzhNp4m9DIBTMbDdQbw==/base.apk entry: res/anim/linear_indeterminate_line1_head_interpolator.xml
08-29 15:32:25.847 15139 15139 I monodroid-assembly:     ZIP: local header offset: 16166; data offset: 16253; file size: 400
08-29 15:32:25.848 15139 15139 I monodroid-assembly: /data/app/~~Ce8R9XOhIZpNNhOXFjTatw==/com.companyname.mauiapp22-A_oLzhNp4m9DIBTMbDdQbw==/base.apk entry: res/anim/linear_indeterminate_line1_tail_interpolator.xml
08-29 15:32:25.848 15139 15139 I monodroid-assembly:     ZIP: local header offset: 16467; data offset: 16554; file size: 400
08-29 15:32:25.848 15139 15139 I monodroid-assembly: /data/app/~~Ce8R9XOhIZpNNhOXFjTatw==/com.companyname.mauiapp22-A_oLzhNp4m9DIBTMbDdQbw==/base.apk entry: res/anim/linear_indeterminate_line2_head_interpolator.xml
08-29 15:32:25.849 15139 15139 I monodroid-assembly:     ZIP: local header offset: 16765; data offset: 16852; file size: 400
08-29 15:32:25.849 15139 15139 I monodroid-assembly: /data/app/~~Ce8R9XOhIZpNNhOXFjTatw==/com.companyname.mauiapp22-A_oLzhNp4m9DIBTMbDdQbw==/base.apk entry: res/anim/linear_indeterminate_line2_tail_interpolator.xml
08-29 15:32:25.849 15139 15139 I monodroid-assembly:     ZIP: local header offset: 17059; data offset: 17146; file size: 400
08-29 15:32:25.849 15139 15139 I monodroid-assembly: /data/app/~~Ce8R9XOhIZpNNhOXFjTatw==/com.companyname.mauiapp22-A_oLzhNp4m9DIBTMbDdQbw==/base.apk entry: res/anim-v21/m3_bottom_sheet_slide_in.xml
08-29 15:32:25.849 15139 15139 I monodroid-assembly:     ZIP: local header offset: 17362; data offset: 17433; file size: 616
08-29 15:32:25.850 15139 15139 I monodroid-assembly: /data/app/~~Ce8R9XOhIZpNNhOXFjTatw==/com.companyname.mauiapp22-A_oLzhNp4m9DIBTMbDdQbw==/base.apk entry: res/anim-v21/m3_bottom_sheet_slide_out.xml
08-29 15:32:25.850 15139 15139 I monodroid-assembly:     ZIP: local header offset: 17732; data offset: 17804; file size: 656
08-29 15:32:25.851 15139 15139 I monodroid-assembly: /data/app/~~Ce8R9XOhIZpNNhOXFjTatw==/com.companyname.mauiapp22-A_oLzhNp4m9DIBTMbDdQbw==/base.apk entry: res/anim/m3_motion_fade_enter.xml
08-29 15:32:25.851 15139 15139 I monodroid-assembly:     ZIP: local header offset: 18110; data offset: 18173; file size: 812
08-29 15:32:25.851 15139 15139 I monodroid-assembly: /data/app/~~Ce8R9XOhIZpNNhOXFjTatw==/com.companyname.mauiapp22-A_oLzhNp4m9DIBTMbDdQbw==/base.apk entry: res/anim/m3_motion_fade_exit.xml
08-29 15:32:25.851 15139 15139 I monodroid-assembly:     ZIP: local header offset: 18545; data offset: 18607; file size: 508
08-29 15:32:25.851 15139 15139 I monodroid-assembly: /data/app/~~Ce8R9XOhIZpNNhOXFjTatw==/com.companyname.mauiapp22-A_oLzhNp4m9DIBTMbDdQbw==/base.apk entry: res/anim-v21/m3_side_sheet_slide_in.xml
08-29 15:32:25.852 15139 15139 I monodroid-assembly:     ZIP: local header offset: 18868; data offset: 18937; file size: 616
08-29 15:32:25.852 15139 15139 I monodroid-assembly: /data/app/~~Ce8R9XOhIZpNNhOXFjTatw==/com.companyname.mauiapp22-A_oLzhNp4m9DIBTMbDdQbw==/base.apk entry: res/anim-v21/m3_side_sheet_slide_out.xml
08-29 15:32:25.852 15139 15139 I monodroid-assembly:     ZIP: local header offset: 19237; data offset: 19307; file size: 616
08-29 15:32:25.852 15139 15139 I monodroid-assembly: /data/app/~~Ce8R9XOhIZpNNhOXFjTatw==/com.companyname.mauiapp22-A_oLzhNp4m9DIBTMbDdQbw==/base.apk entry: res/anim-v21/mtrl_bottom_sheet_slide_in.xml
08-29 15:32:25.853 15139 15139 I monodroid-assembly:     ZIP: local header offset: 19602; data offset: 19675; file size: 616
08-29 15:32:25.853 15139 15139 I monodroid-assembly: /data/app/~~Ce8R9XOhIZpNNhOXFjTatw==/com.companyname.mauiapp22-A_oLzhNp4m9DIBTMbDdQbw==/base.apk entry: res/anim-v21/mtrl_bottom_sheet_slide_out.xml
08-29 15:32:25.853 15139 15139 I monodroid-assembly:     ZIP: local header offset: 19974; data offset: 20048; file size: 616
08-29 15:32:25.853 15139 15139 I monodroid-assembly: /data/app/~~Ce8R9XOhIZpNNhOXFjTatw==/com.companyname.mauiapp22-A_oLzhNp4m9DIBTMbDdQbw==/base.apk entry: res/anim/mtrl_card_lowers_interpolator.xml
08-29 15:32:25.853 15139 15139 I monodroid-assembly:     ZIP: local header offset: 20344; data offset: 20416; file size: 400
08-29 15:32:25.854 15139 15139 I monodroid-assembly: /data/app/~~Ce8R9XOhIZpNNhOXFjTatw==/com.companyname.mauiapp22-A_oLzhNp4m9DIBTMbDdQbw==/base.apk entry: res/anim/nav_default_enter_anim.xml
08-29 15:32:25.854 15139 15139 I monodroid-assembly:     ZIP: local header offset: 20632; data offset: 20697; file size: 388
08-29 15:32:25.854 15139 15139 I monodroid-assembly: /data/app/~~Ce8R9XOhIZpNNhOXFjTatw==/com.companyname.mauiapp22-A_oLzhNp4m9DIBTMbDdQbw==/base.apk entry: res/anim/nav_default_exit_anim.xml
08-29 15:32:25.855 15139 15139 I monodroid-assembly:     ZIP: local header offset: 20915; data offset: 20979; file size: 388
08-29 15:32:25.855 15139 15139 I monodroid-assembly: /data/app/~~Ce8R9XOhIZpNNhOXFjTatw==/com.companyname.mauiapp22-A_oLzhNp4m9DIBTMbDdQbw==/base.apk entry: res/anim/nav_default_pop_enter_anim.xml
08-29 15:32:25.855 15139 15139 I monodroid-assembly:     ZIP: local header offset: 21197; data offset: 21266; file size: 388
08-29 15:32:25.856 15139 15139 I monodroid-assembly: /data/app/~~Ce8R9XOhIZpNNhOXFjTatw==/com.companyname.mauiapp22-A_oLzhNp4m9DIBTMbDdQbw==/base.apk entry: res/anim/nav_default_pop_exit_anim.xml
08-29 15:32:25.856 15139 15139 I monodroid-assembly:     ZIP: local header offset: 21484; data offset: 21552; file size: 388
08-29 15:32:25.857 15139 15139 I monodroid-assembly: /data/app/~~Ce8R9XOhIZpNNhOXFjTatw==/com.companyname.mauiapp22-A_oLzhNp4m9DIBTMbDdQbw==/base.apk entry: res/animator-v21/design_appbar_state_list_animator.xml
08-29 15:32:25.857 15139 15139 I monodroid-assembly:     ZIP: local header offset: 21770; data offset: 21854; file size: 1216
08-29 15:32:25.857 15139 15139 I monodroid-assembly: /data/app/~~Ce8R9XOhIZpNNhOXFjTatw==/com.companyname.mauiapp22-A_oLzhNp4m9DIBTMbDdQbw==/base.apk entry: res/animator/design_fab_hide_motion_spec.xml
08-29 15:32:25.857 15139 15139 I monodroid-assembly:     ZIP: local header offset: 22295; data offset: 22369; file size: 796
08-29 15:32:25.858 15139 15139 I monodroid-assembly: /data/app/~~Ce8R9XOhIZpNNhOXFjTatw==/com.companyname.mauiapp22-A_oLzhNp4m9DIBTMbDdQbw==/base.apk entry: res/animator/design_fab_show_motion_spec.xml
08-29 15:32:25.858 15139 15139 I monodroid-assembly:     ZIP: local header offset: 22698; data offset: 22772; file size: 796
08-29 15:32:25.858 15139 15139 I monodroid-assembly: /data/app/~~Ce8R9XOhIZpNNhOXFjTatw==/com.companyname.mauiapp22-A_oLzhNp4m9DIBTMbDdQbw==/base.apk entry: res/animator/fragment_close_enter.xml
08-29 15:32:25.859 15139 15139 I monodroid-assembly:     ZIP: local header offset: 23099; data offset: 23166; file size: 1128
08-29 15:32:25.859 15139 15139 I monodroid-assembly: /data/app/~~Ce8R9XOhIZpNNhOXFjTatw==/com.companyname.mauiapp22-A_oLzhNp4m9DIBTMbDdQbw==/base.apk entry: res/animator/fragment_close_exit.xml
08-29 15:32:25.859 15139 15139 I monodroid-assembly:     ZIP: local header offset: 23561; data offset: 23627; file size: 1128
08-29 15:32:25.860 15139 15139 I monodroid-assembly: /data/app/~~Ce8R9XOhIZpNNhOXFjTatw==/com.companyname.mauiapp22-A_oLzhNp4m9DIBTMbDdQbw==/base.apk entry: res/animator/fragment_fade_enter.xml
08-29 15:32:25.860 15139 15139 I monodroid-assembly:     ZIP: local header offset: 24021; data offset: 24087; file size: 452
08-29 15:32:25.860 15139 15139 I monodroid-assembly: /data/app/~~Ce8R9XOhIZpNNhOXFjTatw==/com.companyname.mauiapp22-A_oLzhNp4m9DIBTMbDdQbw==/base.apk entry: res/animator/fragment_fade_exit.xml
08-29 15:32:25.861 15139 15139 I monodroid-assembly:     ZIP: local header offset: 24352; data offset: 24417; file size: 452
08-29 15:32:25.861 15139 15139 I monodroid-assembly: /data/app/~~Ce8R9XOhIZpNNhOXFjTatw==/com.companyname.mauiapp22-A_oLzhNp4m9DIBTMbDdQbw==/base.apk entry: res/animator/fragment_open_enter.xml
08-29 15:32:25.862 15139 15139 I monodroid-assembly:     ZIP: local header offset: 24682; data offset: 24748; file size: 1128
08-29 15:32:25.862 15139 15139 I monodroid-assembly: /data/app/~~Ce8R9XOhIZpNNhOXFjTatw==/com.companyname.mauiapp22-A_oLzhNp4m9DIBTMbDdQbw==/base.apk entry: res/animator/fragment_open_exit.xml
08-29 15:32:25.862 15139 15139 I monodroid-assembly:     ZIP: local header offset: 25137; data offset: 25202; file size: 1128
08-29 15:32:25.862 15139 15139 I monodroid-assembly: /data/app/~~Ce8R9XOhIZpNNhOXFjTatw==/com.companyname.mauiapp22-A_oLzhNp4m9DIBTMbDdQbw==/base.apk entry: res/animator-v21/m3_appbar_state_list_animator.xml
08-29 15:32:25.863 15139 15139 I monodroid-assembly:     ZIP: local header offset: 25594; data offset: 25674; file size: 1216
08-29 15:32:25.864 15139 15139 I monodroid-assembly: /data/app/~~Ce8R9XOhIZpNNhOXFjTatw==/com.companyname.mauiapp22-A_oLzhNp4m9DIBTMbDdQbw==/base.apk entry: res/animator/m3_btn_elevated_btn_state_list_anim.xml
08-29 15:32:25.865 15139 15139 I monodroid-assembly:     ZIP: local header offset: 26114; data offset: 26196; file size: 1796
08-29 15:32:25.865 15139 15139 I monodroid-assembly: /data/app/~~Ce8R9XOhIZpNNhOXFjTatw==/com.companyname.mauiapp22-A_oLzhNp4m9DIBTMbDdQbw==/base.apk entry: res/animator/m3_btn_state_list_anim.xml
08-29 15:32:25.865 15139 15139 I monodroid-assembly:     ZIP: local header offset: 26712; data offset: 26781; file size: 1796
08-29 15:32:25.865 15139 15139 I monodroid-assembly: /data/app/~~Ce8R9XOhIZpNNhOXFjTatw==/com.companyname.mauiapp22-A_oLzhNp4m9DIBTMbDdQbw==/base.apk entry: res/animator/m3_card_elevated_state_list_anim.xml
08-29 15:32:25.866 15139 15139 I monodroid-assembly:     ZIP: local header offset: 27298; data offset: 27377; file size: 1632
08-29 15:32:25.866 15139 15139 I monodroid-assembly: /data/app/~~Ce8R9XOhIZpNNhOXFjTatw==/com.companyname.mauiapp22-A_oLzhNp4m9DIBTMbDdQbw==/base.apk entry: res/animator/m3_card_state_list_anim.xml
08-29 15:32:25.867 15139 15139 I monodroid-assembly:     ZIP: local header offset: 27911; data offset: 27981; file size: 1584
08-29 15:32:25.867 15139 15139 I monodroid-assembly: /data/app/~~Ce8R9XOhIZpNNhOXFjTatw==/com.companyname.mauiapp22-A_oLzhNp4m9DIBTMbDdQbw==/base.apk entry: res/animator/m3_chip_state_list_anim.xml
08-29 15:32:25.868 15139 15139 I monodroid-assembly:     ZIP: local header offset: 28507; data offset: 28577; file size: 1180
08-29 15:32:25.868 15139 15139 I monodroid-assembly: /data/app/~~Ce8R9XOhIZpNNhOXFjTatw==/com.companyname.mauiapp22-A_oLzhNp4m9DIBTMbDdQbw==/base.apk entry: res/animator/m3_elevated_chip_state_list_anim.xml
08-29 15:32:25.868 15139 15139 I monodroid-assembly:     ZIP: local header offset: 28994; data offset: 29073; file size: 1072
08-29 15:32:25.869 15139 15139 I monodroid-assembly: /data/app/~~Ce8R9XOhIZpNNhOXFjTatw==/com.companyname.mauiapp22-A_oLzhNp4m9DIBTMbDdQbw==/base.apk entry: res/animator/m3_extended_fab_change_size_collapse_motion_spec.xml
08-29 15:32:25.869 15139 15139 I monodroid-assembly:     ZIP: local header offset: 29472; data offset: 29567; file size: 1116
08-29 15:32:25.869 15139 15139 I monodroid-assembly: /data/app/~~Ce8R9XOhIZpNNhOXFjTatw==/com.companyname.mauiapp22-A_oLzhNp4m9DIBTMbDdQbw==/base.apk entry: res/animator/m3_extended_fab_change_size_expand_motion_spec.xml
08-29 15:32:25.869 15139 15139 I monodroid-assembly:     ZIP: local header offset: 29947; data offset: 30040; file size: 1116
08-29 15:32:25.870 15139 15139 I monodroid-assembly: /data/app/~~Ce8R9XOhIZpNNhOXFjTatw==/com.companyname.mauiapp22-A_oLzhNp4m9DIBTMbDdQbw==/base.apk entry: res/animator/m3_extended_fab_hide_motion_spec.xml
08-29 15:32:25.871 15139 15139 I monodroid-assembly:     ZIP: local header offset: 30421; data offset: 30500; file size: 820
08-29 15:32:25.872 15139 15139 I monodroid-assembly: /data/app/~~Ce8R9XOhIZpNNhOXFjTatw==/com.companyname.mauiapp22-A_oLzhNp4m9DIBTMbDdQbw==/base.apk entry: res/animator/m3_extended_fab_show_motion_spec.xml
08-29 15:32:25.872 15139 15139 I monodroid-assembly:     ZIP: local header offset: 30861; data offset: 30940; file size: 820
08-29 15:32:25.872 15139 15139 I monodroid-assembly: /data/app/~~Ce8R9XOhIZpNNhOXFjTatw==/com.companyname.mauiapp22-A_oLzhNp4m9DIBTMbDdQbw==/base.apk entry: res/animator/m3_extended_fab_state_list_animator.xml
08-29 15:32:25.872 15139 15139 I monodroid-assembly:     ZIP: local header offset: 31296; data offset: 31378; file size: 2724
08-29 15:32:25.872 15139 15139 I monodroid-assembly: /data/app/~~Ce8R9XOhIZpNNhOXFjTatw==/com.companyname.mauiapp22-A_oLzhNp4m9DIBTMbDdQbw==/base.apk entry: res/animator/mtrl_btn_state_list_anim.xml
08-29 15:32:25.873 15139 15139 I monodroid-assembly:     ZIP: local header offset: 31995; data offset: 32066; file size: 2664
08-29 15:32:25.873 15139 15139 I monodroid-assembly: /data/app/~~Ce8R9XOhIZpNNhOXFjTatw==/com.companyname.mauiapp22-A_oLzhNp4m9DIBTMbDdQbw==/base.apk entry: res/animator/mtrl_btn_unelevated_state_list_anim.xml
08-29 15:32:25.873 15139 15139 I monodroid-assembly:     ZIP: local header offset: 32673; data offset: 32755; file size: 120
08-29 15:32:25.873 15139 15139 I monodroid-assembly: /data/app/~~Ce8R9XOhIZpNNhOXFjTatw==/com.companyname.mauiapp22-A_oLzhNp4m9DIBTMbDdQbw==/base.apk entry: res/animator/mtrl_card_state_list_anim.xml
08-29 15:32:25.874 15139 15139 I monodroid-assembly:     ZIP: local header offset: 32821; data offset: 32893; file size: 1208
08-29 15:32:25.875 15139 15139 I monodroid-assembly: /data/app/~~Ce8R9XOhIZpNNhOXFjTatw==/com.companyname.mauiapp22-A_oLzhNp4m9DIBTMbDdQbw==/base.apk entry: res/animator/mtrl_chip_state_list_anim.xml
08-29 15:32:25.875 15139 15139 I monodroid-assembly:     ZIP: local header offset: 33379; data offset: 33451; file size: 1072
08-29 15:32:25.876 15139 15139 I monodroid-assembly: /data/app/~~Ce8R9XOhIZpNNhOXFjTatw==/com.companyname.mauiapp22-A_oLzhNp4m9DIBTMbDdQbw==/base.apk entry: res/animator/mtrl_extended_fab_change_size_collapse_motion_spec.xml
08-29 15:32:25.876 15139 15139 I monodroid-assembly:     ZIP: local header offset: 33842; data offset: 33939; file size: 1116
08-29 15:32:25.876 15139 15139 I monodroid-assembly: /data/app/~~Ce8R9XOhIZpNNhOXFjTatw==/com.companyname.mauiapp22-A_oLzhNp4m9DIBTMbDdQbw==/base.apk entry: res/animator/mtrl_extended_fab_change_size_expand_motion_spec.xml
08-29 15:32:25.877 15139 15139 I monodroid-assembly:     ZIP: local header offset: 34317; data offset: 34412; file size: 1116
08-29 15:32:25.877 15139 15139 I monodroid-assembly: /data/app/~~Ce8R9XOhIZpNNhOXFjTatw==/com.companyname.mauiapp22-A_oLzhNp4m9DIBTMbDdQbw==/base.apk entry: res/animator/mtrl_extended_fab_hide_motion_spec.xml
08-29 15:32:25.877 15139 15139 I monodroid-assembly:     ZIP: local header offset: 34790; data offset: 34871; file size: 608
08-29 15:32:25.878 15139 15139 I monodroid-assembly: /data/app/~~Ce8R9XOhIZpNNhOXFjTatw==/com.companyname.mauiapp22-A_oLzhNp4m9DIBTMbDdQbw==/base.apk entry: res/animator/mtrl_extended_fab_show_motion_spec.xml
08-29 15:32:25.878 15139 15139 I monodroid-assembly:     ZIP: local header offset: 35193; data offset: 35274; file size: 820
08-29 15:32:25.879 15139 15139 I monodroid-assembly: /data/app/~~Ce8R9XOhIZpNNhOXFjTatw==/com.companyname.mauiapp22-A_oLzhNp4m9DIBTMbDdQbw==/base.apk entry: res/animator/mtrl_extended_fab_state_list_animator.xml
08-29 15:32:25.879 15139 15139 I monodroid-assembly:     ZIP: local header offset: 35635; data offset: 35719; file size: 2724
08-29 15:32:25.880 15139 15139 I monodroid-assembly: /data/app/~~Ce8R9XOhIZpNNhOXFjTatw==/com.companyname.mauiapp22-A_oLzhNp4m9DIBTMbDdQbw==/base.apk entry: res/animator/mtrl_fab_hide_motion_spec.xml
08-29 15:32:25.880 15139 15139 I monodroid-assembly:     ZIP: local header offset: 36332; data offset: 36404; file size: 796
08-29 15:32:25.880 15139 15139 I monodroid-assembly: /data/app/~~Ce8R9XOhIZpNNhOXFjTatw==/com.companyname.mauiapp22-A_oLzhNp4m9DIBTMbDdQbw==/base.apk entry: res/animator/mtrl_fab_show_motion_spec.xml
08-29 15:32:25.881 15139 15139 I monodroid-assembly:     ZIP: local header offset: 36736; data offset: 36808; file size: 796
08-29 15:32:25.882 15139 15139 I monodroid-assembly: /data/app/~~Ce8R9XOhIZpNNhOXFjTatw==/com.companyname.mauiapp22-A_oLzhNp4m9DIBTMbDdQbw==/base.apk entry: res/animator/mtrl_fab_transformation_sheet_collapse_spec.xml
08-29 15:32:25.882 15139 15139 I monodroid-assembly:     ZIP: local header offset: 37145; data offset: 37235; file size: 1888
08-29 15:32:25.882 15139 15139 I monodroid-assembly: /data/app/~~Ce8R9XOhIZpNNhOXFjTatw==/com.companyname.mauiapp22-A_oLzhNp4m9DIBTMbDdQbw==/base.apk entry: res/animator/mtrl_fab_transformation_sheet_expand_spec.xml
08-29 15:32:25.883 15139 15139 I monodroid-assembly:     ZIP: local header offset: 37747; data offset: 37835; file size: 1888
08-29 15:32:25.883 15139 15139 I monodroid-assembly: /data/app/~~Ce8R9XOhIZpNNhOXFjTatw==/com.companyname.mauiapp22-A_oLzhNp4m9DIBTMbDdQbw==/base.apk entry: res/animator/nav_default_enter_anim.xml
