--------- beginning of main
06-19 18:31:33.267  5604  7626 D WifiNl80211Manager: Scan result ready event
06-19 18:31:33.267  5604  7626 D WifiNative: Scan result ready event
--------- beginning of system
06-19 18:31:40.528  5604  5604 W Looper  : Slow delivery took 3084ms main h=android.os.Handler c=com.android.internal.os.BinderCallsStats$1@6ec9526 m=0
06-19 18:31:42.733  5786  5876 D EGL_emulation: app_time_stats: avg=20274.53ms min=20274.53ms max=20274.53ms count=1
06-19 18:31:42.744  5604  5604 W Looper  : Drained
06-19 18:31:46.916  6847  7495 I PhenotypeProcessReaper: Memory state is: 200
06-19 18:31:46.916  6914  7510 I PhenotypeProcessReaper: Memory state is: 100
06-19 18:32:00.025  5786  5876 D EGL_emulation: app_time_stats: avg=17291.86ms min=17291.86ms max=17291.86ms count=1
06-19 18:32:02.488  5786  5876 D EGL_emulation: app_time_stats: avg=2462.38ms min=2462.38ms max=2462.38ms count=1
06-19 18:32:09.167  5604  5770 I ActivityTaskManager: START u0 {act=android.intent.action.MAIN cat=[android.intent.category.LAUNCHER] flg=0x10000000 cmp=com.companyname.threetabscrash/crc646ec8ac85ad594fc5.MainActivity} from uid 2000
06-19 18:32:09.178  5604  5770 D CompatibilityChangeReporter: Compat change id reported: 194480991; UID 10159; state: ENABLED
06-19 18:32:09.188  5604  5770 D CompatibilityChangeReporter: Compat change id reported: 174042980; UID 10159; state: DISABLED
06-19 18:32:09.188  5604  5770 D CompatibilityChangeReporter: Compat change id reported: 184838306; UID 10159; state: DISABLED
06-19 18:32:09.189  5604  5770 D CompatibilityChangeReporter: Compat change id reported: 185004937; UID 10159; state: DISABLED
06-19 18:32:09.194  5604  5770 V SplashScreenExceptionList: SplashScreen checking exception for package com.companyname.threetabscrash (target sdk:33) -> false
06-19 18:32:09.194  5604  5770 D CompatibilityChangeReporter: Compat change id reported: 205907456; UID 10159; state: ENABLED
06-19 18:32:09.203  5604  5770 D CompatibilityChangeReporter: Compat change id reported: 194833441; UID 10159; state: ENABLED
06-19 18:32:09.219  5604  5624 D CompatibilityChangeReporter: Compat change id reported: 135634846; UID 10159; state: DISABLED
06-19 18:32:09.223  5604  5640 D CompatibilityChangeReporter: Compat change id reported: 143937733; UID 10159; state: ENABLED
06-19 18:32:09.223  5604  5624 I ActivityManager: Killing 7094:com.google.android.dialer/u0a103 (adj 995): empty for 14198s
06-19 18:32:09.224  5604  5624 I ActivityManager: Killing 12294:com.google.android.contacts/u0a111 (adj 999): empty for 15656s
06-19 18:32:09.245  5604  6126 D CompatibilityChangeReporter: Compat change id reported: 168419799; UID 10159; state: DISABLED
06-19 18:32:09.248  5604  5641 I libprocessgroup: Successfully killed process cgroup uid 10103 pid 7094 in 20ms
06-19 18:32:09.248  5604  6126 D CoreBackPreview: Window{37e61e3 u0 Splash Screen com.companyname.threetabscrash}: Setting back callback OnBackInvokedCallbackInfo{mCallback=android.window.IOnBackInvokedCallback$Stub$Proxy@13aca99, mPriority=0}
06-19 18:32:09.270  5518  5518 D Zygote  : Forked child process 13412
06-19 18:32:09.271  5604  5640 W ActivityManager: Slow operation: 56ms so far, now at startProcess: returned from zygote!
06-19 18:32:09.273  5786  5862 D SplashScreenView: Build android.window.SplashScreenView{8aff707 V.E...... ......ID 0,0-0,0}
06-19 18:32:09.273  5786  5862 D SplashScreenView: Icon: view: android.widget.ImageView{69a8034 V.ED..... ......I. 0,0-0,0 #10204dc android:id/splashscreen_icon_view} drawable: com.android.wm.shell.startingsurface.SplashscreenIconDrawableFactory$ImmobileIconDrawable@f109e5d size: 528
06-19 18:32:09.273  5786  5862 D SplashScreenView: Branding: view: android.view.View{341f3d2 G.ED..... ......I. 0,0-0,0 #10204db android:id/splashscreen_branding_view} drawable: null size w: 0 h: 0
06-19 18:32:09.280  5604  5640 W ActivityManager: Slow operation: 64ms so far, now at startProcess: done updating battery stats
06-19 18:32:09.280  5604  5640 W ActivityManager: Slow operation: 64ms so far, now at startProcess: building log message
06-19 18:32:09.280  5604  5640 I ActivityManager: Start proc 13412:com.companyname.threetabscrash/u0a159 for next-top-activity {com.companyname.threetabscrash/crc646ec8ac85ad594fc5.MainActivity}
06-19 18:32:09.280  5604  5640 W ActivityManager: Slow operation: 64ms so far, now at startProcess: starting to update pids map
06-19 18:32:09.284  5604  5640 W ActivityManager: Slow operation: 68ms so far, now at startProcess: done updating pids map
06-19 18:32:09.284 13412 13412 I .threetabscrash: Late-enabling -Xcheck:jni
06-19 18:32:09.289   417   417 D goldfish-address-space: claimShared: Ask to claim region [0x3f5d25000 0x3f66c9000]
06-19 18:32:09.296  5518  5518 I Zygote  : Process 12294 exited due to signal 9 (Killed)
06-19 18:32:09.297   417   417 D goldfish-address-space: claimShared: Ask to claim region [0x3f66c9000 0x3f706d000]
--------- beginning of kernel
06-19 18:32:09.269     0     0 I binder  : undelivered transaction 1152280, process died.
06-19 18:32:09.272     0     0 I binder  : undelivered transaction 1152351, process died.
06-19 18:32:09.275     0     0 I binder  : undelivered transaction 1153360, process died.
06-19 18:32:09.278     0     0 I binder  : undelivered transaction 1179234, process died.
06-19 18:32:09.285     0     0 I binder  : undelivered transaction 1179282, process died.
06-19 18:32:09.291     0     0 I binder  : undelivered transaction 1179324, process died.
06-19 18:32:09.296     0     0 I binder  : undelivered transaction 1180259, process died.
06-19 18:32:09.314     0     0 I binder  : undelivered transaction 1152225, process died.
06-19 18:32:09.346   417   417 D goldfish-address-space: claimShared: Ask to claim region [0x3f8000000 0x3f89a4000]
06-19 18:32:09.354  5786  5876 W Parcel  : Expecting binder but got null!
06-19 18:32:09.359  6072  6644 D EGL_emulation: app_time_stats: avg=2000804.12ms min=1.67ms max=22008536.00ms count=11
06-19 18:32:09.369  7354  7354 I GsaVoiceInteractionSrv: Handling ACTION_STOP_HOTWORD
06-19 18:32:09.372  5786  5836 W Looper  : Slow dispatch took 41ms wmshell.main h=android.os.Handler c=com.android.wm.shell.common.ShellExecutor$$ExternalSyntheticLambda0@13dc359 m=0
06-19 18:32:09.373  5518  5518 I Zygote  : Process 7094 exited due to signal 9 (Killed)
06-19 18:32:09.348     0     0 I binder  : undelivered transaction 1152279, process died.
06-19 18:32:09.350     0     0 I binder  : undelivered transaction 1152350, process died.
06-19 18:32:09.379  5604  5641 I libprocessgroup: Successfully killed process cgroup uid 10111 pid 12294 in 0ms
06-19 18:32:09.389  7354  7758 E HwDetectorWithState: a: 3
06-19 18:32:09.395  5934  6168 D BtGatt.ScanManager: uid 10104 isForeground true scanMode -1
06-19 18:32:09.396  5934  6168 D BtGatt.ScanManager: uid 10104 isForeground true scanMode -1
06-19 18:32:09.412   417   417 D goldfish-address-space: claimShared: Ask to claim region [0x3f706d000 0x3f7699000]
06-19 18:32:09.503   461   489 W TransactionTracing: Could not find layer handle 0x7c6798160470
06-19 18:32:09.503   461   489 W TransactionTracing: Could not find layer handle 0x7c6798160470
06-19 18:32:09.511 13412 13412 W .threetabscrash: Unexpected CPU variant for x86: x86_64.
06-19 18:32:09.511 13412 13412 W .threetabscrash: Known variants: atom, sandybridge, silvermont, kabylake, default
06-19 18:32:09.522   488   506 I adbd    : jdwp connection from 13412
06-19 18:32:09.556 13412 13412 D CompatibilityChangeReporter: Compat change id reported: 171979766; UID 10159; state: ENABLED
06-19 18:32:09.564 13412 13412 D nativeloader: Configuring classloader-namespace for other apk /system_ext/framework/androidx.window.extensions.jar. target_sdk_version=33, uses_libraries=ALL, library_path=/data/app/~~WJcIEtIQi4_OGyw7znvc3w==/com.companyname.threetabscrash-VATdke2-2a8VdGUrQkMa-A==/lib/x86_64:/data/app/~~WJcIEtIQi4_OGyw7znvc3w==/com.companyname.threetabscrash-VATdke2-2a8VdGUrQkMa-A==/base.apk!/lib/x86_64, permitted_path=/data:/mnt/expand:/data/user/0/com.companyname.threetabscrash
06-19 18:32:09.565 13412 13412 D nativeloader: Configuring classloader-namespace for other apk /system_ext/framework/androidx.window.sidecar.jar. target_sdk_version=33, uses_libraries=ALL, library_path=/data/app/~~WJcIEtIQi4_OGyw7znvc3w==/com.companyname.threetabscrash-VATdke2-2a8VdGUrQkMa-A==/lib/x86_64:/data/app/~~WJcIEtIQi4_OGyw7znvc3w==/com.companyname.threetabscrash-VATdke2-2a8VdGUrQkMa-A==/base.apk!/lib/x86_64, permitted_path=/data:/mnt/expand:/data/user/0/com.companyname.threetabscrash
06-19 18:32:09.566 13412 13412 W ziparchive: Unable to open '/data/app/~~WJcIEtIQi4_OGyw7znvc3w==/com.companyname.threetabscrash-VATdke2-2a8VdGUrQkMa-A==/base.dm': No such file or directory
06-19 18:32:09.566 13412 13412 W ziparchive: Unable to open '/data/app/~~WJcIEtIQi4_OGyw7znvc3w==/com.companyname.threetabscrash-VATdke2-2a8VdGUrQkMa-A==/base.dm': No such file or directory
06-19 18:32:09.654  5604  6126 W ActivityManager: Unable to start service Intent { act=android.service.smartspace.SmartspaceService cmp=com.google.android.as/com.google.android.apps.miphone.aiai.app.AiAiSmartspaceService } U=0: not found
06-19 18:32:09.654  5604  6126 W RemoteSmartspaceService: could not bind to Intent { act=android.service.smartspace.SmartspaceService cmp=com.google.android.as/com.google.android.apps.miphone.aiai.app.AiAiSmartspaceService } using flags 67112961
06-19 18:32:09.654  5604  5604 W ActivityManager: Unbind failed: could not find connection for android.app.LoadedApk$ServiceDispatcher$InnerConnection@172b627
06-19 18:32:09.703   461   489 W TransactionTracing: Could not find layer handle 0x7c679815e430
06-19 18:32:09.703   461   489 W TransactionTracing: Could not find layer handle 0x7c679815e430
06-19 18:32:09.732 13412 13412 D nativeloader: Configuring classloader-namespace for other apk /data/app/~~WJcIEtIQi4_OGyw7znvc3w==/com.companyname.threetabscrash-VATdke2-2a8VdGUrQkMa-A==/base.apk. target_sdk_version=33, uses_libraries=, library_path=/data/app/~~WJcIEtIQi4_OGyw7znvc3w==/com.companyname.threetabscrash-VATdke2-2a8VdGUrQkMa-A==/lib/x86_64:/data/app/~~WJcIEtIQi4_OGyw7znvc3w==/com.companyname.threetabscrash-VATdke2-2a8VdGUrQkMa-A==/base.apk!/lib/x86_64, permitted_path=/data:/mnt/expand:/data/user/0/com.companyname.threetabscrash
06-19 18:32:09.742 13412 13412 V GraphicsEnvironment: ANGLE Developer option for 'com.companyname.threetabscrash' set to: 'default'
06-19 18:32:09.742 13412 13412 V GraphicsEnvironment: ANGLE GameManagerService for com.companyname.threetabscrash: false
06-19 18:32:09.742 13412 13412 V GraphicsEnvironment: Neither updatable production driver nor prerelease driver is supported.
06-19 18:32:09.745 13412 13412 D NetworkSecurityConfig: No Network Security Config specified, using platform default
06-19 18:32:09.745 13412 13412 D NetworkSecurityConfig: No Network Security Config specified, using platform default
06-19 18:32:09.747  5604  5775 D CompatibilityChangeReporter: Compat change id reported: 161145287; UID 10159; state: DISABLED
06-19 18:32:09.760 13412 13412 D debug-app-helper: Checking if libmonodroid was unpacked to /data/app/~~WJcIEtIQi4_OGyw7znvc3w==/com.companyname.threetabscrash-VATdke2-2a8VdGUrQkMa-A==/lib/x86_64/libmonodroid.so
06-19 18:32:09.760 13412 13412 D debug-app-helper: Native libs extracted to /data/app/~~WJcIEtIQi4_OGyw7znvc3w==/com.companyname.threetabscrash-VATdke2-2a8VdGUrQkMa-A==/lib/x86_64, assuming application/android:extractNativeLibs == true
06-19 18:32:09.760 13412 13412 I debug-app-helper: Setting up for DSO lookup in app data directories
06-19 18:32:09.760 13412 13412 D debug-app-helper: Added filesystem DSO lookup location: /data/app/~~WJcIEtIQi4_OGyw7znvc3w==/com.companyname.threetabscrash-VATdke2-2a8VdGUrQkMa-A==/lib/x86_64
06-19 18:32:09.760 13412 13412 W debug-app-helper: Using runtime path: /data/app/~~WJcIEtIQi4_OGyw7znvc3w==/com.companyname.threetabscrash-VATdke2-2a8VdGUrQkMa-A==/lib/x86_64
06-19 18:32:09.760 13412 13412 W debug-app-helper: checking directory: `/data/user/0/com.companyname.threetabscrash/files/.__override__/lib`
06-19 18:32:09.760 13412 13412 W debug-app-helper: directory does not exist: `/data/user/0/com.companyname.threetabscrash/files/.__override__/lib`
06-19 18:32:09.760 13412 13412 W debug-app-helper: Checking whether Mono runtime exists at: /data/user/0/com.companyname.threetabscrash/files/.__override__/libmonosgen-2.0.so
06-19 18:32:09.760 13412 13412 W debug-app-helper: Checking whether Mono runtime exists at: /data/app/~~WJcIEtIQi4_OGyw7znvc3w==/com.companyname.threetabscrash-VATdke2-2a8VdGUrQkMa-A==/lib/x86_64/libmonosgen-2.0.so
06-19 18:32:09.760 13412 13412 I debug-app-helper: Mono runtime found at: /data/app/~~WJcIEtIQi4_OGyw7znvc3w==/com.companyname.threetabscrash-VATdke2-2a8VdGUrQkMa-A==/lib/x86_64/libmonosgen-2.0.so
06-19 18:32:09.765 13412 13412 W .threetabscrash: Attempt to remove non-JNI local reference, dumping thread
06-19 18:32:09.780 13412 13412 I DOTNET  : JNI_OnLoad: JNI_OnLoad in pal_jni.c
06-19 18:32:09.781 13412 13412 D DOTNET  : GetOptionalClassGRef: optional class com/android/org/conscrypt/OpenSSLEngineImpl was not found
06-19 18:32:09.793 13412 13412 D monodroid-assembly: Checking if libmonodroid was unpacked to /data/app/~~WJcIEtIQi4_OGyw7znvc3w==/com.companyname.threetabscrash-VATdke2-2a8VdGUrQkMa-A==/lib/x86_64/libmonodroid.so
06-19 18:32:09.793 13412 13412 D monodroid-assembly: Native libs extracted to /data/app/~~WJcIEtIQi4_OGyw7znvc3w==/com.companyname.threetabscrash-VATdke2-2a8VdGUrQkMa-A==/lib/x86_64, assuming application/android:extractNativeLibs == true
06-19 18:32:09.793 13412 13412 I monodroid: Generated hash 0x9f972642 for package name com.companyname.threetabscrash
06-19 18:32:09.793 13412 13412 I monodroid: Mono AOT mode: interp
06-19 18:32:09.793 13412 13412 I monodroid: Setting environment variable 'DOTNET_MODIFIABLE_ASSEMBLIES' to 'Debug'
06-19 18:32:09.793 13412 13412 I monodroid: Setting environment variable 'MONO_GC_PARAMS' to 'major=marksweep-conc'
06-19 18:32:09.793 13412 13412 I monodroid: Setting environment variable 'MONO_LOG_LEVEL' to 'info'
06-19 18:32:09.793 13412 13412 I monodroid: Setting environment variable 'XAMARIN_BUILD_ID' to '1c588730-0793-4628-a987-6089fbc42c7d'
06-19 18:32:09.793 13412 13412 I monodroid: Setting environment variable 'XA_HTTP_CLIENT_HANDLER_TYPE' to 'Xamarin.Android.Net.AndroidMessageHandler'
06-19 18:32:09.793 13412 13412 I monodroid: Setting environment variable '__XA_PACKAGE_NAMING_POLICY__' to 'LowercaseCrc64'
06-19 18:32:09.793 13412 13412 I monodroid: Creating XDG directory: /data/user/0/com.companyname.threetabscrash/files/.local/share
06-19 18:32:09.795 13412 13412 I monodroid: Creating XDG directory: /data/user/0/com.companyname.threetabscrash/files/.config
06-19 18:32:09.795 13412 13412 I monodroid: Setting up for DSO lookup in app data directories
06-19 18:32:09.795 13412 13412 D monodroid-assembly: Added filesystem DSO lookup location: /data/app/~~WJcIEtIQi4_OGyw7znvc3w==/com.companyname.threetabscrash-VATdke2-2a8VdGUrQkMa-A==/lib/x86_64
06-19 18:32:09.795 13412 13412 W monodroid: Creating public update directory: `/data/user/0/com.companyname.threetabscrash/files/.__override__`
06-19 18:32:09.796 13412 13412 W .threetabscrash: Attempt to remove non-JNI local reference, dumping thread
06-19 18:32:09.796 13412 13412 I monodroid: Using runtime path: /data/app/~~WJcIEtIQi4_OGyw7znvc3w==/com.companyname.threetabscrash-VATdke2-2a8VdGUrQkMa-A==/lib/x86_64
06-19 18:32:09.796 13412 13412 I monodroid: Probing for Mono AOT mode
06-19 18:32:09.796 13412 13412 I monodroid: Enabling Mono Interpreter
06-19 18:32:09.798 13412 13412 I monodroid: Probing if we should use LLVM
06-19 18:32:09.798 13412 13412 W monodroid: runtime args empty
06-19 18:32:09.801 13412 13412 I monodroid-assembly: APK /data/app/~~WJcIEtIQi4_OGyw7znvc3w==/com.companyname.threetabscrash-VATdke2-2a8VdGUrQkMa-A==/base.apk FD: 68
06-19 18:32:09.801 13412 13412 I monodroid-assembly: Central directory offset: 10010624
06-19 18:32:09.801 13412 13412 I monodroid-assembly: Central directory size: 83975
06-19 18:32:09.801 13412 13412 I monodroid-assembly: Central directory entries: 902
06-19 18:32:09.801 13412 13412 I monodroid-assembly: /data/app/~~WJcIEtIQi4_OGyw7znvc3w==/com.companyname.threetabscrash-VATdke2-2a8VdGUrQkMa-A==/base.apk entry: AndroidManifest.xml
06-19 18:32:09.801 13412 13412 I monodroid-assembly:     ZIP: local header offset: 0; data offset: 49; file size: 7168
06-19 18:32:09.801 13412 13412 I monodroid-assembly: /data/app/~~WJcIEtIQi4_OGyw7znvc3w==/com.companyname.threetabscrash-VATdke2-2a8VdGUrQkMa-A==/base.apk entry: res/anim/abc_fade_in.xml
06-19 18:32:09.801 13412 13412 I monodroid-assembly:     ZIP: local header offset: 2171; data offset: 2225; file size: 388
06-19 18:32:09.801 13412 13412 I monodroid-assembly: /data/app/~~WJcIEtIQi4_OGyw7znvc3w==/com.companyname.threetabscrash-VATdke2-2a8VdGUrQkMa-A==/base.apk entry: res/anim/abc_fade_out.xml
06-19 18:32:09.801 13412 13412 I monodroid-assembly:     ZIP: local header offset: 2442; data offset: 2497; file size: 388
06-19 18:32:09.801 13412 13412 I monodroid-assembly: /data/app/~~WJcIEtIQi4_OGyw7znvc3w==/com.companyname.threetabscrash-VATdke2-2a8VdGUrQkMa-A==/base.apk entry: res/anim/abc_grow_fade_in_from_bottom.xml
06-19 18:32:09.801 13412 13412 I monodroid-assembly:     ZIP: local header offset: 2715; data offset: 2786; file size: 852
06-19 18:32:09.801 13412 13412 I monodroid-assembly: /data/app/~~WJcIEtIQi4_OGyw7znvc3w==/com.companyname.threetabscrash-VATdke2-2a8VdGUrQkMa-A==/base.apk entry: res/anim/abc_popup_enter.xml
06-19 18:32:09.801 13412 13412 I monodroid-assembly:     ZIP: local header offset: 3162; data offset: 3220; file size: 508
06-19 18:32:09.801 13412 13412 I monodroid-assembly: /data/app/~~WJcIEtIQi4_OGyw7znvc3w==/com.companyname.threetabscrash-VATdke2-2a8VdGUrQkMa-A==/base.apk entry: res/anim/abc_popup_exit.xml
06-19 18:32:09.801 13412 13412 I monodroid-assembly:     ZIP: local header offset: 3478; data offset: 3535; file size: 508
06-19 18:32:09.801 13412 13412 I monodroid-assembly: /data/app/~~WJcIEtIQi4_OGyw7znvc3w==/com.companyname.threetabscrash-VATdke2-2a8VdGUrQkMa-A==/base.apk entry: res/anim/abc_shrink_fade_out_from_bottom.xml
06-19 18:32:09.801 13412 13412 I monodroid-assembly:     ZIP: local header offset: 3795; data offset: 3869; file size: 852
06-19 18:32:09.801 13412 13412 I monodroid-assembly: /data/app/~~WJcIEtIQi4_OGyw7znvc3w==/com.companyname.threetabscrash-VATdke2-2a8VdGUrQkMa-A==/base.apk entry: res/anim/abc_slide_in_bottom.xml
06-19 18:32:09.801 13412 13412 I monodroid-assembly:     ZIP: local header offset: 4246; data offset: 4308; file size: 396
06-19 18:32:09.801 13412 13412 I monodroid-assembly: /data/app/~~WJcIEtIQi4_OGyw7znvc3w==/com.companyname.threetabscrash-VATdke2-2a8VdGUrQkMa-A==/base.apk entry: res/anim/abc_slide_in_top.xml
06-19 18:32:09.801 13412 13412 I monodroid-assembly:     ZIP: local header offset: 4536; data offset: 4595; file size: 396
06-19 18:32:09.801 13412 13412 I monodroid-assembly: /data/app/~~WJcIEtIQi4_OGyw7znvc3w==/com.companyname.threetabscrash-VATdke2-2a8VdGUrQkMa-A==/base.apk entry: res/anim/abc_slide_out_bottom.xml
06-19 18:32:09.801 13412 13412 I monodroid-assembly:     ZIP: local header offset: 4824; data offset: 4887; file size: 396
06-19 18:32:09.801 13412 13412 I monodroid-assembly: /data/app/~~WJcIEtIQi4_OGyw7znvc3w==/com.companyname.threetabscrash-VATdke2-2a8VdGUrQkMa-A==/base.apk entry: res/anim/abc_slide_out_top.xml
06-19 18:32:09.801 13412 13412 I monodroid-assembly:     ZIP: local header offset: 5114; data offset: 5174; file size: 396
06-19 18:32:09.801 13412 13412 I monodroid-assembly: /data/app/~~WJcIEtIQi4_OGyw7znvc3w==/com.companyname.threetabscrash-VATdke2-2a8VdGUrQkMa-A==/base.apk entry: res/anim/abc_tooltip_enter.xml
06-19 18:32:09.802 13412 13412 I monodroid-assembly:     ZIP: local header offset: 5402; data offset: 5462; file size: 388
06-19 18:32:09.802 13412 13412 I monodroid-assembly: /data/app/~~WJcIEtIQi4_OGyw7znvc3w==/com.companyname.threetabscrash-VATdke2-2a8VdGUrQkMa-A==/base.apk entry: res/anim/abc_tooltip_exit.xml
06-19 18:32:09.802 13412 13412 I monodroid-assembly:     ZIP: local header offset: 5679; data offset: 5738; file size: 388
06-19 18:32:09.802 13412 13412 I monodroid-assembly: /data/app/~~WJcIEtIQi4_OGyw7znvc3w==/com.companyname.threetabscrash-VATdke2-2a8VdGUrQkMa-A==/base.apk entry: res/anim/btn_checkbox_to_checked_box_inner_merged_animation.xml
06-19 18:32:09.802 13412 13412 I monodroid-assembly:     ZIP: local header offset: 5955; data offset: 6048; file size: 2124
06-19 18:32:09.802 13412 13412 I monodroid-assembly: /data/app/~~WJcIEtIQi4_OGyw7znvc3w==/com.companyname.threetabscrash-VATdke2-2a8VdGUrQkMa-A==/base.apk entry: res/anim/btn_checkbox_to_checked_box_outer_merged_animation.xml
06-19 18:32:09.802 13412 13412 I monodroid-assembly:     ZIP: local header offset: 6690; data offset: 6783; file size: 2780
06-19 18:32:09.802 13412 13412 I monodroid-assembly: /data/app/~~WJcIEtIQi4_OGyw7znvc3w==/com.companyname.threetabscrash-VATdke2-2a8VdGUrQkMa-A==/base.apk entry: res/anim/btn_checkbox_to_checked_icon_null_animation.xml
06-19 18:32:09.802 13412 13412 I monodroid-assembly:     ZIP: local header offset: 7524; data offset: 7610; file size: 1196
06-19 18:32:09.802 13412 13412 I monodroid-assembly: /data/app/~~WJcIEtIQi4_OGyw7znvc3w==/com.companyname.threetabscrash-VATdke2-2a8VdGUrQkMa-A==/base.apk entry: res/anim/btn_checkbox_to_unchecked_box_inner_merged_animation.xml
06-19 18:32:09.802 13412 13412 I monodroid-assembly:     ZIP: local header offset: 8006; data offset: 8101; file size: 2360
06-19 18:32:09.802 13412 13412 I monodroid-assembly: /data/app/~~WJcIEtIQi4_OGyw7znvc3w==/com.companyname.threetabscrash-VATdke2-2a8VdGUrQkMa-A==/base.apk entry: res/anim/btn_checkbox_to_unchecked_check_path_merged_animation.xml
06-19 18:32:09.802 13412 13412 I monodroid-assembly:     ZIP: local header offset: 8759; data offset: 8855; file size: 2520
06-19 18:32:09.802 13412 13412 I monodroid-assembly: /data/app/~~WJcIEtIQi4_OGyw7znvc3w==/com.companyname.threetabscrash-VATdke2-2a8VdGUrQkMa-A==/base.apk entry: res/anim/btn_checkbox_to_unchecked_icon_null_animation.xml
06-19 18:32:09.802 13412 13412 I monodroid-assembly:     ZIP: local header offset: 9586; data offset: 9674; file size: 1196
06-19 18:32:09.802 13412 13412 I monodroid-assembly: /data/app/~~WJcIEtIQi4_OGyw7znvc3w==/com.companyname.threetabscrash-VATdke2-2a8VdGUrQkMa-A==/base.apk entry: res/anim/btn_radio_to_off_mtrl_dot_group_animation.xml
06-19 18:32:09.802 13412 13412 I monodroid-assembly:     ZIP: local header offset: 10070; data offset: 10154; file size: 1656
06-19 18:32:09.802 13412 13412 I monodroid-assembly: /data/app/~~WJcIEtIQi4_OGyw7znvc3w==/com.companyname.threetabscrash-VATdke2-2a8VdGUrQkMa-A==/base.apk entry: res/anim/btn_radio_to_off_mtrl_ring_outer_animation.xml
06-19 18:32:09.802 13412 13412 I monodroid-assembly:     ZIP: local header offset: 10585; data offset: 10670; file size: 1656
06-19 18:32:09.802 13412 13412 I monodroid-assembly: /data/app/~~WJcIEtIQi4_OGyw7znvc3w==/com.companyname.threetabscrash-VATdke2-2a8VdGUrQkMa-A==/base.apk entry: res/anim/btn_radio_to_off_mtrl_ring_outer_path_animation.xml
06-19 18:32:09.802 13412 13412 I monodroid-assembly:     ZIP: local header offset: 11103; data offset: 11193; file size: 1028
06-19 18:32:09.802 13412 13412 I monodroid-assembly: /data/app/~~WJcIEtIQi4_OGyw7znvc3w==/com.companyname.threetabscrash-VATdke2-2a8VdGUrQkMa-A==/base.apk entry: res/anim/btn_radio_to_on_mtrl_dot_group_animation.xml
06-19 18:32:09.802 13412 13412 I monodroid-assembly:     ZIP: local header offset: 11566; data offset: 11649; file size: 1656
06-19 18:32:09.802 13412 13412 I monodroid-assembly: /data/app/~~WJcIEtIQi4_OGyw7znvc3w==/com.companyname.threetabscrash-VATdke2-2a8VdGUrQkMa-A==/base.apk entry: res/anim/btn_radio_to_on_mtrl_ring_outer_animation.xml
06-19 18:32:09.802 13412 13412 I monodroid-assembly:     ZIP: local header offset: 12070; data offset: 12154; file size: 1656
06-19 18:32:09.802 13412 13412 I monodroid-assembly: /data/app/~~WJcIEtIQi4_OGyw7znvc3w==/com.companyname.threetabscrash-VATdke2-2a8VdGUrQkMa-A==/base.apk entry: res/anim/btn_radio_to_on_mtrl_ring_outer_path_animation.xml
06-19 18:32:09.802 13412 13412 I monodroid-assembly:     ZIP: local header offset: 12583; data offset: 12672; file size: 1028
06-19 18:32:09.802 13412 13412 I monodroid-assembly: /data/app/~~WJcIEtIQi4_OGyw7znvc3w==/com.companyname.threetabscrash-VATdke2-2a8VdGUrQkMa-A==/base.apk entry: res/anim-v21/design_bottom_sheet_slide_in.xml
06-19 18:32:09.802 13412 13412 I monodroid-assembly:     ZIP: local header offset: 13052; data offset: 13127; file size: 616
06-19 18:32:09.802 13412 13412 I monodroid-assembly: /data/app/~~WJcIEtIQi4_OGyw7znvc3w==/com.companyname.threetabscrash-VATdke2-2a8VdGUrQkMa-A==/base.apk entry: res/anim-v21/design_bottom_sheet_slide_out.xml
06-19 18:32:09.802 13412 13412 I monodroid-assembly:     ZIP: local header offset: 13426; data offset: 13502; file size: 616
06-19 18:32:09.802 13412 13412 I monodroid-assembly: /data/app/~~WJcIEtIQi4_OGyw7znvc3w==/com.companyname.threetabscrash-VATdke2-2a8VdGUrQkMa-A==/base.apk entry: res/anim/design_snackbar_in.xml
06-19 18:32:09.802 13412 13412 I monodroid-assembly:     ZIP: local header offset: 13800; data offset: 13861; file size: 312
06-19 18:32:09.802 13412 13412 I monodroid-assembly: /data/app/~~WJcIEtIQi4_OGyw7znvc3w==/com.companyname.threetabscrash-VATdke2-2a8VdGUrQkMa-A==/base.apk entry: res/anim/design_snackbar_out.xml
06-19 18:32:09.802 13412 13412 I monodroid-assembly:     ZIP: local header offset: 14042; data offset: 14104; file size: 312
06-19 18:32:09.802 13412 13412 I monodroid-assembly: /data/app/~~WJcIEtIQi4_OGyw7znvc3w==/com.companyname.threetabscrash-VATdke2-2a8VdGUrQkMa-A==/base.apk entry: res/anim/enterfromleft.xml
06-19 18:32:09.802 13412 13412 I monodroid-assembly:     ZIP: local header offset: 14282; data offset: 14338; file size: 640
06-19 18:32:09.802 13412 13412 I monodroid-assembly: /data/app/~~WJcIEtIQi4_OGyw7znvc3w==/com.companyname.threetabscrash-VATdke2-2a8VdGUrQkMa-A==/base.apk entry: res/anim/enterfromright.xml
06-19 18:32:09.802 13412 13412 I monodroid-assembly:     ZIP: local header offset: 14640; data offset: 14697; file size: 468
06-19 18:32:09.802 13412 13412 I monodroid-assembly: /data/app/~~WJcIEtIQi4_OGyw7znvc3w==/com.companyname.threetabscrash-VATdke2-2a8VdGUrQkMa-A==/base.apk entry: res/anim/exittoleft.xml
06-19 18:32:09.802 13412 13412 I monodroid-assembly:     ZIP: local header offset: 14940; data offset: 14993; file size: 640
06-19 18:32:09.802 13412 13412 I monodroid-assembly: /data/app/~~WJcIEtIQi4_OGyw7znvc3w==/com.companyname.threetabscrash-VATdke2-2a8VdGUrQkMa-A==/base.apk entry: res/anim/exittoright.xml
06-19 18:32:09.802 13412 13412 I monodroid-assembly:     ZIP: local header offset: 15294; data offset: 15348; file size: 468
06-19 18:32:09.802 13412 13412 I monodroid-assembly: /data/app/~~WJcIEtIQi4_OGyw7znvc3w==/com.companyname.threetabscrash-VATdke2-2a8VdGUrQkMa-A==/base.apk entry: res/anim-v21/fragment_fast_out_extra_slow_in.xml
06-19 18:32:09.802 13412 13412 I monodroid-assembly:     ZIP: local header offset: 15591; data offset: 15669; file size: 364
06-19 18:32:09.802 13412 13412 I monodroid-assembly: /data/app/~~WJcIEtIQi4_OGyw7znvc3w==/com.companyname.threetabscrash-VATdke2-2a8VdGUrQkMa-A==/base.apk entry: res/anim/linear_indeterminate_line1_head_interpolator.xml
06-19 18:32:09.802 13412 13412 I monodroid-assembly:     ZIP: local header offset: 15887; data offset: 15974; file size: 400
06-19 18:32:09.802 13412 13412 I monodroid-assembly: /data/app/~~WJcIEtIQi4_OGyw7znvc3w==/com.companyname.threetabscrash-VATdke2-2a8VdGUrQkMa-A==/base.apk entry: res/anim/linear_indeterminate_line1_tail_interpolator.xml
06-19 18:32:09.802 13412 13412 I monodroid-assembly:     ZIP: local header offset: 16188; data offset: 16275; file size: 400
06-19 18:32:09.802 13412 13412 I monodroid-assembly: /data/app/~~WJcIEtIQi4_OGyw7znvc3w==/com.companyname.threetabscrash-VATdke2-2a8VdGUrQkMa-A==/base.apk entry: res/anim/linear_indeterminate_line2_head_interpolator.xml
06-19 18:32:09.802 13412 13412 I monodroid-assembly:     ZIP: local header offset: 16486; data offset: 16573; file size: 400
06-19 18:32:09.802 13412 13412 I monodroid-assembly: /data/app/~~WJcIEtIQi4_OGyw7znvc3w==/com.companyname.threetabscrash-VATdke2-2a8VdGUrQkMa-A==/base.apk entry: res/anim/linear_indeterminate_line2_tail_interpolator.xml
06-19 18:32:09.802 13412 13412 I monodroid-assembly:     ZIP: local header offset: 16780; data offset: 16867; file size: 400
06-19 18:32:09.802 13412 13412 I monodroid-assembly: /data/app/~~WJcIEtIQi4_OGyw7znvc3w==/com.companyname.threetabscrash-VATdke2-2a8VdGUrQkMa-A==/base.apk entry: res/anim-v21/m3_bottom_sheet_slide_in.xml
06-19 18:32:09.802 13412 13412 I monodroid-assembly:     ZIP: local header offset: 17083; data offset: 17154; file size: 616
06-19 18:32:09.802 13412 13412 I monodroid-assembly: /data/app/~~WJcIEtIQi4_OGyw7znvc3w==/com.companyname.threetabscrash-VATdke2-2a8VdGUrQkMa-A==/base.apk entry: res/anim-v21/m3_bottom_sheet_slide_out.xml
06-19 18:32:09.802 13412 13412 I monodroid-assembly:     ZIP: local header offset: 17453; data offset: 17525; file size: 656
06-19 18:32:09.802 13412 13412 I monodroid-assembly: /data/app/~~WJcIEtIQi4_OGyw7znvc3w==/com.companyname.threetabscrash-VATdke2-2a8VdGUrQkMa-A==/base.apk entry: res/anim/m3_motion_fade_enter.xml
06-19 18:32:09.802 13412 13412 I monodroid-assembly:     ZIP: local header offset: 17831; data offset: 17894; file size: 812
06-19 18:32:09.802 13412 13412 I monodroid-assembly: /data/app/~~WJcIEtIQi4_OGyw7znvc3w==/com.companyname.threetabscrash-VATdke2-2a8VdGUrQkMa-A==/base.apk entry: res/anim/m3_motion_fade_exit.xml
06-19 18:32:09.802 13412 13412 I monodroid-assembly:     ZIP: local header offset: 18266; data offset: 18328; file size: 508
06-19 18:32:09.802 13412 13412 I monodroid-assembly: /data/app/~~WJcIEtIQi4_OGyw7znvc3w==/com.companyname.threetabscrash-VATdke2-2a8VdGUrQkMa-A==/base.apk entry: res/anim-v21/m3_side_sheet_slide_in.xml
06-19 18:32:09.802 13412 13412 I monodroid-assembly:     ZIP: local header offset: 18589; data offset: 18658; file size: 616
06-19 18:32:09.802 13412 13412 I monodroid-assembly: /data/app/~~WJcIEtIQi4_OGyw7znvc3w==/com.companyname.threetabscrash-VATdke2-2a8VdGUrQkMa-A==/base.apk entry: res/anim-v21/m3_side_sheet_slide_out.xml
06-19 18:32:09.802 13412 13412 I monodroid-assembly:     ZIP: local header offset: 18958; data offset: 19028; file size: 616
06-19 18:32:09.802 13412 13412 I monodroid-assembly: /data/app/~~WJcIEtIQi4_OGyw7znvc3w==/com.companyname.threetabscrash-VATdke2-2a8VdGUrQkMa-A==/base.apk entry: res/anim-v21/mtrl_bottom_sheet_slide_in.xml
06-19 18:32:09.802 13412 13412 I monodroid-assembly:     ZIP: local header offset: 19323; data offset: 19396; file size: 616
06-19 18:32:09.802 13412 13412 I monodroid-assembly: /data/app/~~WJcIEtIQi4_OGyw7znvc3w==/com.companyname.threetabscrash-VATdke2-2a8VdGUrQkMa-A==/base.apk entry: res/anim-v21/mtrl_bottom_sheet_slide_out.xml
06-19 18:32:09.802 13412 13412 I monodroid-assembly:     ZIP: local header offset: 19695; data offset: 19769; file size: 616
06-19 18:32:09.802 13412 13412 I monodroid-assembly: /data/app/~~WJcIEtIQi4_OGyw7znvc3w==/com.companyname.threetabscrash-VATdke2-2a8VdGUrQkMa-A==/base.apk entry: res/anim/mtrl_card_lowers_interpolator.xml
06-19 18:32:09.802 13412 13412 I monodroid-assembly:     ZIP: local header offset: 20065; data offset: 20137; file size: 400
06-19 18:32:09.802 13412 13412 I monodroid-assembly: /data/app/~~WJcIEtIQi4_OGyw7znvc3w==/com.companyname.threetabscrash-VATdke2-2a8VdGUrQkMa-A==/base.apk entry: res/anim/nav_default_enter_anim.xml
06-19 18:32:09.802 13412 13412 I monodroid-assembly:     ZIP: local header offset: 20353; data offset: 20418; file size: 388
06-19 18:32:09.802 13412 13412 I monodroid-assembly: /data/app/~~WJcIEtIQi4_OGyw7znvc3w==/com.companyname.threetabscrash-VATdke2-2a8VdGUrQkMa-A==/base.apk entry: res/anim/nav_default_exit_anim.xml
06-19 18:32:09.802 13412 13412 I monodroid-assembly:     ZIP: local header offset: 20636; data offset: 20700; file size: 388
06-19 18:32:09.802 13412 13412 I monodroid-assembly: /data/app/~~WJcIEtIQi4_OGyw7znvc3w==/com.companyname.threetabscrash-VATdke2-2a8VdGUrQkMa-A==/base.apk entry: res/anim/nav_default_pop_enter_anim.xml
06-19 18:32:09.802 13412 13412 I monodroid-assembly:     ZIP: local header offset: 20918; data offset: 20987; file size: 388
06-19 18:32:09.802 13412 13412 I monodroid-assembly: /data/app/~~WJcIEtIQi4_OGyw7znvc3w==/com.companyname.threetabscrash-VATdke2-2a8VdGUrQkMa-A==/base.apk entry: res/anim/nav_default_pop_exit_anim.xml
06-19 18:32:09.802 13412 13412 I monodroid-assembly:     ZIP: local header offset: 21205; data offset: 21273; file size: 388
06-19 18:32:09.802 13412 13412 I monodroid-assembly: /data/app/~~WJcIEtIQi4_OGyw7znvc3w==/com.companyname.threetabscrash-VATdke2-2a8VdGUrQkMa-A==/base.apk entry: res/animator-v21/design_appbar_state_list_animator.xml
06-19 18:32:09.802 13412 13412 I monodroid-assembly:     ZIP: local header offset: 21491; data offset: 21575; file size: 1216
06-19 18:32:09.802 13412 13412 I monodroid-assembly: /data/app/~~WJcIEtIQi4_OGyw7znvc3w==/com.companyname.threetabscrash-VATdke2-2a8VdGUrQkMa-A==/base.apk entry: res/animator/design_fab_hide_motion_spec.xml
06-19 18:32:09.802 13412 13412 I monodroid-assembly:     ZIP: local header offset: 22018; data offset: 22092; file size: 796
06-19 18:32:09.802 13412 13412 I monodroid-assembly: /data/app/~~WJcIEtIQi4_OGyw7znvc3w==/com.companyname.threetabscrash-VATdke2-2a8VdGUrQkMa-A==/base.apk entry: res/animator/design_fab_show_motion_spec.xml
06-19 18:32:09.802 13412 13412 I monodroid-assembly:     ZIP: local header offset: 22421; data offset: 22495; file size: 796
06-19 18:32:09.802 13412 13412 I monodroid-assembly: /data/app/~~WJcIEtIQi4_OGyw7znvc3w==/com.companyname.threetabscrash-VATdke2-2a8VdGUrQkMa-A==/base.apk entry: res/animator/fragment_close_enter.xml
06-19 18:32:09.802 13412 13412 I monodroid-assembly:     ZIP: local header offset: 22822; data offset: 22889; file size: 1128
06-19 18:32:09.802 13412 13412 I monodroid-assembly: /data/app/~~WJcIEtIQi4_OGyw7znvc3w==/com.companyname.threetabscrash-VATdke2-2a8VdGUrQkMa-A==/base.apk entry: res/animator/fragment_close_exit.xml
06-19 18:32:09.803 13412 13412 I monodroid-assembly:     ZIP: local header offset: 23284; data offset: 23350; file size: 1128
06-19 18:32:09.803 13412 13412 I monodroid-assembly: /data/app/~~WJcIEtIQi4_OGyw7znvc3w==/com.companyname.threetabscrash-VATdke2-2a8VdGUrQkMa-A==/base.apk entry: res/animator/fragment_fade_enter.xml
06-19 18:32:09.803 13412 13412 I monodroid-assembly:     ZIP: local header offset: 23744; data offset: 23810; file size: 452
06-19 18:32:09.803 13412 13412 I monodroid-assembly: /data/app/~~WJcIEtIQi4_OGyw7znvc3w==/com.companyname.threetabscrash-VATdke2-2a8VdGUrQkMa-A==/base.apk entry: res/animator/fragment_fade_exit.xml
06-19 18:32:09.803 13412 13412 I monodroid-assembly:     ZIP: local header offset: 24075; data offset: 24140; file size: 452
06-19 18:32:09.803 13412 13412 I monodroid-assembly: /data/app/~~WJcIEtIQi4_OGyw7znvc3w==/com.companyname.threetabscrash-VATdke2-2a8VdGUrQkMa-A==/base.apk entry: res/animator/fragment_open_enter.xml
06-19 18:32:09.803 13412 13412 I monodroid-assembly:     ZIP: local header offset: 24405; data offset: 24471; file size: 1128
06-19 18:32:09.803 13412 13412 I monodroid-assembly: /data/app/~~WJcIEtIQi4_OGyw7znvc3w==/com.companyname.threetabscrash-VATdke2-2a8VdGUrQkMa-A==/base.apk entry: res/animator/fragment_open_exit.xml
06-19 18:32:09.803 13412 13412 I monodroid-assembly:     ZIP: local header offset: 24860; data offset: 24925; file size: 1128
06-19 18:32:09.803 13412 13412 I monodroid-assembly: /data/app/~~WJcIEtIQi4_OGyw7znvc3w==/com.companyname.threetabscrash-VATdke2-2a8VdGUrQkMa-A==/base.apk entry: res/animator/m3_btn_elevated_btn_state_list_anim.xml
06-19 18:32:09.803 13412 13412 I monodroid-assembly:     ZIP: local header offset: 25317; data offset: 25399; file size: 1796
06-19 18:32:09.803 13412 13412 I monodroid-assembly: /data/app/~~WJcIEtIQi4_OGyw7znvc3w==/com.companyname.threetabscrash-VATdke2-2a8VdGUrQkMa-A==/base.apk entry: res/animator/m3_btn_state_list_anim.xml
06-19 18:32:09.803 13412 13412 I monodroid-assembly:     ZIP: local header offset: 25916; data offset: 25985; file size: 1796
06-19 18:32:09.803 13412 13412 I monodroid-assembly: /data/app/~~WJcIEtIQi4_OGyw7znvc3w==/com.companyname.threetabscrash-VATdke2-2a8VdGUrQkMa-A==/base.apk entry: res/animator/m3_card_elevated_state_list_anim.xml
06-19 18:32:09.803 13412 13412 I monodroid-assembly:     ZIP: local header offset: 26502; data offset: 26581; file size: 1632
06-19 18:32:09.803 13412 13412 I monodroid-assembly: /data/app/~~WJcIEtIQi4_OGyw7znvc3w==/com.companyname.threetabscrash-VATdke2-2a8VdGUrQkMa-A==/base.apk entry: res/animator/m3_card_state_list_anim.xml
06-19 18:32:09.803 13412 13412 I monodroid-assembly:     ZIP: local header offset: 27115; data offset: 27185; file size: 1584
06-19 18:32:09.803 13412 13412 I monodroid-assembly: /data/app/~~WJcIEtIQi4_OGyw7znvc3w==/com.companyname.threetabscrash-VATdke2-2a8VdGUrQkMa-A==/base.apk entry: res/animator/m3_chip_state_list_anim.xml
06-19 18:32:09.803 13412 13412 I monodroid-assembly:     ZIP: local header offset: 27711; data offset: 27781; file size: 1180
06-19 18:32:09.803 13412 13412 I monodroid-assembly: /data/app/~~WJcIEtIQi4_OGyw7znvc3w==/com.companyname.threetabscrash-VATdke2-2a8VdGUrQkMa-A==/base.apk entry: res/animator/m3_elevated_chip_state_list_anim.xml
06-19 18:32:09.803 13412 13412 I monodroid-assembly:     ZIP: local header offset: 28196; data offset: 28275; file size: 1072
06-19 18:32:09.803 13412 13412 I monodroid-assembly: /data/app/~~WJcIEtIQi4_OGyw7znvc3w==/com.companyname.threetabscrash-VATdke2-2a8VdGUrQkMa-A==/base.apk entry: res/animator/m3_extended_fab_change_size_collapse_motion_spec.xml
06-19 18:32:09.803 13412 13412 I monodroid-assembly:     ZIP: local header offset: 28674; data offset: 28769; file size: 1116
06-19 18:32:09.803 13412 13412 I monodroid-assembly: /data/app/~~WJcIEtIQi4_OGyw7znvc3w==/com.companyname.threetabscrash-VATdke2-2a8VdGUrQkMa-A==/base.apk entry: res/animator/m3_extended_fab_change_size_expand_motion_spec.xml
06-19 18:32:09.803 13412 13412 I monodroid-assembly:     ZIP: local header offset: 29149; data offset: 29242; file size: 1116
06-19 18:32:09.803 13412 13412 I monodroid-assembly: /data/app/~~WJcIEtIQi4_OGyw7znvc3w==/com.companyname.threetabscrash-VATdke2-2a8VdGUrQkMa-A==/base.apk entry: res/animator/m3_extended_fab_hide_motion_spec.xml
06-19 18:32:09.803 13412 13412 I monodroid-assembly:     ZIP: local header offset: 29622; data offset: 29701; file size: 820
06-19 18:32:09.803 13412 13412 I monodroid-assembly: /data/app/~~WJcIEtIQi4_OGyw7znvc3w==/com.companyname.threetabscrash-VATdke2-2a8VdGUrQkMa-A==/base.apk entry: res/animator/m3_extended_fab_show_motion_spec.xml
06-19 18:32:09.803 13412 13412 I monodroid-assembly:     ZIP: local header offset: 30060; data offset: 30139; file size: 820
06-19 18:32:09.803 13412 13412 I monodroid-assembly: /data/app/~~WJcIEtIQi4_OGyw7znvc3w==/com.companyname.threetabscrash-VATdke2-2a8VdGUrQkMa-A==/base.apk entry: res/animator/m3_extended_fab_state_list_animator.xml
06-19 18:32:09.803 13412 13412 I monodroid-assembly:     ZIP: local header offset: 30494; data offset: 30576; file size: 2724
06-19 18:32:09.803 13412 13412 I monodroid-assembly: /data/app/~~WJcIEtIQi4_OGyw7znvc3w==/com.companyname.threetabscrash-VATdke2-2a8VdGUrQkMa-A==/base.apk entry: res/animator/mtrl_btn_state_list_anim.xml
06-19 18:32:09.803 13412 13412 I monodroid-assembly:     ZIP: local header offset: 31196; data offset: 31267; file size: 2664
06-19 18:32:09.803 13412 13412 I monodroid-assembly: /data/app/~~WJcIEtIQi4_OGyw7znvc3w==/com.companyname.threetabscrash-VATdke2-2a8VdGUrQkMa-A==/base.apk entry: res/animator/mtrl_btn_unelevated_state_list_anim.xml
06-19 18:32:09.803 13412 13412 I monodroid-assembly:     ZIP: local header offset: 31873; data offset: 31955; file size: 120
06-19 18:32:09.803 13412 13412 I monodroid-assembly: /data/app/~~WJcIEtIQi4_OGyw7znvc3w==/com.companyname.threetabscrash-VATdke2-2a8VdGUrQkMa-A==/base.apk entry: res/animator/mtrl_card_state_list_anim.xml
06-19 18:32:09.803 13412 13412 I monodroid-assembly:     ZIP: local header offset: 32021; data offset: 32093; file size: 1208
06-19 18:32:09.803 13412 13412 I monodroid-assembly: /data/app/~~WJcIEtIQi4_OGyw7znvc3w==/com.companyname.threetabscrash-VATdke2-2a8VdGUrQkMa-A==/base.apk entry: res/animator/mtrl_chip_state_list_anim.xml
06-19 18:32:09.803 13412 13412 I monodroid-assembly:     ZIP: local header offset: 32578; data offset: 32650; file size: 1072
06-19 18:32:09.803 13412 13412 I monodroid-assembly: /data/app/~~WJcIEtIQi4_OGyw7znvc3w==/com.companyname.threetabscrash-VATdke2-2a8VdGUrQkMa-A==/base.apk entry: res/animator/mtrl_extended_fab_change_size_collapse_motion_spec.xml
06-19 18:32:09.803 13412 13412 I monodroid-assembly:     ZIP: local header offset: 33041; data offset: 33138; file size: 1116
06-19 18:32:09.803 13412 13412 I monodroid-assembly: /data/app/~~WJcIEtIQi4_OGyw7znvc3w==/com.companyname.threetabscrash-VATdke2-2a8VdGUrQkMa-A==/base.apk entry: res/animator/mtrl_extended_fab_change_size_expand_motion_spec.xml
06-19 18:32:09.803 13412 13412 I monodroid-assembly:     ZIP: local header offset: 33516; data offset: 33611; file size: 1116
06-19 18:32:09.803 13412 13412 I monodroid-assembly: /data/app/~~WJcIEtIQi4_OGyw7znvc3w==/com.companyname.threetabscrash-VATdke2-2a8VdGUrQkMa-A==/base.apk entry: res/animator/mtrl_extended_fab_hide_motion_spec.xml
06-19 18:32:09.803 13412 13412 I monodroid-assembly:     ZIP: local header offset: 33989; data offset: 34070; file size: 608
06-19 18:32:09.803 13412 13412 I monodroid-assembly: /data/app/~~WJcIEtIQi4_OGyw7znvc3w==/com.companyname.threetabscrash-VATdke2-2a8VdGUrQkMa-A==/base.apk entry: res/animator/mtrl_extended_fab_show_motion_spec.xml
06-19 18:32:09.803 13412 13412 I monodroid-assembly:     ZIP: local header offset: 34392; data offset: 34473; file size: 820
06-19 18:32:09.803 13412 13412 I monodroid-assembly: /data/app/~~WJcIEtIQi4_OGyw7znvc3w==/com.companyname.threetabscrash-VATdke2-2a8VdGUrQkMa-A==/base.apk entry: res/animator/mtrl_extended_fab_state_list_animator.xml
06-19 18:32:09.803 13412 13412 I monodroid-assembly:     ZIP: local header offset: 34834; data offset: 34918; file size: 2724
06-19 18:32:09.803 13412 13412 I monodroid-assembly: /data/app/~~WJcIEtIQi4_OGyw7znvc3w==/com.companyname.threetabscrash-VATdke2-2a8VdGUrQkMa-A==/base.apk entry: res/animator/mtrl_fab_hide_motion_spec.xml
06-19 18:32:09.803 13412 13412 I monodroid-assembly:     ZIP: local header offset: 35530; data offset: 35602; file size: 796
06-19 18:32:09.803 13412 13412 I monodroid-assembly: /data/app/~~WJcIEtIQi4_OGyw7znvc3w==/com.companyname.threetabscrash-VATdke2-2a8VdGUrQkMa-A==/base.apk entry: res/animator/mtrl_fab_show_motion_spec.xml
06-19 18:32:09.803 13412 13412 I monodroid-assembly:     ZIP: local header offset: 35934; data offset: 36006; file size: 796
06-19 18:32:09.803 13412 13412 I monodroid-assembly: /data/app/~~WJcIEtIQi4_OGyw7znvc3w==/com.companyname.threetabscrash-VATdke2-2a8VdGUrQkMa-A==/base.apk entry: res/animator/mtrl_fab_transformation_sheet_collapse_spec.xml
06-19 18:32:09.803 13412 13412 I monodroid-assembly:     ZIP: local header offset: 36343; data offset: 36433; file size: 1888
06-19 18:32:09.803 13412 13412 I monodroid-assembly: /data/app/~~WJcIEtIQi4_OGyw7znvc3w==/com.companyname.threetabscrash-VATdke2-2a8VdGUrQkMa-A==/base.apk entry: res/animator/mtrl_fab_transformation_sheet_expand_spec.xml
06-19 18:32:09.803 13412 13412 I monodroid-assembly:     ZIP: local header offset: 36945; data offset: 37033; file size: 1888
06-19 18:32:09.803 13412 13412 I monodroid-assembly: /data/app/~~WJcIEtIQi4_OGyw7znvc3w==/com.companyname.threetabscrash-VATdke2-2a8VdGUrQkMa-A==/base.apk entry: res/animator/nav_default_enter_anim.xml
06-19 18:32:09.803 13412 13412 I monodroid-assembly:     ZIP: local header offset: 37543; data offset: 37612; file size: 452
06-19 18:32:09.803 13412 13412 I monodroid-assembly: /data/app/~~WJcIEtIQi4_OGyw7znvc3w==/com.companyname.threetabscrash-VATdke2-2a8VdGUrQkMa-A==/base.apk entry: res/animator/nav_default_exit_anim.xml
06-19 18:32:09.803 13412 13412 I monodroid-assembly:     ZIP: local header offset: 37878; data offset: 37946; file size: 452
06-19 18:32:09.803 13412 13412 I monodroid-assembly: /data/app/~~WJcIEtIQi4_OGyw7znvc3w==/com.companyname.threetabscrash-VATdke2-2a8VdGUrQkMa-A==/base.apk entry: res/animator/nav_default_pop_enter_anim.xml
06-19 18:32:09.803 13412 13412 I monodroid-assembly:     ZIP: local header offset: 38212; data offset: 38285; file size: 452
06-19 18:32:09.803 13412 13412 I monodroid-assembly: /data/app/~~WJcIEtIQi4_OGyw7znvc3w==/com.companyname.threetabscrash-VATdke2-2a8VdGUrQkMa-A==/base.apk entry: res/animator/nav_default_pop_exit_anim.xml
06-19 18:32:09.803 13412 13412 I monodroid-assembly:     ZIP: local header offset: 38551; data offset: 38623; file size: 452
06-19 18:32:09.803 13412 13412 I monodroid-assembly: /data/app/~~WJcIEtIQi4_OGyw7znvc3w==/com.companyname.threetabscrash-VATdke2-2a8VdGUrQkMa-A==/base.apk entry: res/color/abc_background_cache_hint_selector_material_dark.xml
06-19 18:32:09.803 13412 13412 I monodroid-assembly:     ZIP: local header offset: 38889; data offset: 38981; file size: 468
06-19 18:32:09.803 13412 13412 I monodroid-assembly: /data/app/~~WJcIEtIQi4_OGyw7znvc3w==/com.companyname.threetabscrash-VATdke2-2a8VdGUrQkMa-A==/base.apk entry: res/color/abc_background_cache_hint_selector_material_light.xml
06-19 18:32:09.803 13412 13412 I monodroid-assembly:     ZIP: local header offset: 39212; data offset: 39305; file size: 468
06-19 18:32:09.803 13412 13412 I monodroid-assembly: /data/app/~~WJcIEtIQi4_OGyw7znvc3w==/com.companyname.threetabscrash-VATdke2-2a8VdGUrQkMa-A==/base.apk entry: res/color-v21/abc_btn_colored_borderless_text_material.xml
06-19 18:32:09.803 13412 13412 I monodroid-assembly:     ZIP: local header offset: 39536; data offset: 39624; file size: 464
06-19 18:32:09.803 13412 13412 I monodroid-assembly: /data/app/~~WJcIEtIQi4_OGyw7znvc3w==/com.companyname.threetabscrash-VATdke2-2a8VdGUrQkMa-A==/base.apk entry: res/color/abc_btn_colored_text_material.xml
06-19 18:32:09.803 13412 13412 I monodroid-assembly:     ZIP: local header offset: 39854; data offset: 39927; file size: 604
06-19 18:32:09.803 13412 13412 I monodroid-assembly: /data/app/~~WJcIEtIQi4_OGyw7znvc3w==/com.companyname.threetabscrash-VATdke2-2a8VdGUrQkMa-A==/base.apk entry: res/color/abc_hint_foreground_material_dark.xml
06-19 18:32:09.803 13412 13412 I monodroid-assembly:     ZIP: local header offset: 40199; data offset: 40276; file size: 564
06-19 18:32:09.803 13412 13412 I monodroid-assembly: /data/app/~~WJcIEtIQi4_OGyw7znvc3w==/com.companyname.threetabscrash-VATdke2-2a8VdGUrQkMa-A==/base.apk entry: res/color/abc_hint_foreground_material_light.xml
06-19 18:32:09.803 13412 13412 I monodroid-assembly:     ZIP: local header offset: 40536; data offset: 40614; file size: 564
06-19 18:32:09.803 13412 13412 I monodroid-assembly: /data/app/~~WJcIEtIQi4_OGyw7znvc3w==/com.companyname.threetabscrash-VATdke2-2a8VdGUrQkMa-A==/base.apk entry: res/color/abc_primary_text_disable_only_material_dark.xml
06-19 18:32:09.803 13412 13412 I monodroid-assembly:     ZIP: local header offset: 40874; data offset: 40961; file size: 464
06-19 18:32:09.803 13412 13412 I monodroid-assembly: /data/app/~~WJcIEtIQi4_OGyw7znvc3w==/com.companyname.threetabscrash-VATdke2-2a8VdGUrQkMa-A==/base.apk entry: res/color/abc_primary_text_disable_only_material_light.xml
06-19 18:32:09.803 13412 13412 I monodroid-assembly:     ZIP: local header offset: 41189; data offset: 41277; file size: 464
06-19 18:32:09.803 13412 13412 I monodroid-assembly: /data/app/~~WJcIEtIQi4_OGyw7znvc3w==/com.companyname.threetabscrash-VATdke2-2a8VdGUrQkMa-A==/base.apk entry: res/color/abc_primary_text_material_dark.xml
06-19 18:32:09.803 13412 13412 I monodroid-assembly:     ZIP: local header offset: 41505; data offset: 41579; file size: 464
06-19 18:32:09.803 13412 13412 I monodroid-assembly: /data/app/~~WJcIEtIQi4_OGyw7znvc3w==/com.companyname.threetabscrash-VATdke2-2a8VdGUrQkMa-A==/base.apk entry: res/color/abc_primary_text_material_light.xml
06-19 18:32:09.803 13412 13412 I monodroid-assembly:     ZIP: local header offset: 41807; data offset: 41882; file size: 464
06-19 18:32:09.803 13412 13412 I monodroid-assembly: /data/app/~~WJcIEtIQi4_OGyw7znvc3w==/com.companyname.threetabscrash-VATdke2-2a8VdGUrQkMa-A==/base.apk entry: res/color/abc_search_url_text.xml
06-19 18:32:09.803 13412 13412 I monodroid-assembly:     ZIP: local header offset: 42111; data offset: 42174; file size: 588
06-19 18:32:09.803 13412 13412 I monodroid-assembly: /data/app/~~WJcIEtIQi4_OGyw7znvc3w==/com.companyname.threetabscrash-VATdke2-2a8VdGUrQkMa-A==/base.apk entry: res/color/abc_secondary_text_material_dark.xml
06-19 18:32:09.803 13412 13412 I monodroid-assembly:     ZIP: local header offset: 42424; data offset: 42500; file size: 464
06-19 18:32:09.803 13412 13412 I monodroid-assembly: /data/app/~~WJcIEtIQi4_OGyw7znvc3w==/com.companyname.threetabscrash-VATdke2-2a8VdGUrQkMa-A==/base.apk entry: res/color/abc_secondary_text_material_light.xml
06-19 18:32:09.803 13412 13412 I monodroid-assembly:     ZIP: local header offset: 42729; data offset: 42806; file size: 464
