--------- beginning of main
08-10 14:32:47.393  7825  7825 D monodroid: typemap: Java type 'android/view/MotionEvent' corresponds to managed type 'Android.Views.MotionEvent, Mono.Android'
08-10 14:32:47.394  7825  7825 D Mono    : Running class .cctor for Android.Views.MotionEvent from '/data/data/com.companyname.pathgeometryrenderbugmauiapp/files/.__override__/Mono.Android.dll'
08-10 14:32:47.395  7825  7825 D Mono    : Running class .cctor for Android.Views.InputEvent from '/data/data/com.companyname.pathgeometryrenderbugmauiapp/files/.__override__/Mono.Android.dll'
08-10 14:32:47.398  7825  7825 D Mono    : Running class .cctor for System.Collections.Generic.List`1<Microsoft.Maui.IWindowOverlayElement> from '/data/data/com.companyname.pathgeometryrenderbugmauiapp/files/.__override__/System.Private.CoreLib.dll'
08-10 14:32:49.276   707   841 D EGL_emulation: app_time_stats: avg=19981.44ms min=19981.44ms max=19981.44ms count=1
08-10 14:32:49.374   380   380 I android.hardware.vibrator-service.example: Vibrator perform
08-10 14:32:49.376   380  7861 I android.hardware.vibrator-service.example: Starting perform on another thread
08-10 14:32:49.382   707   841 D EGL_emulation: app_time_stats: avg=922.48ms min=12.98ms max=27224.27ms count=30
08-10 14:32:49.384   387   518 D AudioFlinger: mixer(0x7b3a07301a70) throttle end: throttle time(32)
08-10 14:32:49.479   380  7861 I android.hardware.vibrator-service.example: Notifying perform complete
08-10 14:32:49.479   380   380 I android.hardware.vibrator-service.example: Vibrator off
08-10 14:32:49.481   983  7932 D TaplEvents: Main / onOverviewToggle
--------- beginning of system
08-10 14:32:49.484   546   564 D AutofillManagerService: Close system dialogs
08-10 14:32:49.489   707   707 V ShadeControllerImpl: NotificationShadeWindow: com.android.systemui.statusbar.phone.NotificationShadeWindowView{440cea4 I.E...... ......ID 0,0-1080,2340} canPanelBeCollapsed(): false
08-10 14:32:49.507   546  1650 D CompatibilityChangeReporter: Compat change id reported: 181136395; UID 10153; state: DISABLED
08-10 14:32:49.508   546  1650 D CompatibilityChangeReporter: Compat change id reported: 174042936; UID 10153; state: DISABLED
08-10 14:32:49.515   546   568 D CompatibilityChangeReporter: Compat change id reported: 158002302; UID 10153; state: ENABLED
08-10 14:32:49.519   546   564 D AutofillManagerService: Close system dialogs
08-10 14:32:49.529   707   707 V ShadeControllerImpl: NotificationShadeWindow: com.android.systemui.statusbar.phone.NotificationShadeWindowView{440cea4 I.E...... ......ID 0,0-1080,2340} canPanelBeCollapsed(): false
08-10 14:32:49.534  1545  1545 I A       : onApplyWindowInsets: systemWindowInsets=Insets{left=0, top=145, right=0, bottom=132}
08-10 14:32:49.535  1545  1545 I A       : onApplyWindowInsets: Adjusting for display cutouts. Safe insets: left=0, top=136, right=0, bottom=0
08-10 14:32:49.535  1545  1545 I A       : onApplyWindowInsets: systemWindowInsets=Insets{left=0, top=145, right=0, bottom=132}
08-10 14:32:49.539   359   408 D goldfish-address-space: claimShared: Ask to claim region [0x3f0000000 0x3f09a4000]
08-10 14:32:49.544   546  1180 W ActivityManager: Unable to start service Intent { act=android.service.smartspace.SmartspaceService cmp=com.google.android.as/com.google.android.apps.miphone.aiai.app.AiAiSmartspaceService } U=0: not found
08-10 14:32:49.544   546  1180 W RemoteSmartspaceService: could not bind to Intent { act=android.service.smartspace.SmartspaceService cmp=com.google.android.as/com.google.android.apps.miphone.aiai.app.AiAiSmartspaceService } using flags 67112961
08-10 14:32:49.544   546   546 W ActivityManager: Unbind failed: could not find connection for android.app.LoadedApk$ServiceDispatcher$InnerConnection@dbc7da5
08-10 14:32:49.549   359   408 D goldfish-address-space: claimShared: Ask to claim region [0x3f1cec000 0x3f2690000]
08-10 14:32:49.551   359   408 D goldfish-address-space: claimShared: Ask to claim region [0x3f2690000 0x3f3034000]
08-10 14:32:49.560   359   408 D goldfish-address-space: claimShared: Ask to claim region [0x3f5e4f000 0x3f67f3000]
08-10 14:32:49.561   983   983 I LatencyTracker: ACTION_TOGGLE_RECENTS latency=78
08-10 14:32:49.565   359   408 D goldfish-address-space: claimShared: Ask to claim region [0x3f6cce000 0x3f7672000]
08-10 14:32:49.566   359   408 D goldfish-address-space: claimShared: Ask to claim region [0x3f49a4000 0x3f5348000]
08-10 14:32:49.575  1545  1992 I OpenGLRenderer: Davey! duration=470272ms; Flags=1, FrameTimelineVsyncId=150443, IntendedVsync=876254205076015, Vsync=876254205076015, InputEventId=0, HandleInputStart=876254206223383, AnimationStart=876254206223751, PerformTraversalsStart=876254206223975, DrawStart=876254245024926, FrameDeadline=876254238409347, FrameInterval=876254206221136, FrameStartTime=16666666, SyncQueued=876254253351286, SyncStart=876254253904804, IssueDrawCommandsStart=876254254978968, SwapBuffers=876254255591928, FrameCompleted=876724478371686, DequeueBufferDuration=4174, QueueBufferDuration=2979554, GpuCompleted=876724478371686, SwapBuffersCompleted=876254268673841, DisplayPresentTime=0, 
08-10 14:32:49.872   359   408 D goldfish-address-space: claimShared: Ask to claim region [0x3f3934000 0x3f3f60000]
08-10 14:32:49.885   983   983 I AiAiSuggestUi: Clearing suggestions.
08-10 14:32:49.886   983   983 I AiAiSuggestUi: Requesting to show indicators
08-10 14:32:49.887   546   546 W ActivityManager: Unable to start service Intent { act=android.service.contentsuggestions.ContentSuggestionsService cmp=com.google.android.as/com.google.android.apps.miphone.aiai.app.AiAiContentSuggestionsService } U=0: not found
08-10 14:32:49.887   983   983 I AiAiSuggestUi: Fetching contents, isPrimaryTask = true
08-10 14:32:49.887   546   546 W RemoteContentSuggestionsService: could not bind to Intent { act=android.service.contentsuggestions.ContentSuggestionsService cmp=com.google.android.as/com.google.android.apps.miphone.aiai.app.AiAiContentSuggestionsService } using flags 67112961
08-10 14:32:49.888   546   546 W ContentSuggestionsPerUserService: remote content suggestions service died
08-10 14:32:49.889   546   546 W ActivityManager: Unbind failed: could not find connection for android.app.LoadedApk$ServiceDispatcher$InnerConnection@64dbc5d
08-10 14:32:49.890   546   546 W ActivityManager: Unable to start service Intent { act=android.service.contentsuggestions.ContentSuggestionsService cmp=com.google.android.as/com.google.android.apps.miphone.aiai.app.AiAiContentSuggestionsService } U=0: not found
08-10 14:32:49.891   546   546 W RemoteContentSuggestionsService: could not bind to Intent { act=android.service.contentsuggestions.ContentSuggestionsService cmp=com.google.android.as/com.google.android.apps.miphone.aiai.app.AiAiContentSuggestionsService } using flags 67112961
08-10 14:32:49.892   546   546 W ContentSuggestionsPerUserService: remote content suggestions service died
08-10 14:32:49.892   546   546 W ActivityManager: Unbind failed: could not find connection for android.app.LoadedApk$ServiceDispatcher$InnerConnection@9e84aa3
08-10 14:32:49.918   546   574 I LatencyTracker: ACTION_START_RECENTS_ANIMATION latency=80
08-10 14:32:50.368   983   983 D TaplEvents: Main / Touch event: MotionEvent { action=ACTION_DOWN, actionButton=0, id[0]=0, x[0]=608.9502, y[0]=1678.9471, toolType[0]=TOOL_TYPE_FINGER, buttonState=0, classification=NONE, metaState=META_NUM_LOCK_ON, flags=0x0, edgeFlags=0x0, pointerCount=1, historySize=0, eventTime=876725286, downTime=876725286, deviceId=9, source=0x5002, displayId=0, eventId=187523843 }
08-10 14:32:50.590   983  1481 D EGL_emulation: app_time_stats: avg=19.97ms min=1.45ms max=502.39ms count=32
08-10 14:32:50.684   983   983 D TaplEvents: Main / Touch event: MotionEvent { action=ACTION_UP, actionButton=0, id[0]=0, x[0]=792.9602, y[0]=175.95703, toolType[0]=TOOL_TYPE_FINGER, buttonState=0, classification=NONE, metaState=META_NUM_LOCK_ON, flags=0x0, edgeFlags=0x0, pointerCount=1, historySize=0, eventTime=876725602, downTime=876725286, deviceId=9, source=0x5002, displayId=0, eventId=535868233 }
08-10 14:32:51.001   546  2911 W ActivityManager: Unable to start service Intent { act=android.service.smartspace.SmartspaceService cmp=com.google.android.as/com.google.android.apps.miphone.aiai.app.AiAiSmartspaceService } U=0: not found
08-10 14:32:51.001   546  2911 W RemoteSmartspaceService: could not bind to Intent { act=android.service.smartspace.SmartspaceService cmp=com.google.android.as/com.google.android.apps.miphone.aiai.app.AiAiSmartspaceService } using flags 67112961
08-10 14:32:51.002   546   546 W ActivityManager: Unbind failed: could not find connection for android.app.LoadedApk$ServiceDispatcher$InnerConnection@cb404b8
08-10 14:32:51.009   546   575 I ActivityManager: PendingStartActivityUids startActivity to updateOomAdj delay:1499ms, uid:10131
08-10 14:32:51.010   983   983 I AiAiSuggestUi: Clearing suggestions.
08-10 14:32:51.011   983   983 I AiAiSuggestUi: Clearing suggestions.
08-10 14:32:51.013  1422  1422 I GsaVoiceInteractionSrv: Handling ACTION_START_HOTWORD
08-10 14:32:51.013  1422  1422 I GsaVoiceInteractionSrv: disregardVoiceMatch: false
08-10 14:32:51.013  1422  1422 I GsaVoiceInteractionSrv: Cannot start hotword, hotword has been explicitly disabled.
08-10 14:32:51.049  1295  1295 I GoogleInputMethodService: GoogleInputMethodService.onFinishInput():3420 
08-10 14:32:51.055  1295  1295 I GoogleInputMethodService: GoogleInputMethodService.onStartInput():2002 
08-10 14:32:51.055  1295  1295 I DeviceUnlockedTag: DeviceUnlockedTag.notifyDeviceLockStatusChanged():31 Notify device unlocked.
08-10 14:32:51.061  7825  7825 D Mono    : Running class .cctor for System.Array/EmptyArray`1<Microsoft.Maui.LifecycleEvents.AndroidLifecycle/OnApplicationTrimMemory> from '/data/data/com.companyname.pathgeometryrenderbugmauiapp/files/.__override__/System.Private.CoreLib.dll'
08-10 14:32:51.062  7825  7825 D Mono    : Running class .cctor for System.SZGenericArrayEnumerator`1<Microsoft.Maui.LifecycleEvents.AndroidLifecycle/OnApplicationTrimMemory> from '/data/data/com.companyname.pathgeometryrenderbugmauiapp/files/.__override__/System.Private.CoreLib.dll'
08-10 14:32:51.071  7825  7825 D monodroid: typemap: Java type 'android/os/Bundle' corresponds to managed type 'Android.OS.Bundle, Mono.Android'
08-10 14:32:51.072  7825  7825 D Mono    : Running class .cctor for Android.OS.Bundle from '/data/data/com.companyname.pathgeometryrenderbugmauiapp/files/.__override__/Mono.Android.dll'
08-10 14:32:51.072  7825  7825 D Mono    : Running class .cctor for Android.OS.BaseBundle from '/data/data/com.companyname.pathgeometryrenderbugmauiapp/files/.__override__/Mono.Android.dll'
08-10 14:32:51.077  7825  7825 D Mono    : Running class .cctor for System.Array/EmptyArray`1<Microsoft.Maui.LifecycleEvents.AndroidLifecycle/OnSaveInstanceState> from '/data/data/com.companyname.pathgeometryrenderbugmauiapp/files/.__override__/System.Private.CoreLib.dll'
08-10 14:32:51.088  7825  7825 D Mono    : Running class .cctor for System.SZGenericArrayEnumerator`1<Microsoft.Maui.LifecycleEvents.AndroidLifecycle/OnSaveInstanceState> from '/data/data/com.companyname.pathgeometryrenderbugmauiapp/files/.__override__/System.Private.CoreLib.dll'
08-10 14:32:51.091   707   841 D EGL_emulation: app_time_stats: avg=180.57ms min=11.89ms max=1131.92ms count=10
08-10 14:32:51.094   707   841 D EGL_emulation: app_time_stats: avg=54.77ms min=9.12ms max=1131.88ms count=31
08-10 14:32:51.115   546   567 I ActivityManager: Killing 3148:com.google.android.settings.intelligence/u0a89 (adj 985): empty for 1971s
08-10 14:32:51.118   546   567 I ActivityManager: Killing 7825:com.companyname.pathgeometryrenderbugmauiapp/u0a153 (adj 905): remove task
08-10 14:32:51.165   546   577 I libprocessgroup: Successfully killed process cgroup uid 10089 pid 3148 in 48ms
08-10 14:32:51.198   338   338 I Zygote  : Process 3148 exited due to signal 9 (Killed)
--------- beginning of kernel
08-10 14:32:51.158     0     0 I binder  : undelivered transaction 8687408, process died.
08-10 14:32:51.201   546  2791 I WindowManager: WIN DEATH: Window{f5621a u0 com.companyname.pathgeometryrenderbugmauiapp/crc64b98ea09593e1d03e.MainActivity}
08-10 14:32:51.202   546  2791 W InputManager-JNI: Input channel object 'f5621a com.companyname.pathgeometryrenderbugmauiapp/crc64b98ea09593e1d03e.MainActivity (client)' was disposed without first being removed with the input manager!
08-10 14:32:51.205   338   338 I Zygote  : Process 7825 exited due to signal 9 (Killed)
08-10 14:32:51.210   546   577 I libprocessgroup: Successfully killed process cgroup uid 10153 pid 7825 in 0ms
08-10 14:32:51.216   546   568 W ActivityTaskManager: Can't find TaskDisplayArea to determine support for multi window. Task id=51 attached=false
08-10 14:32:51.216   546   568 W ActivityTaskManager: Can't find TaskDisplayArea to determine support for multi window. Task id=51 attached=false
08-10 14:32:51.218   546   567 W ActivityManager: setHasOverlayUi called on unknown pid: 7825
08-10 14:32:51.219   546   574 W UsageStatsService: Unexpected activity event reported! (com.companyname.pathgeometryrenderbugmauiapp/crc64b98ea09593e1d03e.MainActivity event : 23 instanceId : 225231318)
08-10 14:33:00.027   707   841 D EGL_emulation: app_time_stats: avg=990.95ms min=4.74ms max=8784.86ms count=9
08-10 14:33:02.034   546  2750 D TelephonyManager: requestModemActivityInfo: Sending result to app: ModemActivityInfo{ mTimestamp=876736953 mSleepTimeMs=0 mIdleTimeMs=853169926 mTxTimeMs[]=[0, 0, 0, 0, 0] mRxTimeMs=0}
08-10 14:33:02.137   337 15247 I netd    : trafficSwapActiveStatsMap() <24.96ms>
08-10 14:33:02.154   337 15247 I netd    : tetherGetStats() -> {[]} <16.17ms>
08-10 14:33:06.945     0     0 I logd    : logdr: UID=0 GID=0 PID=7870 n tail=0 logMask=99 pid=0 start=0ns deadline=0ns
08-10 14:33:22.936   546  2791 I ActivityManager: Force stopping com.companyname.pathgeometryrenderbugmauiapp appid=10153 user=0: from pid 7891
08-10 14:33:22.944  2924  2924 D CarrierSvcBindHelper: No carrier app for: 0
08-10 14:33:23.192   546  2791 I ActivityTaskManager: START u0 {act=android.intent.action.MAIN cat=[android.intent.category.LAUNCHER] flg=0x10000000 cmp=com.companyname.pathgeometryrenderbugmauiapp/crc64b98ea09593e1d03e.MainActivity} from uid 0
08-10 14:33:23.195   546  2791 W ActivityTaskManager: Can't find TaskDisplayArea to determine support for multi window. Task id=52 attached=false
08-10 14:33:23.199   546  2791 D CompatibilityChangeReporter: Compat change id reported: 174042980; UID 10153; state: DISABLED
08-10 14:33:23.200   546  2791 D CompatibilityChangeReporter: Compat change id reported: 184838306; UID 10153; state: DISABLED
08-10 14:33:23.201   546  2791 D CompatibilityChangeReporter: Compat change id reported: 185004937; UID 10153; state: DISABLED
08-10 14:33:23.205   546  2791 D CompatibilityChangeReporter: Compat change id reported: 168419799; UID 10153; state: DISABLED
08-10 14:33:23.208   707   825 D PhoneStartingWindowTypeAlgorithm: preferredStartingWindowType newTask:true taskSwitch:true processRunning:false allowTaskSnapshot:true activityCreated:false useEmptySplashScreen:false legacySplashScreen:false topIsHome:false
08-10 14:33:23.208   707   825 D StartingSurfaceDrawer: addSplashScreen com.companyname.pathgeometryrenderbugmauiapp theme=7f10012c task=52 suggestType=1
08-10 14:33:23.211   707   830 D StartingSurfaceDrawer: window attributes color: ff512bd4 icon android.graphics.drawable.LayerDrawable@9956db6 duration 0 brandImage null
08-10 14:33:23.213   707   830 D SplashScreenView: Build android.window.SplashScreenView{cd15ab7 V.E...... ......ID 0,0-0,0}
08-10 14:33:23.213   707   830 D SplashScreenView: Icon: view: android.widget.ImageView{f519224 V.ED..... ......I. 0,0-0,0 #10204a7 android:id/splashscreen_icon_view} drawable: com.android.wm.shell.startingsurface.SplashscreenIconDrawableFactory$ImmobileIconDrawable@c1a618d size: 528
08-10 14:33:23.213   707   830 D SplashScreenView: Branding: view: android.view.View{102af42 G.ED..... ......I. 0,0-0,0 #10204a6 android:id/splashscreen_branding_view} drawable: null size w: 0 h: 0
08-10 14:33:23.214   707   830 D StartingSurfaceDrawer: fillViewWithIcon surfaceWindowView android.window.SplashScreenView{cd15ab7 V.E...... ......ID 0,0-0,0}
08-10 14:33:23.224   546   567 D CompatibilityChangeReporter: Compat change id reported: 135634846; UID 10153; state: DISABLED
08-10 14:33:23.225   546   576 D CompatibilityChangeReporter: Compat change id reported: 143937733; UID 10153; state: ENABLED
08-10 14:33:23.231   359   408 D goldfish-address-space: claimShared: Ask to claim region [0x3f09a4000 0x3f1348000]
08-10 14:33:23.237   359   408 D goldfish-address-space: claimShared: Ask to claim region [0x3f1348000 0x3f1cec000]
08-10 14:33:23.239   359   408 D goldfish-address-space: claimShared: Ask to claim region [0x3f4000000 0x3f49a4000]
08-10 14:33:23.262   338   338 D Zygote  : Forked child process 7896
08-10 14:33:23.265   546   576 I ActivityManager: Start proc 7896:com.companyname.pathgeometryrenderbugmauiapp/u0a153 for pre-top-activity {com.companyname.pathgeometryrenderbugmauiapp/crc64b98ea09593e1d03e.MainActivity}
08-10 14:33:23.276   983  1481 D EGL_emulation: app_time_stats: avg=777.39ms min=11.06ms max=31983.93ms count=42
08-10 14:33:23.291  7896  7896 I enderbugmauiap: Late-enabling -Xcheck:jni
08-10 14:33:23.344  1422  1422 I GsaVoiceInteractionSrv: Handling ACTION_STOP_HOTWORD
08-10 14:33:23.345  1422  1422 E HwDetectorWithState: a: 3
08-10 14:33:23.373  7896  7896 W enderbugmauiap: Unexpected CPU variant for X86 using defaults: x86_64
08-10 14:33:23.388 19047 19054 I adbd    : jdwp connection from 7896
08-10 14:33:23.436  7896  7896 D CompatibilityChangeReporter: Compat change id reported: 171979766; UID 10153; state: ENABLED
08-10 14:33:23.561   707   841 D EGL_emulation: app_time_stats: avg=3607.37ms min=13.14ms max=32316.33ms count=9
08-10 14:33:23.562   546  1180 W ActivityManager: Unable to start service Intent { act=android.service.smartspace.SmartspaceService cmp=com.google.android.as/com.google.android.apps.miphone.aiai.app.AiAiSmartspaceService } U=0: not found
08-10 14:33:23.563   546  1180 W RemoteSmartspaceService: could not bind to Intent { act=android.service.smartspace.SmartspaceService cmp=com.google.android.as/com.google.android.apps.miphone.aiai.app.AiAiSmartspaceService } using flags 67112961
08-10 14:33:23.563   546   546 W ActivityManager: Unbind failed: could not find connection for android.app.LoadedApk$ServiceDispatcher$InnerConnection@4893e43
08-10 14:33:23.564  1545  1545 I A       : onApplyWindowInsets: systemWindowInsets=Insets{left=0, top=145, right=0, bottom=132}
08-10 14:33:23.565  1545  1545 I A       : onApplyWindowInsets: Adjusting for display cutouts. Safe insets: left=0, top=136, right=0, bottom=0
08-10 14:33:23.565  1545  1545 I A       : onApplyWindowInsets: systemWindowInsets=Insets{left=0, top=145, right=0, bottom=132}
08-10 14:33:23.666  7896  7896 V GraphicsEnvironment: ANGLE Developer option for 'com.companyname.pathgeometryrenderbugmauiapp' set to: 'default'
08-10 14:33:23.666  7896  7896 V GraphicsEnvironment: Neither updatable production driver nor prerelease driver is supported.
08-10 14:33:23.668  7896  7896 D NetworkSecurityConfig: No Network Security Config specified, using platform default
08-10 14:33:23.669  7896  7896 D NetworkSecurityConfig: No Network Security Config specified, using platform default
08-10 14:33:23.679  7896  7896 D debug-app-helper: Checking if libmonodroid was unpacked to /data/app/~~2AxfP9DOhvcA8mTnEmnQlw==/com.companyname.pathgeometryrenderbugmauiapp-6Slkk_uJoOiUnQ9tJRJHWQ==/lib/x86_64/libmonodroid.so
08-10 14:33:23.679  7896  7896 D debug-app-helper: Native libs extracted to /data/app/~~2AxfP9DOhvcA8mTnEmnQlw==/com.companyname.pathgeometryrenderbugmauiapp-6Slkk_uJoOiUnQ9tJRJHWQ==/lib/x86_64, assuming application/android:extractNativeLibs == true
08-10 14:33:23.679  7896  7896 I debug-app-helper: Setting up for DSO lookup in app data directories
08-10 14:33:23.679  7896  7896 D debug-app-helper: Added filesystem DSO lookup location: /data/app/~~2AxfP9DOhvcA8mTnEmnQlw==/com.companyname.pathgeometryrenderbugmauiapp-6Slkk_uJoOiUnQ9tJRJHWQ==/lib/x86_64
08-10 14:33:23.680  7896  7896 W debug-app-helper: Using runtime path: /data/app/~~2AxfP9DOhvcA8mTnEmnQlw==/com.companyname.pathgeometryrenderbugmauiapp-6Slkk_uJoOiUnQ9tJRJHWQ==/lib/x86_64
08-10 14:33:23.680  7896  7896 W debug-app-helper: checking directory: `/data/user/0/com.companyname.pathgeometryrenderbugmauiapp/files/.__override__/lib`
08-10 14:33:23.680  7896  7896 W debug-app-helper: directory does not exist: `/data/user/0/com.companyname.pathgeometryrenderbugmauiapp/files/.__override__/lib`
08-10 14:33:23.680  7896  7896 W debug-app-helper: Checking whether Mono runtime exists at: /data/user/0/com.companyname.pathgeometryrenderbugmauiapp/files/.__override__/libmonosgen-2.0.so
08-10 14:33:23.681  7896  7896 W debug-app-helper: Checking whether Mono runtime exists at: /data/app/~~2AxfP9DOhvcA8mTnEmnQlw==/com.companyname.pathgeometryrenderbugmauiapp-6Slkk_uJoOiUnQ9tJRJHWQ==/lib/x86_64/libmonosgen-2.0.so
08-10 14:33:23.681  7896  7896 I debug-app-helper: Mono runtime found at: /data/app/~~2AxfP9DOhvcA8mTnEmnQlw==/com.companyname.pathgeometryrenderbugmauiapp-6Slkk_uJoOiUnQ9tJRJHWQ==/lib/x86_64/libmonosgen-2.0.so
08-10 14:33:23.683  7896  7896 W enderbugmauiap: Attempt to remove non-JNI local reference, dumping thread
08-10 14:33:23.690  7896  7896 I DOTNET  : JNI_OnLoad: JNI_OnLoad in pal_jni.c
08-10 14:33:23.692  7896  7896 D DOTNET  : GetOptionalClassGRef: optional class com/android/org/conscrypt/OpenSSLEngineImpl was not found
08-10 14:33:23.695  7896  7896 D monodroid-assembly: Checking if libmonodroid was unpacked to /data/app/~~2AxfP9DOhvcA8mTnEmnQlw==/com.companyname.pathgeometryrenderbugmauiapp-6Slkk_uJoOiUnQ9tJRJHWQ==/lib/x86_64/libmonodroid.so
08-10 14:33:23.695  7896  7896 D monodroid-assembly: Native libs extracted to /data/app/~~2AxfP9DOhvcA8mTnEmnQlw==/com.companyname.pathgeometryrenderbugmauiapp-6Slkk_uJoOiUnQ9tJRJHWQ==/lib/x86_64, assuming application/android:extractNativeLibs == true
08-10 14:33:23.695  7896  7896 I monodroid: Generated hash 0x941355db for package name com.companyname.pathgeometryrenderbugmauiapp
08-10 14:33:23.696  7896  7896 I monodroid: Mono AOT mode: interp
08-10 14:33:23.696  7896  7896 I monodroid: Setting environment variable 'DOTNET_MODIFIABLE_ASSEMBLIES' to 'Debug'
08-10 14:33:23.696  7896  7896 I monodroid: Setting environment variable 'MONO_GC_PARAMS' to 'major=marksweep-conc'
08-10 14:33:23.696  7896  7896 I monodroid: Setting environment variable 'MONO_LOG_LEVEL' to 'info'
08-10 14:33:23.696  7896  7896 I monodroid: Setting environment variable 'XAMARIN_BUILD_ID' to '46dc1dbe-67de-41cf-913d-c9aaf0f9735f'
08-10 14:33:23.697  7896  7896 I monodroid: Setting environment variable 'XA_HTTP_CLIENT_HANDLER_TYPE' to 'Xamarin.Android.Net.AndroidMessageHandler'
08-10 14:33:23.697  7896  7896 I monodroid: Setting environment variable '__XA_PACKAGE_NAMING_POLICY__' to 'LowercaseCrc64'
08-10 14:33:23.698  7896  7896 I monodroid: Creating XDG directory: /data/user/0/com.companyname.pathgeometryrenderbugmauiapp/files/.local/share
08-10 14:33:23.698  7896  7896 I monodroid: Creating XDG directory: /data/user/0/com.companyname.pathgeometryrenderbugmauiapp/files/.config
08-10 14:33:23.699  7896  7896 I monodroid: Setting up for DSO lookup in app data directories
08-10 14:33:23.699  7896  7896 D monodroid-assembly: Added filesystem DSO lookup location: /data/app/~~2AxfP9DOhvcA8mTnEmnQlw==/com.companyname.pathgeometryrenderbugmauiapp-6Slkk_uJoOiUnQ9tJRJHWQ==/lib/x86_64
08-10 14:33:23.699  7896  7896 W monodroid: Creating public update directory: `/data/user/0/com.companyname.pathgeometryrenderbugmauiapp/files/.__override__`
08-10 14:33:23.700  7896  7896 W enderbugmauiap: Attempt to remove non-JNI local reference, dumping thread
08-10 14:33:23.700  7896  7896 I monodroid: Using runtime path: /data/app/~~2AxfP9DOhvcA8mTnEmnQlw==/com.companyname.pathgeometryrenderbugmauiapp-6Slkk_uJoOiUnQ9tJRJHWQ==/lib/x86_64
08-10 14:33:23.700  7896  7896 I monodroid: Probing for Mono AOT mode
08-10 14:33:23.700  7896  7896 I monodroid: Enabling Mono Interpreter
08-10 14:33:23.701  7896  7896 I monodroid: Probing if we should use LLVM
08-10 14:33:23.701  7896  7896 W monodroid: runtime args empty
08-10 14:33:23.701  7896  7896 I monodroid-assembly: APK /data/app/~~2AxfP9DOhvcA8mTnEmnQlw==/com.companyname.pathgeometryrenderbugmauiapp-6Slkk_uJoOiUnQ9tJRJHWQ==/base.apk FD: 61
08-10 14:33:23.702  7896  7896 I monodroid-assembly: Central directory offset: 9986048
08-10 14:33:23.702  7896  7896 I monodroid-assembly: Central directory size: 116600
08-10 14:33:23.702  7896  7896 I monodroid-assembly: Central directory entries: 1263
08-10 14:33:23.704  7896  7896 I monodroid-assembly: /data/app/~~2AxfP9DOhvcA8mTnEmnQlw==/com.companyname.pathgeometryrenderbugmauiapp-6Slkk_uJoOiUnQ9tJRJHWQ==/base.apk entry: AndroidManifest.xml
08-10 14:33:23.704  7896  7896 I monodroid-assembly:     ZIP: local header offset: 0; data offset: 49; file size: 7336
08-10 14:33:23.704  7896  7896 I monodroid-assembly: /data/app/~~2AxfP9DOhvcA8mTnEmnQlw==/com.companyname.pathgeometryrenderbugmauiapp-6Slkk_uJoOiUnQ9tJRJHWQ==/base.apk entry: res/anim/abc_fade_in.xml
08-10 14:33:23.704  7896  7896 I monodroid-assembly:     ZIP: local header offset: 2204; data offset: 2258; file size: 388
08-10 14:33:23.705  7896  7896 I monodroid-assembly: /data/app/~~2AxfP9DOhvcA8mTnEmnQlw==/com.companyname.pathgeometryrenderbugmauiapp-6Slkk_uJoOiUnQ9tJRJHWQ==/base.apk entry: res/anim/abc_fade_out.xml
08-10 14:33:23.705  7896  7896 I monodroid-assembly:     ZIP: local header offset: 2475; data offset: 2530; file size: 388
08-10 14:33:23.705  7896  7896 I monodroid-assembly: /data/app/~~2AxfP9DOhvcA8mTnEmnQlw==/com.companyname.pathgeometryrenderbugmauiapp-6Slkk_uJoOiUnQ9tJRJHWQ==/base.apk entry: res/anim/abc_grow_fade_in_from_bottom.xml
08-10 14:33:23.705  7896  7896 I monodroid-assembly:     ZIP: local header offset: 2748; data offset: 2819; file size: 852
08-10 14:33:23.706  7896  7896 I monodroid-assembly: /data/app/~~2AxfP9DOhvcA8mTnEmnQlw==/com.companyname.pathgeometryrenderbugmauiapp-6Slkk_uJoOiUnQ9tJRJHWQ==/base.apk entry: res/anim/abc_popup_enter.xml
08-10 14:33:23.706  7896  7896 I monodroid-assembly:     ZIP: local header offset: 3195; data offset: 3253; file size: 508
08-10 14:33:23.706  7896  7896 I monodroid-assembly: /data/app/~~2AxfP9DOhvcA8mTnEmnQlw==/com.companyname.pathgeometryrenderbugmauiapp-6Slkk_uJoOiUnQ9tJRJHWQ==/base.apk entry: res/anim/abc_popup_exit.xml
08-10 14:33:23.706  7896  7896 I monodroid-assembly:     ZIP: local header offset: 3511; data offset: 3568; file size: 508
08-10 14:33:23.706  7896  7896 I monodroid-assembly: /data/app/~~2AxfP9DOhvcA8mTnEmnQlw==/com.companyname.pathgeometryrenderbugmauiapp-6Slkk_uJoOiUnQ9tJRJHWQ==/base.apk entry: res/anim/abc_shrink_fade_out_from_bottom.xml
08-10 14:33:23.707  7896  7896 I monodroid-assembly:     ZIP: local header offset: 3828; data offset: 3902; file size: 852
08-10 14:33:23.707  7896  7896 I monodroid-assembly: /data/app/~~2AxfP9DOhvcA8mTnEmnQlw==/com.companyname.pathgeometryrenderbugmauiapp-6Slkk_uJoOiUnQ9tJRJHWQ==/base.apk entry: res/anim/abc_slide_in_bottom.xml
08-10 14:33:23.707  7896  7896 I monodroid-assembly:     ZIP: local header offset: 4279; data offset: 4341; file size: 396
08-10 14:33:23.707  7896  7896 I monodroid-assembly: /data/app/~~2AxfP9DOhvcA8mTnEmnQlw==/com.companyname.pathgeometryrenderbugmauiapp-6Slkk_uJoOiUnQ9tJRJHWQ==/base.apk entry: res/anim/abc_slide_in_top.xml
08-10 14:33:23.707  7896  7896 I monodroid-assembly:     ZIP: local header offset: 4569; data offset: 4628; file size: 396
08-10 14:33:23.707  7896  7896 I monodroid-assembly: /data/app/~~2AxfP9DOhvcA8mTnEmnQlw==/com.companyname.pathgeometryrenderbugmauiapp-6Slkk_uJoOiUnQ9tJRJHWQ==/base.apk entry: res/anim/abc_slide_out_bottom.xml
08-10 14:33:23.707  7896  7896 I monodroid-assembly:     ZIP: local header offset: 4857; data offset: 4920; file size: 396
08-10 14:33:23.707  7896  7896 I monodroid-assembly: /data/app/~~2AxfP9DOhvcA8mTnEmnQlw==/com.companyname.pathgeometryrenderbugmauiapp-6Slkk_uJoOiUnQ9tJRJHWQ==/base.apk entry: res/anim/abc_slide_out_top.xml
08-10 14:33:23.707  7896  7896 I monodroid-assembly:     ZIP: local header offset: 5147; data offset: 5207; file size: 396
08-10 14:33:23.708  7896  7896 I monodroid-assembly: /data/app/~~2AxfP9DOhvcA8mTnEmnQlw==/com.companyname.pathgeometryrenderbugmauiapp-6Slkk_uJoOiUnQ9tJRJHWQ==/base.apk entry: res/anim/abc_tooltip_enter.xml
08-10 14:33:23.708  7896  7896 I monodroid-assembly:     ZIP: local header offset: 5435; data offset: 5495; file size: 388
08-10 14:33:23.708  7896  7896 I monodroid-assembly: /data/app/~~2AxfP9DOhvcA8mTnEmnQlw==/com.companyname.pathgeometryrenderbugmauiapp-6Slkk_uJoOiUnQ9tJRJHWQ==/base.apk entry: res/anim/abc_tooltip_exit.xml
08-10 14:33:23.708  7896  7896 I monodroid-assembly:     ZIP: local header offset: 5712; data offset: 5771; file size: 388
08-10 14:33:23.708  7896  7896 I monodroid-assembly: /data/app/~~2AxfP9DOhvcA8mTnEmnQlw==/com.companyname.pathgeometryrenderbugmauiapp-6Slkk_uJoOiUnQ9tJRJHWQ==/base.apk entry: res/anim/btn_checkbox_to_checked_box_inner_merged_animation.xml
08-10 14:33:23.708  7896  7896 I monodroid-assembly:     ZIP: local header offset: 5988; data offset: 6081; file size: 2124
08-10 14:33:23.709  7896  7896 I monodroid-assembly: /data/app/~~2AxfP9DOhvcA8mTnEmnQlw==/com.companyname.pathgeometryrenderbugmauiapp-6Slkk_uJoOiUnQ9tJRJHWQ==/base.apk entry: res/anim/btn_checkbox_to_checked_box_outer_merged_animation.xml
08-10 14:33:23.709  7896  7896 I monodroid-assembly:     ZIP: local header offset: 6723; data offset: 6816; file size: 2780
08-10 14:33:23.709  7896  7896 I monodroid-assembly: /data/app/~~2AxfP9DOhvcA8mTnEmnQlw==/com.companyname.pathgeometryrenderbugmauiapp-6Slkk_uJoOiUnQ9tJRJHWQ==/base.apk entry: res/anim/btn_checkbox_to_checked_icon_null_animation.xml
08-10 14:33:23.709  7896  7896 I monodroid-assembly:     ZIP: local header offset: 7557; data offset: 7643; file size: 1196
08-10 14:33:23.710  7896  7896 I monodroid-assembly: /data/app/~~2AxfP9DOhvcA8mTnEmnQlw==/com.companyname.pathgeometryrenderbugmauiapp-6Slkk_uJoOiUnQ9tJRJHWQ==/base.apk entry: res/anim/btn_checkbox_to_unchecked_box_inner_merged_animation.xml
08-10 14:33:23.710  7896  7896 I monodroid-assembly:     ZIP: local header offset: 8039; data offset: 8134; file size: 2360
08-10 14:33:23.710  7896  7896 I monodroid-assembly: /data/app/~~2AxfP9DOhvcA8mTnEmnQlw==/com.companyname.pathgeometryrenderbugmauiapp-6Slkk_uJoOiUnQ9tJRJHWQ==/base.apk entry: res/anim/btn_checkbox_to_unchecked_check_path_merged_animation.xml
08-10 14:33:23.710  7896  7896 I monodroid-assembly:     ZIP: local header offset: 8792; data offset: 8888; file size: 2520
08-10 14:33:23.711  7896  7896 I monodroid-assembly: /data/app/~~2AxfP9DOhvcA8mTnEmnQlw==/com.companyname.pathgeometryrenderbugmauiapp-6Slkk_uJoOiUnQ9tJRJHWQ==/base.apk entry: res/anim/btn_checkbox_to_unchecked_icon_null_animation.xml
08-10 14:33:23.711  7896  7896 I monodroid-assembly:     ZIP: local header offset: 9619; data offset: 9707; file size: 1196
08-10 14:33:23.711  7896  7896 I monodroid-assembly: /data/app/~~2AxfP9DOhvcA8mTnEmnQlw==/com.companyname.pathgeometryrenderbugmauiapp-6Slkk_uJoOiUnQ9tJRJHWQ==/base.apk entry: res/anim/btn_radio_to_off_mtrl_dot_group_animation.xml
08-10 14:33:23.711  7896  7896 I monodroid-assembly:     ZIP: local header offset: 10103; data offset: 10187; file size: 1656
08-10 14:33:23.712  7896  7896 I monodroid-assembly: /data/app/~~2AxfP9DOhvcA8mTnEmnQlw==/com.companyname.pathgeometryrenderbugmauiapp-6Slkk_uJoOiUnQ9tJRJHWQ==/base.apk entry: res/anim/btn_radio_to_off_mtrl_ring_outer_animation.xml
08-10 14:33:23.712  7896  7896 I monodroid-assembly:     ZIP: local header offset: 10618; data offset: 10703; file size: 1656
08-10 14:33:23.712  7896  7896 I monodroid-assembly: /data/app/~~2AxfP9DOhvcA8mTnEmnQlw==/com.companyname.pathgeometryrenderbugmauiapp-6Slkk_uJoOiUnQ9tJRJHWQ==/base.apk entry: res/anim/btn_radio_to_off_mtrl_ring_outer_path_animation.xml
08-10 14:33:23.712  7896  7896 I monodroid-assembly:     ZIP: local header offset: 11136; data offset: 11226; file size: 1028
08-10 14:33:23.712  7896  7896 I monodroid-assembly: /data/app/~~2AxfP9DOhvcA8mTnEmnQlw==/com.companyname.pathgeometryrenderbugmauiapp-6Slkk_uJoOiUnQ9tJRJHWQ==/base.apk entry: res/anim/btn_radio_to_on_mtrl_dot_group_animation.xml
08-10 14:33:23.713  7896  7896 I monodroid-assembly:     ZIP: local header offset: 11599; data offset: 11682; file size: 1656
08-10 14:33:23.713  7896  7896 I monodroid-assembly: /data/app/~~2AxfP9DOhvcA8mTnEmnQlw==/com.companyname.pathgeometryrenderbugmauiapp-6Slkk_uJoOiUnQ9tJRJHWQ==/base.apk entry: res/anim/btn_radio_to_on_mtrl_ring_outer_animation.xml
08-10 14:33:23.713  7896  7896 I monodroid-assembly:     ZIP: local header offset: 12103; data offset: 12187; file size: 1656
08-10 14:33:23.713  7896  7896 I monodroid-assembly: /data/app/~~2AxfP9DOhvcA8mTnEmnQlw==/com.companyname.pathgeometryrenderbugmauiapp-6Slkk_uJoOiUnQ9tJRJHWQ==/base.apk entry: res/anim/btn_radio_to_on_mtrl_ring_outer_path_animation.xml
08-10 14:33:23.714  7896  7896 I monodroid-assembly:     ZIP: local header offset: 12616; data offset: 12705; file size: 1028
08-10 14:33:23.714  7896  7896 I monodroid-assembly: /data/app/~~2AxfP9DOhvcA8mTnEmnQlw==/com.companyname.pathgeometryrenderbugmauiapp-6Slkk_uJoOiUnQ9tJRJHWQ==/base.apk entry: res/anim-v21/design_bottom_sheet_slide_in.xml
08-10 14:33:23.714  7896  7896 I monodroid-assembly:     ZIP: local header offset: 13085; data offset: 13160; file size: 616
08-10 14:33:23.715  7896  7896 I monodroid-assembly: /data/app/~~2AxfP9DOhvcA8mTnEmnQlw==/com.companyname.pathgeometryrenderbugmauiapp-6Slkk_uJoOiUnQ9tJRJHWQ==/base.apk entry: res/anim-v21/design_bottom_sheet_slide_out.xml
08-10 14:33:23.715  7896  7896 I monodroid-assembly:     ZIP: local header offset: 13459; data offset: 13535; file size: 616
08-10 14:33:23.715  7896  7896 I monodroid-assembly: /data/app/~~2AxfP9DOhvcA8mTnEmnQlw==/com.companyname.pathgeometryrenderbugmauiapp-6Slkk_uJoOiUnQ9tJRJHWQ==/base.apk entry: res/anim/design_snackbar_in.xml
08-10 14:33:23.715  7896  7896 I monodroid-assembly:     ZIP: local header offset: 13833; data offset: 13894; file size: 312
08-10 14:33:23.716  7896  7896 I monodroid-assembly: /data/app/~~2AxfP9DOhvcA8mTnEmnQlw==/com.companyname.pathgeometryrenderbugmauiapp-6Slkk_uJoOiUnQ9tJRJHWQ==/base.apk entry: res/anim/design_snackbar_out.xml
08-10 14:33:23.716  7896  7896 I monodroid-assembly:     ZIP: local header offset: 14075; data offset: 14137; file size: 312
08-10 14:33:23.716  7896  7896 I monodroid-assembly: /data/app/~~2AxfP9DOhvcA8mTnEmnQlw==/com.companyname.pathgeometryrenderbugmauiapp-6Slkk_uJoOiUnQ9tJRJHWQ==/base.apk entry: res/anim/enterfromleft.xml
08-10 14:33:23.716  7896  7896 I monodroid-assembly:     ZIP: local header offset: 14315; data offset: 14371; file size: 640
08-10 14:33:23.716  7896  7896 I monodroid-assembly: /data/app/~~2AxfP9DOhvcA8mTnEmnQlw==/com.companyname.pathgeometryrenderbugmauiapp-6Slkk_uJoOiUnQ9tJRJHWQ==/base.apk entry: res/anim/enterfromright.xml
08-10 14:33:23.717  7896  7896 I monodroid-assembly:     ZIP: local header offset: 14673; data offset: 14730; file size: 468
08-10 14:33:23.717  7896  7896 I monodroid-assembly: /data/app/~~2AxfP9DOhvcA8mTnEmnQlw==/com.companyname.pathgeometryrenderbugmauiapp-6Slkk_uJoOiUnQ9tJRJHWQ==/base.apk entry: res/anim/exittoleft.xml
08-10 14:33:23.717  7896  7896 I monodroid-assembly:     ZIP: local header offset: 14973; data offset: 15026; file size: 640
08-10 14:33:23.718  7896  7896 I monodroid-assembly: /data/app/~~2AxfP9DOhvcA8mTnEmnQlw==/com.companyname.pathgeometryrenderbugmauiapp-6Slkk_uJoOiUnQ9tJRJHWQ==/base.apk entry: res/anim/exittoright.xml
08-10 14:33:23.718  7896  7896 I monodroid-assembly:     ZIP: local header offset: 15327; data offset: 15381; file size: 468
08-10 14:33:23.718  7896  7896 I monodroid-assembly: /data/app/~~2AxfP9DOhvcA8mTnEmnQlw==/com.companyname.pathgeometryrenderbugmauiapp-6Slkk_uJoOiUnQ9tJRJHWQ==/base.apk entry: res/anim-v21/fragment_fast_out_extra_slow_in.xml
08-10 14:33:23.718  7896  7896 I monodroid-assembly:     ZIP: local header offset: 15624; data offset: 15702; file size: 364
08-10 14:33:23.718  7896  7896 I monodroid-assembly: /data/app/~~2AxfP9DOhvcA8mTnEmnQlw==/com.companyname.pathgeometryrenderbugmauiapp-6Slkk_uJoOiUnQ9tJRJHWQ==/base.apk entry: res/anim/linear_indeterminate_line1_head_interpolator.xml
08-10 14:33:23.719  7896  7896 I monodroid-assembly:     ZIP: local header offset: 15920; data offset: 16007; file size: 400
08-10 14:33:23.719  7896  7896 I monodroid-assembly: /data/app/~~2AxfP9DOhvcA8mTnEmnQlw==/com.companyname.pathgeometryrenderbugmauiapp-6Slkk_uJoOiUnQ9tJRJHWQ==/base.apk entry: res/anim/linear_indeterminate_line1_tail_interpolator.xml
08-10 14:33:23.719  7896  7896 I monodroid-assembly:     ZIP: local header offset: 16221; data offset: 16308; file size: 400
08-10 14:33:23.720  7896  7896 I monodroid-assembly: /data/app/~~2AxfP9DOhvcA8mTnEmnQlw==/com.companyname.pathgeometryrenderbugmauiapp-6Slkk_uJoOiUnQ9tJRJHWQ==/base.apk entry: res/anim/linear_indeterminate_line2_head_interpolator.xml
08-10 14:33:23.720  7896  7896 I monodroid-assembly:     ZIP: local header offset: 16519; data offset: 16606; file size: 400
08-10 14:33:23.720  7896  7896 I monodroid-assembly: /data/app/~~2AxfP9DOhvcA8mTnEmnQlw==/com.companyname.pathgeometryrenderbugmauiapp-6Slkk_uJoOiUnQ9tJRJHWQ==/base.apk entry: res/anim/linear_indeterminate_line2_tail_interpolator.xml
08-10 14:33:23.720  7896  7896 I monodroid-assembly:     ZIP: local header offset: 16813; data offset: 16900; file size: 400
08-10 14:33:23.720  7896  7896 I monodroid-assembly: /data/app/~~2AxfP9DOhvcA8mTnEmnQlw==/com.companyname.pathgeometryrenderbugmauiapp-6Slkk_uJoOiUnQ9tJRJHWQ==/base.apk entry: res/anim-v21/mtrl_bottom_sheet_slide_in.xml
08-10 14:33:23.720  7896  7896 I monodroid-assembly:     ZIP: local header offset: 17116; data offset: 17189; file size: 616
08-10 14:33:23.720  7896  7896 I monodroid-assembly: /data/app/~~2AxfP9DOhvcA8mTnEmnQlw==/com.companyname.pathgeometryrenderbugmauiapp-6Slkk_uJoOiUnQ9tJRJHWQ==/base.apk entry: res/anim-v21/mtrl_bottom_sheet_slide_out.xml
08-10 14:33:23.721  7896  7896 I monodroid-assembly:     ZIP: local header offset: 17488; data offset: 17562; file size: 616
08-10 14:33:23.721  7896  7896 I monodroid-assembly: /data/app/~~2AxfP9DOhvcA8mTnEmnQlw==/com.companyname.pathgeometryrenderbugmauiapp-6Slkk_uJoOiUnQ9tJRJHWQ==/base.apk entry: res/anim/mtrl_card_lowers_interpolator.xml
08-10 14:33:23.722  7896  7896 I monodroid-assembly:     ZIP: local header offset: 17858; data offset: 17930; file size: 400
08-10 14:33:23.722  7896  7896 I monodroid-assembly: /data/app/~~2AxfP9DOhvcA8mTnEmnQlw==/com.companyname.pathgeometryrenderbugmauiapp-6Slkk_uJoOiUnQ9tJRJHWQ==/base.apk entry: res/anim/nav_default_enter_anim.xml
08-10 14:33:23.722  7896  7896 I monodroid-assembly:     ZIP: local header offset: 18146; data offset: 18211; file size: 388
08-10 14:33:23.722  7896  7896 I monodroid-assembly: /data/app/~~2AxfP9DOhvcA8mTnEmnQlw==/com.companyname.pathgeometryrenderbugmauiapp-6Slkk_uJoOiUnQ9tJRJHWQ==/base.apk entry: res/anim/nav_default_exit_anim.xml
08-10 14:33:23.722  7896  7896 I monodroid-assembly:     ZIP: local header offset: 18429; data offset: 18493; file size: 388
08-10 14:33:23.722  7896  7896 I monodroid-assembly: /data/app/~~2AxfP9DOhvcA8mTnEmnQlw==/com.companyname.pathgeometryrenderbugmauiapp-6Slkk_uJoOiUnQ9tJRJHWQ==/base.apk entry: res/anim/nav_default_pop_enter_anim.xml
08-10 14:33:23.722  7896  7896 I monodroid-assembly:     ZIP: local header offset: 18711; data offset: 18780; file size: 388
08-10 14:33:23.722  7896  7896 I monodroid-assembly: /data/app/~~2AxfP9DOhvcA8mTnEmnQlw==/com.companyname.pathgeometryrenderbugmauiapp-6Slkk_uJoOiUnQ9tJRJHWQ==/base.apk entry: res/anim/nav_default_pop_exit_anim.xml
08-10 14:33:23.723  7896  7896 I monodroid-assembly:     ZIP: local header offset: 18998; data offset: 19066; file size: 388
08-10 14:33:23.723  7896  7896 I monodroid-assembly: /data/app/~~2AxfP9DOhvcA8mTnEmnQlw==/com.companyname.pathgeometryrenderbugmauiapp-6Slkk_uJoOiUnQ9tJRJHWQ==/base.apk entry: res/animator-v21/design_appbar_state_list_animator.xml
08-10 14:33:23.723  7896  7896 I monodroid-assembly:     ZIP: local header offset: 19284; data offset: 19368; file size: 1216
08-10 14:33:23.723  7896  7896 I monodroid-assembly: /data/app/~~2AxfP9DOhvcA8mTnEmnQlw==/com.companyname.pathgeometryrenderbugmauiapp-6Slkk_uJoOiUnQ9tJRJHWQ==/base.apk entry: res/animator/design_fab_hide_motion_spec.xml
08-10 14:33:23.723  7896  7896 I monodroid-assembly:     ZIP: local header offset: 19812; data offset: 19886; file size: 796
08-10 14:33:23.723  7896  7896 I monodroid-assembly: /data/app/~~2AxfP9DOhvcA8mTnEmnQlw==/com.companyname.pathgeometryrenderbugmauiapp-6Slkk_uJoOiUnQ9tJRJHWQ==/base.apk entry: res/animator/design_fab_show_motion_spec.xml
08-10 14:33:23.724  7896  7896 I monodroid-assembly:     ZIP: local header offset: 20215; data offset: 20289; file size: 796
08-10 14:33:23.724  7896  7896 I monodroid-assembly: /data/app/~~2AxfP9DOhvcA8mTnEmnQlw==/com.companyname.pathgeometryrenderbugmauiapp-6Slkk_uJoOiUnQ9tJRJHWQ==/base.apk entry: res/animator/fragment_close_enter.xml
08-10 14:33:23.724  7896  7896 I monodroid-assembly:     ZIP: local header offset: 20616; data offset: 20683; file size: 1128
08-10 14:33:23.724  7896  7896 I monodroid-assembly: /data/app/~~2AxfP9DOhvcA8mTnEmnQlw==/com.companyname.pathgeometryrenderbugmauiapp-6Slkk_uJoOiUnQ9tJRJHWQ==/base.apk entry: res/animator/fragment_close_exit.xml
08-10 14:33:23.724  7896  7896 I monodroid-assembly:     ZIP: local header offset: 21078; data offset: 21144; file size: 1128
08-10 14:33:23.724  7896  7896 I monodroid-assembly: /data/app/~~2AxfP9DOhvcA8mTnEmnQlw==/com.companyname.pathgeometryrenderbugmauiapp-6Slkk_uJoOiUnQ9tJRJHWQ==/base.apk entry: res/animator/fragment_fade_enter.xml
08-10 14:33:23.725  7896  7896 I monodroid-assembly:     ZIP: local header offset: 21538; data offset: 21604; file size: 452
08-10 14:33:23.725  7896  7896 I monodroid-assembly: /data/app/~~2AxfP9DOhvcA8mTnEmnQlw==/com.companyname.pathgeometryrenderbugmauiapp-6Slkk_uJoOiUnQ9tJRJHWQ==/base.apk entry: res/animator/fragment_fade_exit.xml
08-10 14:33:23.725  7896  7896 I monodroid-assembly:     ZIP: local header offset: 21869; data offset: 21934; file size: 452
08-10 14:33:23.725  7896  7896 I monodroid-assembly: /data/app/~~2AxfP9DOhvcA8mTnEmnQlw==/com.companyname.pathgeometryrenderbugmauiapp-6Slkk_uJoOiUnQ9tJRJHWQ==/base.apk entry: res/animator/fragment_open_enter.xml
08-10 14:33:23.725  7896  7896 I monodroid-assembly:     ZIP: local header offset: 22199; data offset: 22265; file size: 1128
08-10 14:33:23.726  7896  7896 I monodroid-assembly: /data/app/~~2AxfP9DOhvcA8mTnEmnQlw==/com.companyname.pathgeometryrenderbugmauiapp-6Slkk_uJoOiUnQ9tJRJHWQ==/base.apk entry: res/animator/fragment_open_exit.xml
08-10 14:33:23.726  7896  7896 I monodroid-assembly:     ZIP: local header offset: 22654; data offset: 22719; file size: 1128
08-10 14:33:23.726  7896  7896 I monodroid-assembly: /data/app/~~2AxfP9DOhvcA8mTnEmnQlw==/com.companyname.pathgeometryrenderbugmauiapp-6Slkk_uJoOiUnQ9tJRJHWQ==/base.apk entry: res/animator/m3_btn_elevated_btn_state_list_anim.xml
08-10 14:33:23.726  7896  7896 I monodroid-assembly:     ZIP: local header offset: 23111; data offset: 23193; file size: 1796
08-10 14:33:23.727  7896  7896 I monodroid-assembly: /data/app/~~2AxfP9DOhvcA8mTnEmnQlw==/com.companyname.pathgeometryrenderbugmauiapp-6Slkk_uJoOiUnQ9tJRJHWQ==/base.apk entry: res/animator/m3_btn_state_list_anim.xml
08-10 14:33:23.727  7896  7896 I monodroid-assembly:     ZIP: local header offset: 23710; data offset: 23779; file size: 1796
08-10 14:33:23.727  7896  7896 I monodroid-assembly: /data/app/~~2AxfP9DOhvcA8mTnEmnQlw==/com.companyname.pathgeometryrenderbugmauiapp-6Slkk_uJoOiUnQ9tJRJHWQ==/base.apk entry: res/animator/m3_card_elevated_state_list_anim.xml
08-10 14:33:23.727  7896  7896 I monodroid-assembly:     ZIP: local header offset: 24296; data offset: 24375; file size: 1632
08-10 14:33:23.727  7896  7896 I monodroid-assembly: /data/app/~~2AxfP9DOhvcA8mTnEmnQlw==/com.companyname.pathgeometryrenderbugmauiapp-6Slkk_uJoOiUnQ9tJRJHWQ==/base.apk entry: res/animator/m3_card_state_list_anim.xml
08-10 14:33:23.728  7896  7896 I monodroid-assembly:     ZIP: local header offset: 24913; data offset: 24983; file size: 1584
08-10 14:33:23.728  7896  7896 I monodroid-assembly: /data/app/~~2AxfP9DOhvcA8mTnEmnQlw==/com.companyname.pathgeometryrenderbugmauiapp-6Slkk_uJoOiUnQ9tJRJHWQ==/base.apk entry: res/animator/m3_chip_state_list_anim.xml
08-10 14:33:23.728  7896  7896 I monodroid-assembly:     ZIP: local header offset: 25513; data offset: 25583; file size: 1180
08-10 14:33:23.729  7896  7896 I monodroid-assembly: /data/app/~~2AxfP9DOhvcA8mTnEmnQlw==/com.companyname.pathgeometryrenderbugmauiapp-6Slkk_uJoOiUnQ9tJRJHWQ==/base.apk entry: res/animator/m3_elevated_chip_state_list_anim.xml
08-10 14:33:23.729  7896  7896 I monodroid-assembly:     ZIP: local header offset: 25998; data offset: 26077; file size: 1072
08-10 14:33:23.729  7896  7896 I monodroid-assembly: /data/app/~~2AxfP9DOhvcA8mTnEmnQlw==/com.companyname.pathgeometryrenderbugmauiapp-6Slkk_uJoOiUnQ9tJRJHWQ==/base.apk entry: res/animator/m3_extended_fab_hide_motion_spec.xml
08-10 14:33:23.729  7896  7896 I monodroid-assembly:     ZIP: local header offset: 26476; data offset: 26555; file size: 820
08-10 14:33:23.730  7896  7896 I monodroid-assembly: /data/app/~~2AxfP9DOhvcA8mTnEmnQlw==/com.companyname.pathgeometryrenderbugmauiapp-6Slkk_uJoOiUnQ9tJRJHWQ==/base.apk entry: res/animator/m3_extended_fab_show_motion_spec.xml
08-10 14:33:23.730  7896  7896 I monodroid-assembly:     ZIP: local header offset: 26916; data offset: 26995; file size: 820
08-10 14:33:23.730  7896  7896 I monodroid-assembly: /data/app/~~2AxfP9DOhvcA8mTnEmnQlw==/com.companyname.pathgeometryrenderbugmauiapp-6Slkk_uJoOiUnQ9tJRJHWQ==/base.apk entry: res/animator/m3_extended_fab_state_list_animator.xml
08-10 14:33:23.731  7896  7896 I monodroid-assembly:     ZIP: local header offset: 27352; data offset: 27434; file size: 2724
08-10 14:33:23.731  7896  7896 I monodroid-assembly: /data/app/~~2AxfP9DOhvcA8mTnEmnQlw==/com.companyname.pathgeometryrenderbugmauiapp-6Slkk_uJoOiUnQ9tJRJHWQ==/base.apk entry: res/animator/mtrl_btn_state_list_anim.xml
08-10 14:33:23.731  7896  7896 I monodroid-assembly:     ZIP: local header offset: 28054; data offset: 28125; file size: 2664
08-10 14:33:23.731  7896  7896 I monodroid-assembly: /data/app/~~2AxfP9DOhvcA8mTnEmnQlw==/com.companyname.pathgeometryrenderbugmauiapp-6Slkk_uJoOiUnQ9tJRJHWQ==/base.apk entry: res/animator/mtrl_btn_unelevated_state_list_anim.xml
08-10 14:33:23.732  7896  7896 I monodroid-assembly:     ZIP: local header offset: 28736; data offset: 28818; file size: 120
08-10 14:33:23.732  7896  7896 I monodroid-assembly: /data/app/~~2AxfP9DOhvcA8mTnEmnQlw==/com.companyname.pathgeometryrenderbugmauiapp-6Slkk_uJoOiUnQ9tJRJHWQ==/base.apk entry: res/animator/mtrl_card_state_list_anim.xml
08-10 14:33:23.732  7896  7896 I monodroid-assembly:     ZIP: local header offset: 28884; data offset: 28956; file size: 1208
08-10 14:33:23.732  7896  7896 I monodroid-assembly: /data/app/~~2AxfP9DOhvcA8mTnEmnQlw==/com.companyname.pathgeometryrenderbugmauiapp-6Slkk_uJoOiUnQ9tJRJHWQ==/base.apk entry: res/animator/mtrl_chip_state_list_anim.xml
08-10 14:33:23.733  7896  7896 I monodroid-assembly:     ZIP: local header offset: 29442; data offset: 29514; file size: 1072
08-10 14:33:23.733  7896  7896 I monodroid-assembly: /data/app/~~2AxfP9DOhvcA8mTnEmnQlw==/com.companyname.pathgeometryrenderbugmauiapp-6Slkk_uJoOiUnQ9tJRJHWQ==/base.apk entry: res/animator/mtrl_extended_fab_change_size_collapse_motion_spec.xml
08-10 14:33:23.733  7896  7896 I monodroid-assembly:     ZIP: local header offset: 29907; data offset: 30004; file size: 1116
08-10 14:33:23.734  7896  7896 I monodroid-assembly: /data/app/~~2AxfP9DOhvcA8mTnEmnQlw==/com.companyname.pathgeometryrenderbugmauiapp-6Slkk_uJoOiUnQ9tJRJHWQ==/base.apk entry: res/animator/mtrl_extended_fab_change_size_expand_motion_spec.xml
08-10 14:33:23.734  7896  7896 I monodroid-assembly:     ZIP: local header offset: 30382; data offset: 30477; file size: 1116
08-10 14:33:23.734  7896  7896 I monodroid-assembly: /data/app/~~2AxfP9DOhvcA8mTnEmnQlw==/com.companyname.pathgeometryrenderbugmauiapp-6Slkk_uJoOiUnQ9tJRJHWQ==/base.apk entry: res/animator/mtrl_extended_fab_hide_motion_spec.xml
08-10 14:33:23.734  7896  7896 I monodroid-assembly:     ZIP: local header offset: 30855; data offset: 30936; file size: 608
08-10 14:33:23.734  7896  7896 I monodroid-assembly: /data/app/~~2AxfP9DOhvcA8mTnEmnQlw==/com.companyname.pathgeometryrenderbugmauiapp-6Slkk_uJoOiUnQ9tJRJHWQ==/base.apk entry: res/animator/mtrl_extended_fab_show_motion_spec.xml
08-10 14:33:23.735  7896  7896 I monodroid-assembly:     ZIP: local header offset: 31258; data offset: 31339; file size: 820
08-10 14:33:23.735  7896  7896 I monodroid-assembly: /data/app/~~2AxfP9DOhvcA8mTnEmnQlw==/com.companyname.pathgeometryrenderbugmauiapp-6Slkk_uJoOiUnQ9tJRJHWQ==/base.apk entry: res/animator/mtrl_extended_fab_state_list_animator.xml
08-10 14:33:23.735  7896  7896 I monodroid-assembly:     ZIP: local header offset: 31700; data offset: 31784; file size: 2724
