--------- beginning of main
08-10 14:20:49.093   707   841 D EGL_emulation: app_time_stats: avg=19995.44ms min=19995.44ms max=19995.44ms count=1
08-10 14:20:55.172  1422  5339 W ProcessReaper: Memory state is: 100
--------- beginning of kernel
08-10 14:20:57.960     0     0 W healthd : battery l=100 v=5000 t=25.0 h=2 st=4 c=900000 fc=300000 cc=10 chg=
08-10 14:20:59.587   707   893 D ControlsListingControllerImpl: Subscribing callback, service count: 0
08-10 14:20:59.590   707   893 D ControlsListingControllerImpl: Unsubscribing callback
08-10 14:21:00.024   707   841 D EGL_emulation: app_time_stats: avg=10930.61ms min=10930.61ms max=10930.61ms count=1
--------- beginning of system
08-10 14:21:02.756   546  1062 I ActivityManager: Force stopping com.companyname.pathgeometryrenderbugmauiapp appid=10153 user=0: from pid 5358
08-10 14:21:02.758   546  1062 I ActivityManager: Killing 5023:com.companyname.pathgeometryrenderbugmauiapp/u0a153 (adj 700): stop com.companyname.pathgeometryrenderbugmauiapp due to from pid 5358
08-10 14:21:02.760   546  1062 W ActivityTaskManager: Force removing ActivityRecord{2be58a5 u0 com.companyname.pathgeometryrenderbugmauiapp/crc64b98ea09593e1d03e.MainActivity t47 f}}: app died, no saved state
08-10 14:21:02.760   546   574 W UsageStatsService: Unexpected activity event reported! (com.companyname.pathgeometryrenderbugmauiapp/crc64b98ea09593e1d03e.MainActivity event : 23 instanceId : 45453370)
08-10 14:21:02.762   546  1062 W InputManager-JNI: Input channel object 'add3adf com.companyname.pathgeometryrenderbugmauiapp/crc64b98ea09593e1d03e.MainActivity (client)' was disposed without first being removed with the input manager!
08-10 14:21:02.775   546   568 W ActivityTaskManager: Can't find TaskDisplayArea to determine support for multi window. Task id=47 attached=false
08-10 14:21:02.775   546   568 W ActivityTaskManager: Can't find TaskDisplayArea to determine support for multi window. Task id=47 attached=false
08-10 14:21:02.785  2924  2924 D CarrierSvcBindHelper: No carrier app for: 0
08-10 14:21:02.786   546   577 I libprocessgroup: Successfully killed process cgroup uid 10153 pid 5023 in 25ms
08-10 14:21:02.825   546  2793 V ActivityManager: Got obituary of 5023:com.companyname.pathgeometryrenderbugmauiapp
08-10 14:21:02.826   546   567 W ActivityManager: setHasOverlayUi called on unknown pid: 5023
08-10 14:21:02.828   338   338 I Zygote  : Process 5023 exited due to signal 9 (Killed)
08-10 14:21:03.033   546  1062 I ActivityTaskManager: START u0 {act=android.intent.action.MAIN cat=[android.intent.category.LAUNCHER] flg=0x10000000 cmp=com.companyname.pathgeometryrenderbugmauiapp/crc64b98ea09593e1d03e.MainActivity} from uid 0
08-10 14:21:03.035   546  1062 W ActivityTaskManager: Can't find TaskDisplayArea to determine support for multi window. Task id=48 attached=false
08-10 14:21:03.038   546  1062 D CompatibilityChangeReporter: Compat change id reported: 174042980; UID 10153; state: DISABLED
08-10 14:21:03.040   546  1062 D CompatibilityChangeReporter: Compat change id reported: 184838306; UID 10153; state: DISABLED
08-10 14:21:03.041   546  1062 D CompatibilityChangeReporter: Compat change id reported: 185004937; UID 10153; state: DISABLED
08-10 14:21:03.042   546  1062 D CompatibilityChangeReporter: Compat change id reported: 181136395; UID 10153; state: DISABLED
08-10 14:21:03.043   546  1062 D CompatibilityChangeReporter: Compat change id reported: 174042936; UID 10153; state: DISABLED
08-10 14:21:03.046   546  1062 D CompatibilityChangeReporter: Compat change id reported: 168419799; UID 10153; state: DISABLED
08-10 14:21:03.047   707   825 D PhoneStartingWindowTypeAlgorithm: preferredStartingWindowType newTask:true taskSwitch:true processRunning:false allowTaskSnapshot:true activityCreated:false useEmptySplashScreen:false legacySplashScreen:false topIsHome:false
08-10 14:21:03.048   707   825 D StartingSurfaceDrawer: addSplashScreen com.companyname.pathgeometryrenderbugmauiapp theme=7f10012c task=48 suggestType=1
08-10 14:21:03.074   707   830 D StartingSurfaceDrawer: window attributes color: ff512bd4 icon android.graphics.drawable.LayerDrawable@2e75cd3 duration 0 brandImage null
08-10 14:21:03.077   707   830 D SplashScreenView: Build android.window.SplashScreenView{61e1709 V.E...... ......ID 0,0-0,0}
08-10 14:21:03.077   707   830 D SplashScreenView: Icon: view: android.widget.ImageView{fcabd0e V.ED..... ......I. 0,0-0,0 #10204a7 android:id/splashscreen_icon_view} drawable: com.android.wm.shell.startingsurface.SplashscreenIconDrawableFactory$ImmobileIconDrawable@5c0f32f size: 528
08-10 14:21:03.077   707   830 D SplashScreenView: Branding: view: android.view.View{29a0d3c G.ED..... ......I. 0,0-0,0 #10204a6 android:id/splashscreen_branding_view} drawable: null size w: 0 h: 0
08-10 14:21:03.078   707   830 D StartingSurfaceDrawer: fillViewWithIcon surfaceWindowView android.window.SplashScreenView{61e1709 V.E...... ......ID 0,0-0,0}
08-10 14:21:03.080   546   567 D CompatibilityChangeReporter: Compat change id reported: 135634846; UID 10153; state: DISABLED
08-10 14:21:03.080   546   576 D CompatibilityChangeReporter: Compat change id reported: 143937733; UID 10153; state: ENABLED
08-10 14:21:03.090   359   359 D goldfish-address-space: claimShared: Ask to claim region [0x3f09a4000 0x3f1348000]
08-10 14:21:03.096   338   338 D Zygote  : Forked child process 5361
08-10 14:21:03.104   546   576 I ActivityManager: Start proc 5361:com.companyname.pathgeometryrenderbugmauiapp/u0a153 for pre-top-activity {com.companyname.pathgeometryrenderbugmauiapp/crc64b98ea09593e1d03e.MainActivity}
08-10 14:21:03.106   359   359 D goldfish-address-space: claimShared: Ask to claim region [0x3f1348000 0x3f1cec000]
08-10 14:21:03.111   359   359 D goldfish-address-space: claimShared: Ask to claim region [0x3f6cce000 0x3f7672000]
08-10 14:21:03.138   983  1481 D EGL_emulation: app_time_stats: avg=110559.58ms min=10.73ms max=2542495.75ms count=23
08-10 14:21:03.147  5361  5361 I enderbugmauiap: Late-enabling -Xcheck:jni
08-10 14:21:03.183  1422  1422 I GsaVoiceInteractionSrv: Handling ACTION_STOP_HOTWORD
08-10 14:21:03.184  1422  1422 E HwDetectorWithState: a: 3
08-10 14:21:03.221  5361  5361 W enderbugmauiap: Unexpected CPU variant for X86 using defaults: x86_64
08-10 14:21:03.238 19047 19054 I adbd    : jdwp connection from 5361
08-10 14:21:03.282  5361  5361 D CompatibilityChangeReporter: Compat change id reported: 171979766; UID 10153; state: ENABLED
08-10 14:21:03.439   546  2793 W ActivityManager: Unable to start service Intent { act=android.service.smartspace.SmartspaceService cmp=com.google.android.as/com.google.android.apps.miphone.aiai.app.AiAiSmartspaceService } U=0: not found
08-10 14:21:03.443   546  2793 W RemoteSmartspaceService: could not bind to Intent { act=android.service.smartspace.SmartspaceService cmp=com.google.android.as/com.google.android.apps.miphone.aiai.app.AiAiSmartspaceService } using flags 67112961
08-10 14:21:03.444   707   841 D EGL_emulation: app_time_stats: avg=82042.88ms min=3.02ms max=2542883.25ms count=31
08-10 14:21:03.444   546   546 W ActivityManager: Unbind failed: could not find connection for android.app.LoadedApk$ServiceDispatcher$InnerConnection@8ea2dd4
08-10 14:21:03.458  1545  1545 I A       : onApplyWindowInsets: systemWindowInsets=Insets{left=0, top=145, right=0, bottom=132}
08-10 14:21:03.458  1545  1545 I A       : onApplyWindowInsets: Adjusting for display cutouts. Safe insets: left=0, top=136, right=0, bottom=0
08-10 14:21:03.458  1545  1545 I A       : onApplyWindowInsets: systemWindowInsets=Insets{left=0, top=145, right=0, bottom=132}
08-10 14:21:03.514  5361  5361 V GraphicsEnvironment: ANGLE Developer option for 'com.companyname.pathgeometryrenderbugmauiapp' set to: 'default'
08-10 14:21:03.515  5361  5361 V GraphicsEnvironment: Neither updatable production driver nor prerelease driver is supported.
08-10 14:21:03.517  5361  5361 D NetworkSecurityConfig: No Network Security Config specified, using platform default
08-10 14:21:03.517  5361  5361 D NetworkSecurityConfig: No Network Security Config specified, using platform default
08-10 14:21:03.527  5361  5361 D debug-app-helper: Checking if libmonodroid was unpacked to /data/app/~~2AxfP9DOhvcA8mTnEmnQlw==/com.companyname.pathgeometryrenderbugmauiapp-6Slkk_uJoOiUnQ9tJRJHWQ==/lib/x86_64/libmonodroid.so
08-10 14:21:03.527  5361  5361 D debug-app-helper: Native libs extracted to /data/app/~~2AxfP9DOhvcA8mTnEmnQlw==/com.companyname.pathgeometryrenderbugmauiapp-6Slkk_uJoOiUnQ9tJRJHWQ==/lib/x86_64, assuming application/android:extractNativeLibs == true
08-10 14:21:03.528  5361  5361 I debug-app-helper: Setting up for DSO lookup in app data directories
08-10 14:21:03.528  5361  5361 D debug-app-helper: Added filesystem DSO lookup location: /data/app/~~2AxfP9DOhvcA8mTnEmnQlw==/com.companyname.pathgeometryrenderbugmauiapp-6Slkk_uJoOiUnQ9tJRJHWQ==/lib/x86_64
08-10 14:21:03.528  5361  5361 W debug-app-helper: Using runtime path: /data/app/~~2AxfP9DOhvcA8mTnEmnQlw==/com.companyname.pathgeometryrenderbugmauiapp-6Slkk_uJoOiUnQ9tJRJHWQ==/lib/x86_64
08-10 14:21:03.528  5361  5361 W debug-app-helper: checking directory: `/data/user/0/com.companyname.pathgeometryrenderbugmauiapp/files/.__override__/lib`
08-10 14:21:03.529  5361  5361 W debug-app-helper: directory does not exist: `/data/user/0/com.companyname.pathgeometryrenderbugmauiapp/files/.__override__/lib`
08-10 14:21:03.529  5361  5361 W debug-app-helper: Checking whether Mono runtime exists at: /data/user/0/com.companyname.pathgeometryrenderbugmauiapp/files/.__override__/libmonosgen-2.0.so
08-10 14:21:03.529  5361  5361 W debug-app-helper: Checking whether Mono runtime exists at: /data/app/~~2AxfP9DOhvcA8mTnEmnQlw==/com.companyname.pathgeometryrenderbugmauiapp-6Slkk_uJoOiUnQ9tJRJHWQ==/lib/x86_64/libmonosgen-2.0.so
08-10 14:21:03.529  5361  5361 I debug-app-helper: Mono runtime found at: /data/app/~~2AxfP9DOhvcA8mTnEmnQlw==/com.companyname.pathgeometryrenderbugmauiapp-6Slkk_uJoOiUnQ9tJRJHWQ==/lib/x86_64/libmonosgen-2.0.so
08-10 14:21:03.531  5361  5361 W enderbugmauiap: Attempt to remove non-JNI local reference, dumping thread
08-10 14:21:03.536  5361  5361 I DOTNET  : JNI_OnLoad: JNI_OnLoad in pal_jni.c
08-10 14:21:03.538  5361  5361 D DOTNET  : GetOptionalClassGRef: optional class com/android/org/conscrypt/OpenSSLEngineImpl was not found
08-10 14:21:03.543  5361  5361 D monodroid-assembly: Checking if libmonodroid was unpacked to /data/app/~~2AxfP9DOhvcA8mTnEmnQlw==/com.companyname.pathgeometryrenderbugmauiapp-6Slkk_uJoOiUnQ9tJRJHWQ==/lib/x86_64/libmonodroid.so
08-10 14:21:03.543  5361  5361 D monodroid-assembly: Native libs extracted to /data/app/~~2AxfP9DOhvcA8mTnEmnQlw==/com.companyname.pathgeometryrenderbugmauiapp-6Slkk_uJoOiUnQ9tJRJHWQ==/lib/x86_64, assuming application/android:extractNativeLibs == true
08-10 14:21:03.543  5361  5361 I monodroid: Generated hash 0x941355db for package name com.companyname.pathgeometryrenderbugmauiapp
08-10 14:21:03.544  5361  5361 I monodroid: Mono AOT mode: interp
08-10 14:21:03.544  5361  5361 I monodroid: Setting environment variable 'DOTNET_MODIFIABLE_ASSEMBLIES' to 'Debug'
08-10 14:21:03.544  5361  5361 I monodroid: Setting environment variable 'MONO_GC_PARAMS' to 'major=marksweep-conc'
08-10 14:21:03.544  5361  5361 I monodroid: Setting environment variable 'MONO_LOG_LEVEL' to 'info'
08-10 14:21:03.545  5361  5361 I monodroid: Setting environment variable 'XAMARIN_BUILD_ID' to '46dc1dbe-67de-41cf-913d-c9aaf0f9735f'
08-10 14:21:03.545  5361  5361 I monodroid: Setting environment variable 'XA_HTTP_CLIENT_HANDLER_TYPE' to 'Xamarin.Android.Net.AndroidMessageHandler'
08-10 14:21:03.545  5361  5361 I monodroid: Setting environment variable '__XA_PACKAGE_NAMING_POLICY__' to 'LowercaseCrc64'
08-10 14:21:03.546  5361  5361 I monodroid: Creating XDG directory: /data/user/0/com.companyname.pathgeometryrenderbugmauiapp/files/.local/share
08-10 14:21:03.546  5361  5361 I monodroid: Creating XDG directory: /data/user/0/com.companyname.pathgeometryrenderbugmauiapp/files/.config
08-10 14:21:03.547  5361  5361 I monodroid: Setting up for DSO lookup in app data directories
08-10 14:21:03.547  5361  5361 D monodroid-assembly: Added filesystem DSO lookup location: /data/app/~~2AxfP9DOhvcA8mTnEmnQlw==/com.companyname.pathgeometryrenderbugmauiapp-6Slkk_uJoOiUnQ9tJRJHWQ==/lib/x86_64
08-10 14:21:03.547  5361  5361 W monodroid: Creating public update directory: `/data/user/0/com.companyname.pathgeometryrenderbugmauiapp/files/.__override__`
08-10 14:21:03.548  5361  5361 W enderbugmauiap: Attempt to remove non-JNI local reference, dumping thread
08-10 14:21:03.548  5361  5361 I monodroid: Using runtime path: /data/app/~~2AxfP9DOhvcA8mTnEmnQlw==/com.companyname.pathgeometryrenderbugmauiapp-6Slkk_uJoOiUnQ9tJRJHWQ==/lib/x86_64
08-10 14:21:03.548  5361  5361 I monodroid: Probing for Mono AOT mode
08-10 14:21:03.548  5361  5361 I monodroid: Enabling Mono Interpreter
08-10 14:21:03.549  5361  5361 I monodroid: Probing if we should use LLVM
08-10 14:21:03.549  5361  5361 W monodroid: runtime args empty
08-10 14:21:03.549  5361  5361 I monodroid-assembly: APK /data/app/~~2AxfP9DOhvcA8mTnEmnQlw==/com.companyname.pathgeometryrenderbugmauiapp-6Slkk_uJoOiUnQ9tJRJHWQ==/base.apk FD: 61
08-10 14:21:03.549  5361  5361 I monodroid-assembly: Central directory offset: 9986048
08-10 14:21:03.550  5361  5361 I monodroid-assembly: Central directory size: 116600
08-10 14:21:03.550  5361  5361 I monodroid-assembly: Central directory entries: 1263
08-10 14:21:03.551  5361  5361 I monodroid-assembly: /data/app/~~2AxfP9DOhvcA8mTnEmnQlw==/com.companyname.pathgeometryrenderbugmauiapp-6Slkk_uJoOiUnQ9tJRJHWQ==/base.apk entry: AndroidManifest.xml
08-10 14:21:03.551  5361  5361 I monodroid-assembly:     ZIP: local header offset: 0; data offset: 49; file size: 7336
08-10 14:21:03.551  5361  5361 I monodroid-assembly: /data/app/~~2AxfP9DOhvcA8mTnEmnQlw==/com.companyname.pathgeometryrenderbugmauiapp-6Slkk_uJoOiUnQ9tJRJHWQ==/base.apk entry: res/anim/abc_fade_in.xml
08-10 14:21:03.551  5361  5361 I monodroid-assembly:     ZIP: local header offset: 2204; data offset: 2258; file size: 388
08-10 14:21:03.552  5361  5361 I monodroid-assembly: /data/app/~~2AxfP9DOhvcA8mTnEmnQlw==/com.companyname.pathgeometryrenderbugmauiapp-6Slkk_uJoOiUnQ9tJRJHWQ==/base.apk entry: res/anim/abc_fade_out.xml
08-10 14:21:03.552  5361  5361 I monodroid-assembly:     ZIP: local header offset: 2475; data offset: 2530; file size: 388
08-10 14:21:03.552  5361  5361 I monodroid-assembly: /data/app/~~2AxfP9DOhvcA8mTnEmnQlw==/com.companyname.pathgeometryrenderbugmauiapp-6Slkk_uJoOiUnQ9tJRJHWQ==/base.apk entry: res/anim/abc_grow_fade_in_from_bottom.xml
08-10 14:21:03.552  5361  5361 I monodroid-assembly:     ZIP: local header offset: 2748; data offset: 2819; file size: 852
08-10 14:21:03.552  5361  5361 I monodroid-assembly: /data/app/~~2AxfP9DOhvcA8mTnEmnQlw==/com.companyname.pathgeometryrenderbugmauiapp-6Slkk_uJoOiUnQ9tJRJHWQ==/base.apk entry: res/anim/abc_popup_enter.xml
08-10 14:21:03.553  5361  5361 I monodroid-assembly:     ZIP: local header offset: 3195; data offset: 3253; file size: 508
08-10 14:21:03.554  5361  5361 I monodroid-assembly: /data/app/~~2AxfP9DOhvcA8mTnEmnQlw==/com.companyname.pathgeometryrenderbugmauiapp-6Slkk_uJoOiUnQ9tJRJHWQ==/base.apk entry: res/anim/abc_popup_exit.xml
08-10 14:21:03.554  5361  5361 I monodroid-assembly:     ZIP: local header offset: 3511; data offset: 3568; file size: 508
08-10 14:21:03.554  5361  5361 I monodroid-assembly: /data/app/~~2AxfP9DOhvcA8mTnEmnQlw==/com.companyname.pathgeometryrenderbugmauiapp-6Slkk_uJoOiUnQ9tJRJHWQ==/base.apk entry: res/anim/abc_shrink_fade_out_from_bottom.xml
08-10 14:21:03.554  5361  5361 I monodroid-assembly:     ZIP: local header offset: 3828; data offset: 3902; file size: 852
08-10 14:21:03.555  5361  5361 I monodroid-assembly: /data/app/~~2AxfP9DOhvcA8mTnEmnQlw==/com.companyname.pathgeometryrenderbugmauiapp-6Slkk_uJoOiUnQ9tJRJHWQ==/base.apk entry: res/anim/abc_slide_in_bottom.xml
08-10 14:21:03.555  5361  5361 I monodroid-assembly:     ZIP: local header offset: 4279; data offset: 4341; file size: 396
08-10 14:21:03.555  5361  5361 I monodroid-assembly: /data/app/~~2AxfP9DOhvcA8mTnEmnQlw==/com.companyname.pathgeometryrenderbugmauiapp-6Slkk_uJoOiUnQ9tJRJHWQ==/base.apk entry: res/anim/abc_slide_in_top.xml
08-10 14:21:03.555  5361  5361 I monodroid-assembly:     ZIP: local header offset: 4569; data offset: 4628; file size: 396
08-10 14:21:03.555  5361  5361 I monodroid-assembly: /data/app/~~2AxfP9DOhvcA8mTnEmnQlw==/com.companyname.pathgeometryrenderbugmauiapp-6Slkk_uJoOiUnQ9tJRJHWQ==/base.apk entry: res/anim/abc_slide_out_bottom.xml
08-10 14:21:03.556  5361  5361 I monodroid-assembly:     ZIP: local header offset: 4857; data offset: 4920; file size: 396
08-10 14:21:03.556  5361  5361 I monodroid-assembly: /data/app/~~2AxfP9DOhvcA8mTnEmnQlw==/com.companyname.pathgeometryrenderbugmauiapp-6Slkk_uJoOiUnQ9tJRJHWQ==/base.apk entry: res/anim/abc_slide_out_top.xml
08-10 14:21:03.556  5361  5361 I monodroid-assembly:     ZIP: local header offset: 5147; data offset: 5207; file size: 396
08-10 14:21:03.556  5361  5361 I monodroid-assembly: /data/app/~~2AxfP9DOhvcA8mTnEmnQlw==/com.companyname.pathgeometryrenderbugmauiapp-6Slkk_uJoOiUnQ9tJRJHWQ==/base.apk entry: res/anim/abc_tooltip_enter.xml
08-10 14:21:03.557  5361  5361 I monodroid-assembly:     ZIP: local header offset: 5435; data offset: 5495; file size: 388
08-10 14:21:03.557  5361  5361 I monodroid-assembly: /data/app/~~2AxfP9DOhvcA8mTnEmnQlw==/com.companyname.pathgeometryrenderbugmauiapp-6Slkk_uJoOiUnQ9tJRJHWQ==/base.apk entry: res/anim/abc_tooltip_exit.xml
08-10 14:21:03.557  5361  5361 I monodroid-assembly:     ZIP: local header offset: 5712; data offset: 5771; file size: 388
08-10 14:21:03.557  5361  5361 I monodroid-assembly: /data/app/~~2AxfP9DOhvcA8mTnEmnQlw==/com.companyname.pathgeometryrenderbugmauiapp-6Slkk_uJoOiUnQ9tJRJHWQ==/base.apk entry: res/anim/btn_checkbox_to_checked_box_inner_merged_animation.xml
08-10 14:21:03.557  5361  5361 I monodroid-assembly:     ZIP: local header offset: 5988; data offset: 6081; file size: 2124
08-10 14:21:03.558  5361  5361 I monodroid-assembly: /data/app/~~2AxfP9DOhvcA8mTnEmnQlw==/com.companyname.pathgeometryrenderbugmauiapp-6Slkk_uJoOiUnQ9tJRJHWQ==/base.apk entry: res/anim/btn_checkbox_to_checked_box_outer_merged_animation.xml
08-10 14:21:03.558  5361  5361 I monodroid-assembly:     ZIP: local header offset: 6723; data offset: 6816; file size: 2780
08-10 14:21:03.558  5361  5361 I monodroid-assembly: /data/app/~~2AxfP9DOhvcA8mTnEmnQlw==/com.companyname.pathgeometryrenderbugmauiapp-6Slkk_uJoOiUnQ9tJRJHWQ==/base.apk entry: res/anim/btn_checkbox_to_checked_icon_null_animation.xml
08-10 14:21:03.558  5361  5361 I monodroid-assembly:     ZIP: local header offset: 7557; data offset: 7643; file size: 1196
08-10 14:21:03.559  5361  5361 I monodroid-assembly: /data/app/~~2AxfP9DOhvcA8mTnEmnQlw==/com.companyname.pathgeometryrenderbugmauiapp-6Slkk_uJoOiUnQ9tJRJHWQ==/base.apk entry: res/anim/btn_checkbox_to_unchecked_box_inner_merged_animation.xml
08-10 14:21:03.559  5361  5361 I monodroid-assembly:     ZIP: local header offset: 8039; data offset: 8134; file size: 2360
08-10 14:21:03.559  5361  5361 I monodroid-assembly: /data/app/~~2AxfP9DOhvcA8mTnEmnQlw==/com.companyname.pathgeometryrenderbugmauiapp-6Slkk_uJoOiUnQ9tJRJHWQ==/base.apk entry: res/anim/btn_checkbox_to_unchecked_check_path_merged_animation.xml
08-10 14:21:03.560  5361  5361 I monodroid-assembly:     ZIP: local header offset: 8792; data offset: 8888; file size: 2520
08-10 14:21:03.560  5361  5361 I monodroid-assembly: /data/app/~~2AxfP9DOhvcA8mTnEmnQlw==/com.companyname.pathgeometryrenderbugmauiapp-6Slkk_uJoOiUnQ9tJRJHWQ==/base.apk entry: res/anim/btn_checkbox_to_unchecked_icon_null_animation.xml
08-10 14:21:03.560  5361  5361 I monodroid-assembly:     ZIP: local header offset: 9619; data offset: 9707; file size: 1196
08-10 14:21:03.560  5361  5361 I monodroid-assembly: /data/app/~~2AxfP9DOhvcA8mTnEmnQlw==/com.companyname.pathgeometryrenderbugmauiapp-6Slkk_uJoOiUnQ9tJRJHWQ==/base.apk entry: res/anim/btn_radio_to_off_mtrl_dot_group_animation.xml
08-10 14:21:03.561  5361  5361 I monodroid-assembly:     ZIP: local header offset: 10103; data offset: 10187; file size: 1656
08-10 14:21:03.561  5361  5361 I monodroid-assembly: /data/app/~~2AxfP9DOhvcA8mTnEmnQlw==/com.companyname.pathgeometryrenderbugmauiapp-6Slkk_uJoOiUnQ9tJRJHWQ==/base.apk entry: res/anim/btn_radio_to_off_mtrl_ring_outer_animation.xml
08-10 14:21:03.561  5361  5361 I monodroid-assembly:     ZIP: local header offset: 10618; data offset: 10703; file size: 1656
08-10 14:21:03.562  5361  5361 I monodroid-assembly: /data/app/~~2AxfP9DOhvcA8mTnEmnQlw==/com.companyname.pathgeometryrenderbugmauiapp-6Slkk_uJoOiUnQ9tJRJHWQ==/base.apk entry: res/anim/btn_radio_to_off_mtrl_ring_outer_path_animation.xml
08-10 14:21:03.562  5361  5361 I monodroid-assembly:     ZIP: local header offset: 11136; data offset: 11226; file size: 1028
08-10 14:21:03.562  5361  5361 I monodroid-assembly: /data/app/~~2AxfP9DOhvcA8mTnEmnQlw==/com.companyname.pathgeometryrenderbugmauiapp-6Slkk_uJoOiUnQ9tJRJHWQ==/base.apk entry: res/anim/btn_radio_to_on_mtrl_dot_group_animation.xml
08-10 14:21:03.563  5361  5361 I monodroid-assembly:     ZIP: local header offset: 11599; data offset: 11682; file size: 1656
08-10 14:21:03.563  5361  5361 I monodroid-assembly: /data/app/~~2AxfP9DOhvcA8mTnEmnQlw==/com.companyname.pathgeometryrenderbugmauiapp-6Slkk_uJoOiUnQ9tJRJHWQ==/base.apk entry: res/anim/btn_radio_to_on_mtrl_ring_outer_animation.xml
08-10 14:21:03.563  5361  5361 I monodroid-assembly:     ZIP: local header offset: 12103; data offset: 12187; file size: 1656
08-10 14:21:03.563  5361  5361 I monodroid-assembly: /data/app/~~2AxfP9DOhvcA8mTnEmnQlw==/com.companyname.pathgeometryrenderbugmauiapp-6Slkk_uJoOiUnQ9tJRJHWQ==/base.apk entry: res/anim/btn_radio_to_on_mtrl_ring_outer_path_animation.xml
08-10 14:21:03.563  5361  5361 I monodroid-assembly:     ZIP: local header offset: 12616; data offset: 12705; file size: 1028
08-10 14:21:03.564  5361  5361 I monodroid-assembly: /data/app/~~2AxfP9DOhvcA8mTnEmnQlw==/com.companyname.pathgeometryrenderbugmauiapp-6Slkk_uJoOiUnQ9tJRJHWQ==/base.apk entry: res/anim-v21/design_bottom_sheet_slide_in.xml
08-10 14:21:03.564  5361  5361 I monodroid-assembly:     ZIP: local header offset: 13085; data offset: 13160; file size: 616
08-10 14:21:03.564  5361  5361 I monodroid-assembly: /data/app/~~2AxfP9DOhvcA8mTnEmnQlw==/com.companyname.pathgeometryrenderbugmauiapp-6Slkk_uJoOiUnQ9tJRJHWQ==/base.apk entry: res/anim-v21/design_bottom_sheet_slide_out.xml
08-10 14:21:03.564  5361  5361 I monodroid-assembly:     ZIP: local header offset: 13459; data offset: 13535; file size: 616
08-10 14:21:03.565  5361  5361 I monodroid-assembly: /data/app/~~2AxfP9DOhvcA8mTnEmnQlw==/com.companyname.pathgeometryrenderbugmauiapp-6Slkk_uJoOiUnQ9tJRJHWQ==/base.apk entry: res/anim/design_snackbar_in.xml
08-10 14:21:03.565  5361  5361 I monodroid-assembly:     ZIP: local header offset: 13833; data offset: 13894; file size: 312
08-10 14:21:03.565  5361  5361 I monodroid-assembly: /data/app/~~2AxfP9DOhvcA8mTnEmnQlw==/com.companyname.pathgeometryrenderbugmauiapp-6Slkk_uJoOiUnQ9tJRJHWQ==/base.apk entry: res/anim/design_snackbar_out.xml
08-10 14:21:03.565  5361  5361 I monodroid-assembly:     ZIP: local header offset: 14075; data offset: 14137; file size: 312
08-10 14:21:03.566  5361  5361 I monodroid-assembly: /data/app/~~2AxfP9DOhvcA8mTnEmnQlw==/com.companyname.pathgeometryrenderbugmauiapp-6Slkk_uJoOiUnQ9tJRJHWQ==/base.apk entry: res/anim/enterfromleft.xml
08-10 14:21:03.566  5361  5361 I monodroid-assembly:     ZIP: local header offset: 14315; data offset: 14371; file size: 640
08-10 14:21:03.566  5361  5361 I monodroid-assembly: /data/app/~~2AxfP9DOhvcA8mTnEmnQlw==/com.companyname.pathgeometryrenderbugmauiapp-6Slkk_uJoOiUnQ9tJRJHWQ==/base.apk entry: res/anim/enterfromright.xml
08-10 14:21:03.566  5361  5361 I monodroid-assembly:     ZIP: local header offset: 14673; data offset: 14730; file size: 468
08-10 14:21:03.566  5361  5361 I monodroid-assembly: /data/app/~~2AxfP9DOhvcA8mTnEmnQlw==/com.companyname.pathgeometryrenderbugmauiapp-6Slkk_uJoOiUnQ9tJRJHWQ==/base.apk entry: res/anim/exittoleft.xml
08-10 14:21:03.567  5361  5361 I monodroid-assembly:     ZIP: local header offset: 14973; data offset: 15026; file size: 640
08-10 14:21:03.567  5361  5361 I monodroid-assembly: /data/app/~~2AxfP9DOhvcA8mTnEmnQlw==/com.companyname.pathgeometryrenderbugmauiapp-6Slkk_uJoOiUnQ9tJRJHWQ==/base.apk entry: res/anim/exittoright.xml
08-10 14:21:03.567  5361  5361 I monodroid-assembly:     ZIP: local header offset: 15327; data offset: 15381; file size: 468
08-10 14:21:03.567  5361  5361 I monodroid-assembly: /data/app/~~2AxfP9DOhvcA8mTnEmnQlw==/com.companyname.pathgeometryrenderbugmauiapp-6Slkk_uJoOiUnQ9tJRJHWQ==/base.apk entry: res/anim-v21/fragment_fast_out_extra_slow_in.xml
08-10 14:21:03.568  5361  5361 I monodroid-assembly:     ZIP: local header offset: 15624; data offset: 15702; file size: 364
08-10 14:21:03.568  5361  5361 I monodroid-assembly: /data/app/~~2AxfP9DOhvcA8mTnEmnQlw==/com.companyname.pathgeometryrenderbugmauiapp-6Slkk_uJoOiUnQ9tJRJHWQ==/base.apk entry: res/anim/linear_indeterminate_line1_head_interpolator.xml
08-10 14:21:03.569  5361  5361 I monodroid-assembly:     ZIP: local header offset: 15920; data offset: 16007; file size: 400
08-10 14:21:03.569  5361  5361 I monodroid-assembly: /data/app/~~2AxfP9DOhvcA8mTnEmnQlw==/com.companyname.pathgeometryrenderbugmauiapp-6Slkk_uJoOiUnQ9tJRJHWQ==/base.apk entry: res/anim/linear_indeterminate_line1_tail_interpolator.xml
08-10 14:21:03.569  5361  5361 I monodroid-assembly:     ZIP: local header offset: 16221; data offset: 16308; file size: 400
08-10 14:21:03.569  5361  5361 I monodroid-assembly: /data/app/~~2AxfP9DOhvcA8mTnEmnQlw==/com.companyname.pathgeometryrenderbugmauiapp-6Slkk_uJoOiUnQ9tJRJHWQ==/base.apk entry: res/anim/linear_indeterminate_line2_head_interpolator.xml
08-10 14:21:03.569  5361  5361 I monodroid-assembly:     ZIP: local header offset: 16519; data offset: 16606; file size: 400
08-10 14:21:03.569  5361  5361 I monodroid-assembly: /data/app/~~2AxfP9DOhvcA8mTnEmnQlw==/com.companyname.pathgeometryrenderbugmauiapp-6Slkk_uJoOiUnQ9tJRJHWQ==/base.apk entry: res/anim/linear_indeterminate_line2_tail_interpolator.xml
08-10 14:21:03.569  5361  5361 I monodroid-assembly:     ZIP: local header offset: 16813; data offset: 16900; file size: 400
08-10 14:21:03.569  5361  5361 I monodroid-assembly: /data/app/~~2AxfP9DOhvcA8mTnEmnQlw==/com.companyname.pathgeometryrenderbugmauiapp-6Slkk_uJoOiUnQ9tJRJHWQ==/base.apk entry: res/anim-v21/mtrl_bottom_sheet_slide_in.xml
08-10 14:21:03.570  5361  5361 I monodroid-assembly:     ZIP: local header offset: 17116; data offset: 17189; file size: 616
08-10 14:21:03.570  5361  5361 I monodroid-assembly: /data/app/~~2AxfP9DOhvcA8mTnEmnQlw==/com.companyname.pathgeometryrenderbugmauiapp-6Slkk_uJoOiUnQ9tJRJHWQ==/base.apk entry: res/anim-v21/mtrl_bottom_sheet_slide_out.xml
08-10 14:21:03.570  5361  5361 I monodroid-assembly:     ZIP: local header offset: 17488; data offset: 17562; file size: 616
08-10 14:21:03.570  5361  5361 I monodroid-assembly: /data/app/~~2AxfP9DOhvcA8mTnEmnQlw==/com.companyname.pathgeometryrenderbugmauiapp-6Slkk_uJoOiUnQ9tJRJHWQ==/base.apk entry: res/anim/mtrl_card_lowers_interpolator.xml
08-10 14:21:03.570  5361  5361 I monodroid-assembly:     ZIP: local header offset: 17858; data offset: 17930; file size: 400
08-10 14:21:03.570  5361  5361 I monodroid-assembly: /data/app/~~2AxfP9DOhvcA8mTnEmnQlw==/com.companyname.pathgeometryrenderbugmauiapp-6Slkk_uJoOiUnQ9tJRJHWQ==/base.apk entry: res/anim/nav_default_enter_anim.xml
08-10 14:21:03.570  5361  5361 I monodroid-assembly:     ZIP: local header offset: 18146; data offset: 18211; file size: 388
08-10 14:21:03.571  5361  5361 I monodroid-assembly: /data/app/~~2AxfP9DOhvcA8mTnEmnQlw==/com.companyname.pathgeometryrenderbugmauiapp-6Slkk_uJoOiUnQ9tJRJHWQ==/base.apk entry: res/anim/nav_default_exit_anim.xml
08-10 14:21:03.571  5361  5361 I monodroid-assembly:     ZIP: local header offset: 18429; data offset: 18493; file size: 388
08-10 14:21:03.571  5361  5361 I monodroid-assembly: /data/app/~~2AxfP9DOhvcA8mTnEmnQlw==/com.companyname.pathgeometryrenderbugmauiapp-6Slkk_uJoOiUnQ9tJRJHWQ==/base.apk entry: res/anim/nav_default_pop_enter_anim.xml
08-10 14:21:03.571  5361  5361 I monodroid-assembly:     ZIP: local header offset: 18711; data offset: 18780; file size: 388
08-10 14:21:03.572  5361  5361 I monodroid-assembly: /data/app/~~2AxfP9DOhvcA8mTnEmnQlw==/com.companyname.pathgeometryrenderbugmauiapp-6Slkk_uJoOiUnQ9tJRJHWQ==/base.apk entry: res/anim/nav_default_pop_exit_anim.xml
08-10 14:21:03.572  5361  5361 I monodroid-assembly:     ZIP: local header offset: 18998; data offset: 19066; file size: 388
08-10 14:21:03.572  5361  5361 I monodroid-assembly: /data/app/~~2AxfP9DOhvcA8mTnEmnQlw==/com.companyname.pathgeometryrenderbugmauiapp-6Slkk_uJoOiUnQ9tJRJHWQ==/base.apk entry: res/animator-v21/design_appbar_state_list_animator.xml
08-10 14:21:03.572  5361  5361 I monodroid-assembly:     ZIP: local header offset: 19284; data offset: 19368; file size: 1216
08-10 14:21:03.572  5361  5361 I monodroid-assembly: /data/app/~~2AxfP9DOhvcA8mTnEmnQlw==/com.companyname.pathgeometryrenderbugmauiapp-6Slkk_uJoOiUnQ9tJRJHWQ==/base.apk entry: res/animator/design_fab_hide_motion_spec.xml
08-10 14:21:03.572  5361  5361 I monodroid-assembly:     ZIP: local header offset: 19812; data offset: 19886; file size: 796
08-10 14:21:03.573  5361  5361 I monodroid-assembly: /data/app/~~2AxfP9DOhvcA8mTnEmnQlw==/com.companyname.pathgeometryrenderbugmauiapp-6Slkk_uJoOiUnQ9tJRJHWQ==/base.apk entry: res/animator/design_fab_show_motion_spec.xml
08-10 14:21:03.573  5361  5361 I monodroid-assembly:     ZIP: local header offset: 20215; data offset: 20289; file size: 796
08-10 14:21:03.573  5361  5361 I monodroid-assembly: /data/app/~~2AxfP9DOhvcA8mTnEmnQlw==/com.companyname.pathgeometryrenderbugmauiapp-6Slkk_uJoOiUnQ9tJRJHWQ==/base.apk entry: res/animator/fragment_close_enter.xml
08-10 14:21:03.573  5361  5361 I monodroid-assembly:     ZIP: local header offset: 20616; data offset: 20683; file size: 1128
08-10 14:21:03.573  5361  5361 I monodroid-assembly: /data/app/~~2AxfP9DOhvcA8mTnEmnQlw==/com.companyname.pathgeometryrenderbugmauiapp-6Slkk_uJoOiUnQ9tJRJHWQ==/base.apk entry: res/animator/fragment_close_exit.xml
08-10 14:21:03.574  5361  5361 I monodroid-assembly:     ZIP: local header offset: 21078; data offset: 21144; file size: 1128
08-10 14:21:03.574  5361  5361 I monodroid-assembly: /data/app/~~2AxfP9DOhvcA8mTnEmnQlw==/com.companyname.pathgeometryrenderbugmauiapp-6Slkk_uJoOiUnQ9tJRJHWQ==/base.apk entry: res/animator/fragment_fade_enter.xml
08-10 14:21:03.574  5361  5361 I monodroid-assembly:     ZIP: local header offset: 21538; data offset: 21604; file size: 452
08-10 14:21:03.574  5361  5361 I monodroid-assembly: /data/app/~~2AxfP9DOhvcA8mTnEmnQlw==/com.companyname.pathgeometryrenderbugmauiapp-6Slkk_uJoOiUnQ9tJRJHWQ==/base.apk entry: res/animator/fragment_fade_exit.xml
08-10 14:21:03.574  5361  5361 I monodroid-assembly:     ZIP: local header offset: 21869; data offset: 21934; file size: 452
08-10 14:21:03.574  5361  5361 I monodroid-assembly: /data/app/~~2AxfP9DOhvcA8mTnEmnQlw==/com.companyname.pathgeometryrenderbugmauiapp-6Slkk_uJoOiUnQ9tJRJHWQ==/base.apk entry: res/animator/fragment_open_enter.xml
08-10 14:21:03.574  5361  5361 I monodroid-assembly:     ZIP: local header offset: 22199; data offset: 22265; file size: 1128
08-10 14:21:03.574  5361  5361 I monodroid-assembly: /data/app/~~2AxfP9DOhvcA8mTnEmnQlw==/com.companyname.pathgeometryrenderbugmauiapp-6Slkk_uJoOiUnQ9tJRJHWQ==/base.apk entry: res/animator/fragment_open_exit.xml
08-10 14:21:03.575  5361  5361 I monodroid-assembly:     ZIP: local header offset: 22654; data offset: 22719; file size: 1128
08-10 14:21:03.575  5361  5361 I monodroid-assembly: /data/app/~~2AxfP9DOhvcA8mTnEmnQlw==/com.companyname.pathgeometryrenderbugmauiapp-6Slkk_uJoOiUnQ9tJRJHWQ==/base.apk entry: res/animator/m3_btn_elevated_btn_state_list_anim.xml
08-10 14:21:03.575  5361  5361 I monodroid-assembly:     ZIP: local header offset: 23111; data offset: 23193; file size: 1796
08-10 14:21:03.575  5361  5361 I monodroid-assembly: /data/app/~~2AxfP9DOhvcA8mTnEmnQlw==/com.companyname.pathgeometryrenderbugmauiapp-6Slkk_uJoOiUnQ9tJRJHWQ==/base.apk entry: res/animator/m3_btn_state_list_anim.xml
08-10 14:21:03.575  5361  5361 I monodroid-assembly:     ZIP: local header offset: 23710; data offset: 23779; file size: 1796
08-10 14:21:03.575  5361  5361 I monodroid-assembly: /data/app/~~2AxfP9DOhvcA8mTnEmnQlw==/com.companyname.pathgeometryrenderbugmauiapp-6Slkk_uJoOiUnQ9tJRJHWQ==/base.apk entry: res/animator/m3_card_elevated_state_list_anim.xml
08-10 14:21:03.576  5361  5361 I monodroid-assembly:     ZIP: local header offset: 24296; data offset: 24375; file size: 1632
08-10 14:21:03.576  5361  5361 I monodroid-assembly: /data/app/~~2AxfP9DOhvcA8mTnEmnQlw==/com.companyname.pathgeometryrenderbugmauiapp-6Slkk_uJoOiUnQ9tJRJHWQ==/base.apk entry: res/animator/m3_card_state_list_anim.xml
08-10 14:21:03.576  5361  5361 I monodroid-assembly:     ZIP: local header offset: 24913; data offset: 24983; file size: 1584
08-10 14:21:03.576  5361  5361 I monodroid-assembly: /data/app/~~2AxfP9DOhvcA8mTnEmnQlw==/com.companyname.pathgeometryrenderbugmauiapp-6Slkk_uJoOiUnQ9tJRJHWQ==/base.apk entry: res/animator/m3_chip_state_list_anim.xml
08-10 14:21:03.577  5361  5361 I monodroid-assembly:     ZIP: local header offset: 25513; data offset: 25583; file size: 1180
08-10 14:21:03.577  5361  5361 I monodroid-assembly: /data/app/~~2AxfP9DOhvcA8mTnEmnQlw==/com.companyname.pathgeometryrenderbugmauiapp-6Slkk_uJoOiUnQ9tJRJHWQ==/base.apk entry: res/animator/m3_elevated_chip_state_list_anim.xml
08-10 14:21:03.577  5361  5361 I monodroid-assembly:     ZIP: local header offset: 25998; data offset: 26077; file size: 1072
08-10 14:21:03.578  5361  5361 I monodroid-assembly: /data/app/~~2AxfP9DOhvcA8mTnEmnQlw==/com.companyname.pathgeometryrenderbugmauiapp-6Slkk_uJoOiUnQ9tJRJHWQ==/base.apk entry: res/animator/m3_extended_fab_hide_motion_spec.xml
08-10 14:21:03.578  5361  5361 I monodroid-assembly:     ZIP: local header offset: 26476; data offset: 26555; file size: 820
08-10 14:21:03.578  5361  5361 I monodroid-assembly: /data/app/~~2AxfP9DOhvcA8mTnEmnQlw==/com.companyname.pathgeometryrenderbugmauiapp-6Slkk_uJoOiUnQ9tJRJHWQ==/base.apk entry: res/animator/m3_extended_fab_show_motion_spec.xml
08-10 14:21:03.579  5361  5361 I monodroid-assembly:     ZIP: local header offset: 26916; data offset: 26995; file size: 820
08-10 14:21:03.579  5361  5361 I monodroid-assembly: /data/app/~~2AxfP9DOhvcA8mTnEmnQlw==/com.companyname.pathgeometryrenderbugmauiapp-6Slkk_uJoOiUnQ9tJRJHWQ==/base.apk entry: res/animator/m3_extended_fab_state_list_animator.xml
08-10 14:21:03.579  5361  5361 I monodroid-assembly:     ZIP: local header offset: 27352; data offset: 27434; file size: 2724
08-10 14:21:03.580  5361  5361 I monodroid-assembly: /data/app/~~2AxfP9DOhvcA8mTnEmnQlw==/com.companyname.pathgeometryrenderbugmauiapp-6Slkk_uJoOiUnQ9tJRJHWQ==/base.apk entry: res/animator/mtrl_btn_state_list_anim.xml
08-10 14:21:03.580  5361  5361 I monodroid-assembly:     ZIP: local header offset: 28054; data offset: 28125; file size: 2664
08-10 14:21:03.580  5361  5361 I monodroid-assembly: /data/app/~~2AxfP9DOhvcA8mTnEmnQlw==/com.companyname.pathgeometryrenderbugmauiapp-6Slkk_uJoOiUnQ9tJRJHWQ==/base.apk entry: res/animator/mtrl_btn_unelevated_state_list_anim.xml
08-10 14:21:03.580  5361  5361 I monodroid-assembly:     ZIP: local header offset: 28736; data offset: 28818; file size: 120
08-10 14:21:03.580  5361  5361 I monodroid-assembly: /data/app/~~2AxfP9DOhvcA8mTnEmnQlw==/com.companyname.pathgeometryrenderbugmauiapp-6Slkk_uJoOiUnQ9tJRJHWQ==/base.apk entry: res/animator/mtrl_card_state_list_anim.xml
08-10 14:21:03.580  5361  5361 I monodroid-assembly:     ZIP: local header offset: 28884; data offset: 28956; file size: 1208
08-10 14:21:03.581  5361  5361 I monodroid-assembly: /data/app/~~2AxfP9DOhvcA8mTnEmnQlw==/com.companyname.pathgeometryrenderbugmauiapp-6Slkk_uJoOiUnQ9tJRJHWQ==/base.apk entry: res/animator/mtrl_chip_state_list_anim.xml
08-10 14:21:03.581  5361  5361 I monodroid-assembly:     ZIP: local header offset: 29442; data offset: 29514; file size: 1072
08-10 14:21:03.582  5361  5361 I monodroid-assembly: /data/app/~~2AxfP9DOhvcA8mTnEmnQlw==/com.companyname.pathgeometryrenderbugmauiapp-6Slkk_uJoOiUnQ9tJRJHWQ==/base.apk entry: res/animator/mtrl_extended_fab_change_size_collapse_motion_spec.xml
08-10 14:21:03.582  5361  5361 I monodroid-assembly:     ZIP: local header offset: 29907; data offset: 30004; file size: 1116
08-10 14:21:03.582  5361  5361 I monodroid-assembly: /data/app/~~2AxfP9DOhvcA8mTnEmnQlw==/com.companyname.pathgeometryrenderbugmauiapp-6Slkk_uJoOiUnQ9tJRJHWQ==/base.apk entry: res/animator/mtrl_extended_fab_change_size_expand_motion_spec.xml
08-10 14:21:03.582  5361  5361 I monodroid-assembly:     ZIP: local header offset: 30382; data offset: 30477; file size: 1116
08-10 14:21:03.582  5361  5361 I monodroid-assembly: /data/app/~~2AxfP9DOhvcA8mTnEmnQlw==/com.companyname.pathgeometryrenderbugmauiapp-6Slkk_uJoOiUnQ9tJRJHWQ==/base.apk entry: res/animator/mtrl_extended_fab_hide_motion_spec.xml
08-10 14:21:03.583  5361  5361 I monodroid-assembly:     ZIP: local header offset: 30855; data offset: 30936; file size: 608
08-10 14:21:03.583  5361  5361 I monodroid-assembly: /data/app/~~2AxfP9DOhvcA8mTnEmnQlw==/com.companyname.pathgeometryrenderbugmauiapp-6Slkk_uJoOiUnQ9tJRJHWQ==/base.apk entry: res/animator/mtrl_extended_fab_show_motion_spec.xml
08-10 14:21:03.583  5361  5361 I monodroid-assembly:     ZIP: local header offset: 31258; data offset: 31339; file size: 820
08-10 14:21:03.583  5361  5361 I monodroid-assembly: /data/app/~~2AxfP9DOhvcA8mTnEmnQlw==/com.companyname.pathgeometryrenderbugmauiapp-6Slkk_uJoOiUnQ9tJRJHWQ==/base.apk entry: res/animator/mtrl_extended_fab_state_list_animator.xml
08-10 14:21:03.583  5361  5361 I monodroid-assembly:     ZIP: local header offset: 31700; data offset: 31784; file size: 2724
08-10 14:21:03.583  5361  5361 I monodroid-assembly: /data/app/~~2AxfP9DOhvcA8mTnEmnQlw==/com.companyname.pathgeometryrenderbugmauiapp-6Slkk_uJoOiUnQ9tJRJHWQ==/base.apk entry: res/animator/mtrl_fab_hide_motion_spec.xml
08-10 14:21:03.584  5361  5361 I monodroid-assembly:     ZIP: local header offset: 32397; data offset: 32469; file size: 796
08-10 14:21:03.584  5361  5361 I monodroid-assembly: /data/app/~~2AxfP9DOhvcA8mTnEmnQlw==/com.companyname.pathgeometryrenderbugmauiapp-6Slkk_uJoOiUnQ9tJRJHWQ==/base.apk entry: res/animator/mtrl_fab_show_motion_spec.xml
08-10 14:21:03.584  5361  5361 I monodroid-assembly:     ZIP: local header offset: 32801; data offset: 32873; file size: 796
08-10 14:21:03.584  5361  5361 I monodroid-assembly: /data/app/~~2AxfP9DOhvcA8mTnEmnQlw==/com.companyname.pathgeometryrenderbugmauiapp-6Slkk_uJoOiUnQ9tJRJHWQ==/base.apk entry: res/animator/mtrl_fab_transformation_sheet_collapse_spec.xml
08-10 14:21:03.585  5361  5361 I monodroid-assembly:     ZIP: local header offset: 33210; data offset: 33300; file size: 1888
08-10 14:21:03.585  5361  5361 I monodroid-assembly: /data/app/~~2AxfP9DOhvcA8mTnEmnQlw==/com.companyname.pathgeometryrenderbugmauiapp-6Slkk_uJoOiUnQ9tJRJHWQ==/base.apk entry: res/animator/mtrl_fab_transformation_sheet_expand_spec.xml
08-10 14:21:03.585  5361  5361 I monodroid-assembly:     ZIP: local header offset: 33812; data offset: 33900; file size: 1888
08-10 14:21:03.586  5361  5361 I monodroid-assembly: /data/app/~~2AxfP9DOhvcA8mTnEmnQlw==/com.companyname.pathgeometryrenderbugmauiapp-6Slkk_uJoOiUnQ9tJRJHWQ==/base.apk entry: res/animator/nav_default_enter_anim.xml
08-10 14:21:03.586  5361  5361 I monodroid-assembly:     ZIP: local header offset: 34410; data offset: 34479; file size: 452
08-10 14:21:03.586  5361  5361 I monodroid-assembly: /data/app/~~2AxfP9DOhvcA8mTnEmnQlw==/com.companyname.pathgeometryrenderbugmauiapp-6Slkk_uJoOiUnQ9tJRJHWQ==/base.apk entry: res/animator/nav_default_exit_anim.xml
08-10 14:21:03.586  5361  5361 I monodroid-assembly:     ZIP: local header offset: 34745; data offset: 34813; file size: 452
08-10 14:21:03.586  5361  5361 I monodroid-assembly: /data/app/~~2AxfP9DOhvcA8mTnEmnQlw==/com.companyname.pathgeometryrenderbugmauiapp-6Slkk_uJoOiUnQ9tJRJHWQ==/base.apk entry: res/animator/nav_default_pop_enter_anim.xml
08-10 14:21:03.586  5361  5361 I monodroid-assembly:     ZIP: local header offset: 35079; data offset: 35152; file size: 452
08-10 14:21:03.587  5361  5361 I monodroid-assembly: /data/app/~~2AxfP9DOhvcA8mTnEmnQlw==/com.companyname.pathgeometryrenderbugmauiapp-6Slkk_uJoOiUnQ9tJRJHWQ==/base.apk entry: res/animator/nav_default_pop_exit_anim.xml
08-10 14:21:03.587  5361  5361 I monodroid-assembly:     ZIP: local header offset: 35418; data offset: 35490; file size: 452
08-10 14:21:03.587  5361  5361 I monodroid-assembly: /data/app/~~2AxfP9DOhvcA8mTnEmnQlw==/com.companyname.pathgeometryrenderbugmauiapp-6Slkk_uJoOiUnQ9tJRJHWQ==/base.apk entry: res/color/abc_background_cache_hint_selector_material_dark.xml
08-10 14:21:03.587  5361  5361 I monodroid-assembly:     ZIP: local header offset: 35756; data offset: 35848; file size: 468
08-10 14:21:03.587  5361  5361 I monodroid-assembly: /data/app/~~2AxfP9DOhvcA8mTnEmnQlw==/com.companyname.pathgeometryrenderbugmauiapp-6Slkk_uJoOiUnQ9tJRJHWQ==/base.apk entry: res/color/abc_background_cache_hint_selector_material_light.xml
08-10 14:21:03.587  5361  5361 I monodroid-assembly:     ZIP: local header offset: 36079; data offset: 36172; file size: 468
08-10 14:21:03.587  5361  5361 I monodroid-assembly: /data/app/~~2AxfP9DOhvcA8mTnEmnQlw==/com.companyname.pathgeometryrenderbugmauiapp-6Slkk_uJoOiUnQ9tJRJHWQ==/base.apk entry: res/color-v21/abc_btn_colored_borderless_text_material.xml
08-10 14:21:03.588  5361  5361 I monodroid-assembly:     ZIP: local header offset: 36403; data offset: 36491; file size: 464
08-10 14:21:03.588  5361  5361 I monodroid-assembly: /data/app/~~2AxfP9DOhvcA8mTnEmnQlw==/com.companyname.pathgeometryrenderbugmauiapp-6Slkk_uJoOiUnQ9tJRJHWQ==/base.apk entry: res/color/abc_btn_colored_text_material.xml
08-10 14:21:03.588  5361  5361 I monodroid-assembly:     ZIP: local header offset: 36721; data offset: 36794; file size: 604
08-10 14:21:03.589  5361  5361 I monodroid-assembly: /data/app/~~2AxfP9DOhvcA8mTnEmnQlw==/com.companyname.pathgeometryrenderbugmauiapp-6Slkk_uJoOiUnQ9tJRJHWQ==/base.apk entry: res/color/abc_hint_foreground_material_dark.xml
08-10 14:21:03.589  5361  5361 I monodroid-assembly:     ZIP: local header offset: 37066; data offset: 37143; file size: 564
08-10 14:21:03.589  5361  5361 I monodroid-assembly: /data/app/~~2AxfP9DOhvcA8mTnEmnQlw==/com.companyname.pathgeometryrenderbugmauiapp-6Slkk_uJoOiUnQ9tJRJHWQ==/base.apk entry: res/color/abc_hint_foreground_material_light.xml
08-10 14:21:03.590  5361  5361 I monodroid-assembly:     ZIP: local header offset: 37403; data offset: 37481; file size: 564
08-10 14:21:03.590  5361  5361 I monodroid-assembly: /data/app/~~2AxfP9DOhvcA8mTnEmnQlw==/com.companyname.pathgeometryrenderbugmauiapp-6Slkk_uJoOiUnQ9tJRJHWQ==/base.apk entry: res/color/abc_primary_text_disable_only_material_dark.xml
08-10 14:21:03.590  5361  5361 I monodroid-assembly:     ZIP: local header offset: 37741; data offset: 37828; file size: 464
08-10 14:21:03.590  5361  5361 I monodroid-assembly: /data/app/~~2AxfP9DOhvcA8mTnEmnQlw==/com.companyname.pathgeometryrenderbugmauiapp-6Slkk_uJoOiUnQ9tJRJHWQ==/base.apk entry: res/color/abc_primary_text_disable_only_material_light.xml
08-10 14:21:03.590  5361  5361 I monodroid-assembly:     ZIP: local header offset: 38056; data offset: 38144; file size: 464
08-10 14:21:03.590  5361  5361 I monodroid-assembly: /data/app/~~2AxfP9DOhvcA8mTnEmnQlw==/com.companyname.pathgeometryrenderbugmauiapp-6Slkk_uJoOiUnQ9tJRJHWQ==/base.apk entry: res/color/abc_primary_text_material_dark.xml
08-10 14:21:03.591  5361  5361 I monodroid-assembly:     ZIP: local header offset: 38372; data offset: 38446; file size: 464
08-10 14:21:03.591  5361  5361 I monodroid-assembly: /data/app/~~2AxfP9DOhvcA8mTnEmnQlw==/com.companyname.pathgeometryrenderbugmauiapp-6Slkk_uJoOiUnQ9tJRJHWQ==/base.apk entry: res/color/abc_primary_text_material_light.xml
08-10 14:21:03.591  5361  5361 I monodroid-assembly:     ZIP: local header offset: 38675; data offset: 38750; file size: 464
08-10 14:21:03.591  5361  5361 I monodroid-assembly: /data/app/~~2AxfP9DOhvcA8mTnEmnQlw==/com.companyname.pathgeometryrenderbugmauiapp-6Slkk_uJoOiUnQ9tJRJHWQ==/base.apk entry: res/color/abc_search_url_text.xml
08-10 14:21:03.592  5361  5361 I monodroid-assembly:     ZIP: local header offset: 38978; data offset: 39041; file size: 588
08-10 14:21:03.592  5361  5361 I monodroid-assembly: /data/app/~~2AxfP9DOhvcA8mTnEmnQlw==/com.companyname.pathgeometryrenderbugmauiapp-6Slkk_uJoOiUnQ9tJRJHWQ==/base.apk entry: res/color/abc_secondary_text_material_dark.xml
08-10 14:21:03.592  5361  5361 I monodroid-assembly:     ZIP: local header offset: 39291; data offset: 39367; file size: 464
08-10 14:21:03.593  5361  5361 I monodroid-assembly: /data/app/~~2AxfP9DOhvcA8mTnEmnQlw==/com.companyname.pathgeometryrenderbugmauiapp-6Slkk_uJoOiUnQ9tJRJHWQ==/base.apk entry: res/color/abc_secondary_text_material_light.xml
08-10 14:21:03.593  5361  5361 I monodroid-assembly:     ZIP: local header offset: 39596; data offset: 39673; file size: 464
08-10 14:21:03.593  5361  5361 I monodroid-assembly: /data/app/~~2AxfP9DOhvcA8mTnEmnQlw==/com.companyname.pathgeometryrenderbugmauiapp-6Slkk_uJoOiUnQ9tJRJHWQ==/base.apk entry: res/color/abc_tint_btn_checkable.xml
08-10 14:21:03.594  5361  5361 I monodroid-assembly:     ZIP: local header offset: 39902; data offset: 39968; file size: 728
08-10 14:21:03.594  5361  5361 I monodroid-assembly: /data/app/~~2AxfP9DOhvcA8mTnEmnQlw==/com.companyname.pathgeometryrenderbugmauiapp-6Slkk_uJoOiUnQ9tJRJHWQ==/base.apk entry: res/color/abc_tint_default.xml
08-10 14:21:03.594  5361  5361 I monodroid-assembly:     ZIP: local header offset: 40274; data offset: 40334; file size: 1224
08-10 14:21:03.595  5361  5361 I monodroid-assembly: /data/app/~~2AxfP9DOhvcA8mTnEmnQlw==/com.companyname.pathgeometryrenderbugmauiapp-6Slkk_uJoOiUnQ9tJRJHWQ==/base.apk entry: res/color/abc_tint_edittext.xml
08-10 14:21:03.595  5361  5361 I monodroid-assembly:     ZIP: local header offset: 40739; data offset: 40800; file size: 772
08-10 14:21:03.595  5361  5361 I monodroid-assembly: /data/app/~~2AxfP9DOhvcA8mTnEmnQlw==/com.companyname.pathgeometryrenderbugmauiapp-6Slkk_uJoOiUnQ9tJRJHWQ==/base.apk entry: res/color/abc_tint_seek_thumb.xml
08-10 14:21:03.596  5361  5361 I monodroid-assembly:     ZIP: local header offset: 41116; data offset: 41179; file size: 604
08-10 14:21:03.596  5361  5361 I monodroid-assembly: /data/app/~~2AxfP9DOhvcA8mTnEmnQlw==/com.companyname.pathgeometryrenderbugmauiapp-6Slkk_uJoOiUnQ9tJRJHWQ==/base.apk entry: res/color/abc_tint_spinner.xml
08-10 14:21:03.596  5361  5361 I monodroid-assembly:     ZIP: local header offset: 41452; data offset: 41512; file size: 772
08-10 14:21:03.596  5361  5361 I monodroid-assembly: /data/app/~~2AxfP9DOhvcA8mTnEmnQlw==/com.companyname.pathgeometryrenderbugmauiapp-6Slkk_uJoOiUnQ9tJRJHWQ==/base.apk entry: res/color/abc_tint_switch_track.xml
08-10 14:21:03.597  5361  5361 I monodroid-assembly:     ZIP: local header offset: 41828; data offset: 41893; file size: 768
08-10 14:21:03.597  5361  5361 I monodroid-assembly: /data/app/~~2AxfP9DOhvcA8mTnEmnQlw==/com.companyname.pathgeometryrenderbugmauiapp-6Slkk_uJoOiUnQ9tJRJHWQ==/base.apk entry: res/color/design_box_stroke_color.xml
08-10 14:21:03.598  5361  5361 I monodroid-assembly:     ZIP: local header offset: 42204; data offset: 42271; file size: 712
08-10 14:21:03.598  5361  5361 I monodroid-assembly: /data/app/~~2AxfP9DOhvcA8mTnEmnQlw==/com.companyname.pathgeometryrenderbugmauiapp-6Slkk_uJoOiUnQ9tJRJHWQ==/base.apk entry: res/color/design_error.xml
08-10 14:21:03.598  5361  5361 I monodroid-assembly:     ZIP: local header offset: 42556; data offset: 42612; file size: 464
08-10 14:21:03.599  5361  5361 I monodroid-assembly: /data/app/~~2AxfP9DOhvcA8mTnEmnQlw==/com.companyname.pathgeometryrenderbugmauiapp-6Slkk_uJoOiUnQ9tJRJHWQ==/base.apk entry: res/color/design_icon_tint.xml
08-10 14:21:03.599  5361  5361 I monodroid-assembly:     ZIP: local header offset: 42842; data offset: 42902; file size: 376
08-10 14:21:03.599  5361  5361 I monodroid-assembly: /data/app/~~2AxfP9DOhvcA8mTnEmnQlw==/com.companyname.pathgeometryrenderbugmauiapp-6Slkk_uJoOiUnQ9tJRJHWQ==/base.apk entry: res/color/m3_appbar_overlay_color.xml
08-10 14:21:03.599  5361  5361 I monodroid-assembly:     ZIP: local header offset: 43109; data offset: 43176; file size: 376
08-10 14:21:03.600  5361  5361 I monodroid-assembly: /data/app/~~2AxfP9DOhvcA8mTnEmnQlw==/com.companyname.pathgeometryrenderbugmauiapp-6Slkk_uJoOiUnQ9tJRJHWQ==/base.apk entry: res/color/m3_assist_chip_icon_tint_color.xml
08-10 14:21:03.600  5361  5361 I monodroid-assembly:     ZIP: local header offset: 43382; data offset: 43456; file size: 500
08-10 14:21:03.600  5361  5361 I monodroid-assembly: /data/app/~~2AxfP9DOhvcA8mTnEmnQlw==/com.companyname.pathgeometryrenderbugmauiapp-6Slkk_uJoOiUnQ9tJRJHWQ==/base.apk entry: res/color/m3_assist_chip_stroke_color.xml
08-10 14:21:03.600  5361  5361 I monodroid-assembly:     ZIP: local header offset: 43699; data offset: 43770; file size: 872
