--------- beginning of main
08-10 15:05:29.776   707   841 D EGL_emulation: app_time_stats: avg=20002.95ms min=20002.95ms max=20002.95ms count=1
08-10 15:05:32.490  1295 10171 D androidtc: Initializing SystemTextClassifier, type = System
08-10 15:05:34.543   380   380 I android.hardware.vibrator-service.example: Vibrator perform
08-10 15:05:34.545   380 10175 I android.hardware.vibrator-service.example: Starting perform on another thread
08-10 15:05:34.554   387   518 D AudioFlinger: mixer(0x7b3a07301a70) throttle end: throttle time(33)
08-10 15:05:34.644   707   841 D EGL_emulation: app_time_stats: avg=64320.88ms min=1.32ms max=1929570.75ms count=30
08-10 15:05:34.647   380 10175 I android.hardware.vibrator-service.example: Notifying perform complete
08-10 15:05:34.648   380   380 I android.hardware.vibrator-service.example: Vibrator off
08-10 15:05:34.648   983 28327 D TaplEvents: Main / onOverviewToggle
--------- beginning of system
08-10 15:05:34.655   546   564 D AutofillManagerService: Close system dialogs
08-10 15:05:34.661   707   707 V ShadeControllerImpl: NotificationShadeWindow: com.android.systemui.statusbar.phone.NotificationShadeWindowView{440cea4 I.E...... ......ID 0,0-1080,2340} canPanelBeCollapsed(): false
08-10 15:05:34.691   546   568 D CompatibilityChangeReporter: Compat change id reported: 158002302; UID 10153; state: ENABLED
08-10 15:05:34.701   546   564 D AutofillManagerService: Close system dialogs
08-10 15:05:34.703  1545  1545 I A       : onApplyWindowInsets: systemWindowInsets=Insets{left=0, top=145, right=0, bottom=132}
08-10 15:05:34.704  1545  1545 I A       : onApplyWindowInsets: Adjusting for display cutouts. Safe insets: left=0, top=136, right=0, bottom=0
08-10 15:05:34.704  1545  1545 I A       : onApplyWindowInsets: systemWindowInsets=Insets{left=0, top=145, right=0, bottom=132}
08-10 15:05:34.707   359   408 D goldfish-address-space: claimShared: Ask to claim region [0x3f0000000 0x3f09a4000]
08-10 15:05:34.711   546  2791 W ActivityManager: Unable to start service Intent { act=android.service.smartspace.SmartspaceService cmp=com.google.android.as/com.google.android.apps.miphone.aiai.app.AiAiSmartspaceService } U=0: not found
08-10 15:05:34.711   546  2791 W RemoteSmartspaceService: could not bind to Intent { act=android.service.smartspace.SmartspaceService cmp=com.google.android.as/com.google.android.apps.miphone.aiai.app.AiAiSmartspaceService } using flags 67112961
08-10 15:05:34.712   546   546 W ActivityManager: Unbind failed: could not find connection for android.app.LoadedApk$ServiceDispatcher$InnerConnection@718efe1
08-10 15:05:34.720   359   408 D goldfish-address-space: claimShared: Ask to claim region [0x3f09a4000 0x3f1348000]
08-10 15:05:34.723   983   983 I LatencyTracker: ACTION_TOGGLE_RECENTS latency=72
08-10 15:05:34.724   359   359 D goldfish-address-space: claimShared: Ask to claim region [0x3f1348000 0x3f1cec000]
08-10 15:05:34.726   359   359 D goldfish-address-space: claimShared: Ask to claim region [0x3f6cce000 0x3f7672000]
08-10 15:05:34.742   359   359 D goldfish-address-space: claimShared: Ask to claim region [0x3f4000000 0x3f49a4000]
08-10 15:05:34.744   359   359 D goldfish-address-space: claimShared: Ask to claim region [0x3f49a4000 0x3f5348000]
08-10 15:05:34.765   707   707 V ShadeControllerImpl: NotificationShadeWindow: com.android.systemui.statusbar.phone.NotificationShadeWindowView{440cea4 I.E...... ......ID 0,0-1080,2340} canPanelBeCollapsed(): false
08-10 15:05:34.778  1545  1992 I OpenGLRenderer: Davey! duration=2322690ms; Flags=1, FrameTimelineVsyncId=151031, IntendedVsync=876366988404837, Vsync=876366988404837, InputEventId=1605992033, HandleInputStart=876366990476776, AnimationStart=876366990477232, PerformTraversalsStart=876366990477412, DrawStart=876367011278196, FrameDeadline=876367021738169, FrameInterval=876366990465129, FrameStartTime=16666666, SyncQueued=876367012896279, SyncStart=876367013386505, IssueDrawCommandsStart=876367014652048, SwapBuffers=876367015856544, FrameCompleted=878689679641659, DequeueBufferDuration=3060, QueueBufferDuration=2024889, GpuCompleted=878689679641659, SwapBuffersCompleted=876367019249943, DisplayPresentTime=0, 
08-10 15:05:35.011   707   841 D EGL_emulation: app_time_stats: avg=5234.69ms min=5234.69ms max=5234.69ms count=1
08-10 15:05:35.055   359   359 D goldfish-address-space: claimShared: Ask to claim region [0x3f32ef000 0x3f391b000]
08-10 15:05:35.075   983   983 I AiAiSuggestUi: Clearing suggestions.
08-10 15:05:35.076   983   983 I AiAiSuggestUi: Requesting to show indicators
08-10 15:05:35.076   983   983 I AiAiSuggestUi: Fetching contents, isPrimaryTask = true
08-10 15:05:35.078   546   546 W ActivityManager: Unable to start service Intent { act=android.service.contentsuggestions.ContentSuggestionsService cmp=com.google.android.as/com.google.android.apps.miphone.aiai.app.AiAiContentSuggestionsService } U=0: not found
08-10 15:05:35.078   546   546 W RemoteContentSuggestionsService: could not bind to Intent { act=android.service.contentsuggestions.ContentSuggestionsService cmp=com.google.android.as/com.google.android.apps.miphone.aiai.app.AiAiContentSuggestionsService } using flags 67112961
08-10 15:05:35.078   546   546 W ContentSuggestionsPerUserService: remote content suggestions service died
08-10 15:05:35.079   546   546 W ActivityManager: Unbind failed: could not find connection for android.app.LoadedApk$ServiceDispatcher$InnerConnection@9940792
08-10 15:05:35.115   546   574 I LatencyTracker: ACTION_START_RECENTS_ANIMATION latency=109
08-10 15:05:35.588   983   983 D TaplEvents: Main / Touch event: MotionEvent { action=ACTION_DOWN, actionButton=0, id[0]=0, x[0]=623.9795, y[0]=1770.9247, toolType[0]=TOOL_TYPE_FINGER, buttonState=0, classification=NONE, metaState=META_NUM_LOCK_ON, flags=0x0, edgeFlags=0x0, pointerCount=1, historySize=0, eventTime=878690504, downTime=878690504, deviceId=9, source=0x5002, displayId=0, eventId=423309858 }
08-10 15:05:35.791   359   359 D goldfish-address-space: claimShared: Ask to claim region [0x3f5348000 0x3f5974000]
08-10 15:05:35.806   983  1481 D EGL_emulation: app_time_stats: avg=24.31ms min=1.94ms max=582.78ms count=29
08-10 15:05:35.845   546  2589 W ActivityManager: Unable to start service Intent { act=android.service.smartspace.SmartspaceService cmp=com.google.android.as/com.google.android.apps.miphone.aiai.app.AiAiSmartspaceService } U=0: not found
08-10 15:05:35.845   546  2589 W RemoteSmartspaceService: could not bind to Intent { act=android.service.smartspace.SmartspaceService cmp=com.google.android.as/com.google.android.apps.miphone.aiai.app.AiAiSmartspaceService } using flags 67112961
08-10 15:05:35.859   983   983 I AiAiSuggestUi: Start suggest interaction @ PointF(534.13525, 1714.5869)
08-10 15:05:35.859   983   983 I AiAiSuggestUi: Clearing suggestions.
08-10 15:05:35.860   983   983 I AiAiSuggestUi: Fetching contents, isPrimaryTask = true
08-10 15:05:35.868  1295  1295 I GoogleInputMethodService: GoogleInputMethodService.onFinishInput():3420 
08-10 15:05:35.869  1295  1295 I GoogleInputMethodService: GoogleInputMethodService.onStartInput():2002 
08-10 15:05:35.871   546  2910 I ActivityManager: PendingStartActivityUids startActivity to updateOomAdj delay:1194ms, uid:10131
08-10 15:05:35.877  1295  1295 I DeviceUnlockedTag: DeviceUnlockedTag.notifyDeviceLockStatusChanged():31 Notify device unlocked.
08-10 15:05:35.886   546   546 W ActivityManager: Unbind failed: could not find connection for android.app.LoadedApk$ServiceDispatcher$InnerConnection@7053cb7
08-10 15:05:35.893   546   546 W ActivityManager: Unable to start service Intent { act=android.service.contentsuggestions.ContentSuggestionsService cmp=com.google.android.as/com.google.android.apps.miphone.aiai.app.AiAiContentSuggestionsService } U=0: not found
08-10 15:05:35.894   546   546 W RemoteContentSuggestionsService: could not bind to Intent { act=android.service.contentsuggestions.ContentSuggestionsService cmp=com.google.android.as/com.google.android.apps.miphone.aiai.app.AiAiContentSuggestionsService } using flags 67112961
08-10 15:05:35.894   546   546 W ContentSuggestionsPerUserService: remote content suggestions service died
08-10 15:05:35.894   546   546 W ActivityManager: Unbind failed: could not find connection for android.app.LoadedApk$ServiceDispatcher$InnerConnection@ba97942
08-10 15:05:35.895  7896  7896 D monodroid: typemap: Java type 'android/os/Bundle' corresponds to managed type 'Android.OS.Bundle, Mono.Android'
08-10 15:05:35.899  1422  1422 I GsaVoiceInteractionSrv: Handling ACTION_START_HOTWORD
08-10 15:05:35.899  7896  7896 D Mono    : Running class .cctor for Android.OS.Bundle from '/data/data/com.companyname.pathgeometryrenderbugmauiapp/files/.__override__/Mono.Android.dll'
08-10 15:05:35.900  7896  7896 D Mono    : Running class .cctor for Android.OS.BaseBundle from '/data/data/com.companyname.pathgeometryrenderbugmauiapp/files/.__override__/Mono.Android.dll'
08-10 15:05:35.899  1422  1422 I GsaVoiceInteractionSrv: disregardVoiceMatch: false
08-10 15:05:35.901  1422  1422 I GsaVoiceInteractionSrv: Cannot start hotword, hotword has been explicitly disabled.
08-10 15:05:35.910  7896  7896 D Mono    : Running class .cctor for System.Array/EmptyArray`1<Microsoft.Maui.LifecycleEvents.AndroidLifecycle/OnSaveInstanceState> from '/data/data/com.companyname.pathgeometryrenderbugmauiapp/files/.__override__/System.Private.CoreLib.dll'
08-10 15:05:35.911  7896  7896 D Mono    : Running class .cctor for System.SZGenericArrayEnumerator`1<Microsoft.Maui.LifecycleEvents.AndroidLifecycle/OnSaveInstanceState> from '/data/data/com.companyname.pathgeometryrenderbugmauiapp/files/.__override__/System.Private.CoreLib.dll'
08-10 15:05:35.952   546   567 I ActivityManager: Killing 5290:android.process.acore/u0a61 (adj 995): empty for 3007s
08-10 15:05:35.956   546   577 I libprocessgroup: Successfully killed process cgroup uid 10061 pid 5290 in 0ms
08-10 15:05:35.956   983   983 D TaplEvents: Main / Touch event: MotionEvent { action=ACTION_UP, actionButton=0, id[0]=0, x[0]=756.969, y[0]=772.9541, toolType[0]=TOOL_TYPE_FINGER, buttonState=0, classification=NONE, metaState=META_NUM_LOCK_ON, flags=0x0, edgeFlags=0x0, pointerCount=1, historySize=0, eventTime=878690855, downTime=878690504, deviceId=9, source=0x5002, displayId=0, eventId=718776878 }
08-10 15:05:35.979  7896  7896 D Mono    : Running class .cctor for System.Array/EmptyArray`1<Microsoft.Maui.LifecycleEvents.AndroidLifecycle/OnApplicationTrimMemory> from '/data/data/com.companyname.pathgeometryrenderbugmauiapp/files/.__override__/System.Private.CoreLib.dll'
08-10 15:05:35.980  7896  7896 D Mono    : Running class .cctor for System.SZGenericArrayEnumerator`1<Microsoft.Maui.LifecycleEvents.AndroidLifecycle/OnApplicationTrimMemory> from '/data/data/com.companyname.pathgeometryrenderbugmauiapp/files/.__override__/System.Private.CoreLib.dll'
08-10 15:05:35.996   983   983 I AiAiSuggestUi: Complete suggest interaction
08-10 15:05:35.996   380   380 I android.hardware.vibrator-service.example: Vibrator perform
08-10 15:05:35.997   380   380 I android.hardware.vibrator-service.example: Vibrator on for timeoutMs: 1
08-10 15:05:35.998   546   546 W ActivityManager: Unable to start service Intent { act=android.service.contentsuggestions.ContentSuggestionsService cmp=com.google.android.as/com.google.android.apps.miphone.aiai.app.AiAiContentSuggestionsService } U=0: not found
08-10 15:05:35.998   546   546 W RemoteContentSuggestionsService: could not bind to Intent { act=android.service.contentsuggestions.ContentSuggestionsService cmp=com.google.android.as/com.google.android.apps.miphone.aiai.app.AiAiContentSuggestionsService } using flags 67112961
08-10 15:05:35.998   546   546 W ContentSuggestionsPerUserService: remote content suggestions service died
08-10 15:05:35.999   546   546 W ActivityManager: Unbind failed: could not find connection for android.app.LoadedApk$ServiceDispatcher$InnerConnection@359e78e
08-10 15:05:35.999   380   380 I android.hardware.vibrator-service.example: Vibrator set amplitude: 0.709427
08-10 15:05:36.000   380   380 I android.hardware.vibrator-service.example: Vibrator off
08-10 15:05:36.000   380 10182 I android.hardware.vibrator-service.example: Starting on on another thread
08-10 15:05:36.002   380 10182 I android.hardware.vibrator-service.example: Notifying on complete
08-10 15:05:36.018   380   380 I android.hardware.vibrator-service.example: Vibrator on for timeoutMs: 21
08-10 15:05:36.020   380   380 I android.hardware.vibrator-service.example: Vibrator set amplitude: 0.709427
08-10 15:05:36.020   380 10183 I android.hardware.vibrator-service.example: Starting on on another thread
08-10 15:05:36.042   380 10183 I android.hardware.vibrator-service.example: Notifying on complete
08-10 15:05:36.045   380   380 I android.hardware.vibrator-service.example: Vibrator off
08-10 15:05:36.063   983  1005 W s.nexuslaunche: Reducing the number of considered missed Gc histogram windows from 183 to 100
08-10 15:05:36.068   546  2589 D CountryDetector: No listener is left
08-10 15:05:36.071   338   338 I Zygote  : Process 5290 exited due to signal 9 (Killed)
08-10 15:05:36.255   983   983 I AiAiSuggestUi: Clearing suggestions.
08-10 15:05:36.255   983   983 I AiAiSuggestUi: Clearing suggestions.
08-10 15:05:36.325   707   841 D EGL_emulation: app_time_stats: avg=143.27ms min=5.13ms max=1166.23ms count=9
08-10 15:05:36.329   707   841 D EGL_emulation: app_time_stats: avg=47.68ms min=2.33ms max=1165.52ms count=30
08-10 15:05:36.368   546   567 I ActivityManager: Killing 7896:com.companyname.pathgeometryrenderbugmauiapp/u0a153 (adj 900): remove task
08-10 15:05:36.414   546   577 I libprocessgroup: Successfully killed process cgroup uid 10153 pid 7896 in 44ms
08-10 15:05:36.414   546  2581 I WindowManager: WIN DEATH: Window{f4201a2 u0 com.companyname.pathgeometryrenderbugmauiapp/crc64b98ea09593e1d03e.MainActivity}
08-10 15:05:36.415   338   338 I Zygote  : Process 7896 exited due to signal 9 (Killed)
08-10 15:05:36.415   546  2581 W InputManager-JNI: Input channel object 'f4201a2 com.companyname.pathgeometryrenderbugmauiapp/crc64b98ea09593e1d03e.MainActivity (client)' was disposed without first being removed with the input manager!
08-10 15:05:36.434   546   568 W ActivityTaskManager: Can't find TaskDisplayArea to determine support for multi window. Task id=52 attached=false
08-10 15:05:36.434   546   568 W ActivityTaskManager: Can't find TaskDisplayArea to determine support for multi window. Task id=52 attached=false
08-10 15:05:36.436   546   567 W ActivityManager: setHasOverlayUi called on unknown pid: 7896
08-10 15:05:36.443   546   574 W UsageStatsService: Unexpected activity event reported! (com.companyname.pathgeometryrenderbugmauiapp/crc64b98ea09593e1d03e.MainActivity event : 23 instanceId : 250780638)
08-10 15:05:49.605 10203 10203 W run-as  : type=1400 audit(0.0:3670): avc: granted { execute } for name="xamarin.stat" dev="dm-5" ino=172044 scontext=u:r:runas_app:s0:c153,c256,c512,c768 tcontext=u:object_r:app_data_file:s0:c153,c256,c512,c768 tclass=file app=com.companyname.pathgeometryrenderbugmauiapp
08-10 15:05:49.605 10203 10203 W xamarin.stat: type=1400 audit(0.0:3671): avc: granted { execute } for path="/data/user/0/com.companyname.pathgeometryrenderbugmauiapp/files/.__tools__/xamarin.stat" dev="dm-5" ino=172044 scontext=u:r:runas_app:s0:c153,c256,c512,c768 tcontext=u:object_r:app_data_file:s0:c153,c256,c512,c768 tclass=file app=com.companyname.pathgeometryrenderbugmauiapp
08-10 15:05:49.741 10209 10209 W run-as  : type=1400 audit(0.0:3672): avc: granted { execute } for name="xamarin.find" dev="dm-5" ino=172042 scontext=u:r:runas_app:s0:c153,c256,c512,c768 tcontext=u:object_r:app_data_file:s0:c153,c256,c512,c768 tclass=file app=com.companyname.pathgeometryrenderbugmauiapp
08-10 15:05:49.741 10209 10209 W xamarin.find: type=1400 audit(0.0:3673): avc: granted { execute } for path="/data/user/0/com.companyname.pathgeometryrenderbugmauiapp/files/.__tools__/xamarin.find" dev="dm-5" ino=172042 scontext=u:r:runas_app:s0:c153,c256,c512,c768 tcontext=u:object_r:app_data_file:s0:c153,c256,c512,c768 tclass=file app=com.companyname.pathgeometryrenderbugmauiapp
08-10 15:05:49.785   707   841 D EGL_emulation: app_time_stats: avg=1494.69ms min=13.13ms max=13322.80ms count=9
08-10 15:05:49.893 10212 10212 W run-as  : type=1400 audit(0.0:3674): avc: granted { execute } for name="xamarin.sync" dev="dm-5" ino=172043 scontext=u:r:runas_app:s0:c153,c256,c512,c768 tcontext=u:object_r:app_data_file:s0:c153,c256,c512,c768 tclass=file app=com.companyname.pathgeometryrenderbugmauiapp
08-10 15:05:49.893 10212 10212 W xamarin.sync: type=1400 audit(0.0:3675): avc: granted { execute } for path="/data/user/0/com.companyname.pathgeometryrenderbugmauiapp/files/.__tools__/xamarin.sync" dev="dm-5" ino=172043 scontext=u:r:runas_app:s0:c153,c256,c512,c768 tcontext=u:object_r:app_data_file:s0:c153,c256,c512,c768 tclass=file app=com.companyname.pathgeometryrenderbugmauiapp
--------- beginning of kernel
08-10 15:05:49.983     0     0 W audit   : audit_lost=2790 audit_rate_limit=5 audit_backlog_limit=64
08-10 15:05:49.984     0     0 E audit   : rate limit exceeded
08-10 15:05:50.366   546  2581 I ActivityManager: Force stopping com.companyname.pathgeometryrenderbugmauiapp appid=10153 user=0: from pid 10227
08-10 15:05:50.375  2924  2924 D CarrierSvcBindHelper: No carrier app for: 0
08-10 15:05:50.622   546  2581 I ActivityTaskManager: START u0 {act=android.intent.action.MAIN cat=[android.intent.category.LAUNCHER] flg=0x10000000 cmp=com.companyname.pathgeometryrenderbugmauiapp/crc64b98ea09593e1d03e.MainActivity} from uid 0
08-10 15:05:50.624   546  2581 W ActivityTaskManager: Can't find TaskDisplayArea to determine support for multi window. Task id=53 attached=false
08-10 15:05:50.631   546  2581 D CompatibilityChangeReporter: Compat change id reported: 168419799; UID 10153; state: DISABLED
08-10 15:05:50.633   707   825 D PhoneStartingWindowTypeAlgorithm: preferredStartingWindowType newTask:true taskSwitch:true processRunning:false allowTaskSnapshot:true activityCreated:false useEmptySplashScreen:false legacySplashScreen:false topIsHome:false
08-10 15:05:50.633   707   825 D StartingSurfaceDrawer: addSplashScreen com.companyname.pathgeometryrenderbugmauiapp theme=7f10012c task=53 suggestType=1
08-10 15:05:50.656   546   567 D CompatibilityChangeReporter: Compat change id reported: 135634846; UID 10153; state: DISABLED
08-10 15:05:50.658   546   576 D CompatibilityChangeReporter: Compat change id reported: 143937733; UID 10153; state: ENABLED
08-10 15:05:50.676   707   830 D StartingSurfaceDrawer: window attributes color: ff512bd4 icon android.graphics.drawable.LayerDrawable@b054739 duration 0 brandImage null
08-10 15:05:50.677   707   830 D SplashScreenView: Build android.window.SplashScreenView{9f096df V.E...... ......ID 0,0-0,0}
08-10 15:05:50.677   707   830 D SplashScreenView: Icon: view: android.widget.ImageView{8e25f2c V.ED..... ......I. 0,0-0,0 #10204a7 android:id/splashscreen_icon_view} drawable: com.android.wm.shell.startingsurface.SplashscreenIconDrawableFactory$ImmobileIconDrawable@96a1df5 size: 528
08-10 15:05:50.677   707   830 D SplashScreenView: Branding: view: android.view.View{7cd978a G.ED..... ......I. 0,0-0,0 #10204a6 android:id/splashscreen_branding_view} drawable: null size w: 0 h: 0
08-10 15:05:50.678   707   830 D StartingSurfaceDrawer: fillViewWithIcon surfaceWindowView android.window.SplashScreenView{9f096df V.E...... ......ID 0,0-0,0}
08-10 15:05:50.685   338   338 D Zygote  : Forked child process 10230
08-10 15:05:50.687   546   576 I ActivityManager: Start proc 10230:com.companyname.pathgeometryrenderbugmauiapp/u0a153 for pre-top-activity {com.companyname.pathgeometryrenderbugmauiapp/crc64b98ea09593e1d03e.MainActivity}
08-10 15:05:50.692   359   359 D goldfish-address-space: claimShared: Ask to claim region [0x3f1cec000 0x3f2690000]
08-10 15:05:50.704   983  1481 D EGL_emulation: app_time_stats: avg=327.32ms min=1.50ms max=14162.93ms count=44
08-10 15:05:50.705   359   359 D goldfish-address-space: claimShared: Ask to claim region [0x3f2690000 0x3f3034000]
08-10 15:05:50.717   359   359 D goldfish-address-space: claimShared: Ask to claim region [0x3f5e4f000 0x3f67f3000]
08-10 15:05:50.737 10230 10230 I enderbugmauiap: Late-enabling -Xcheck:jni
08-10 15:05:50.752  1422  1422 I GsaVoiceInteractionSrv: Handling ACTION_STOP_HOTWORD
08-10 15:05:50.753  1422  1422 E HwDetectorWithState: a: 3
08-10 15:05:50.822 10230 10230 W enderbugmauiap: Unexpected CPU variant for X86 using defaults: x86_64
08-10 15:05:50.840 19047 19054 I adbd    : jdwp connection from 10230
08-10 15:05:50.884 10230 10230 D CompatibilityChangeReporter: Compat change id reported: 171979766; UID 10153; state: ENABLED
08-10 15:05:51.026   546  1775 W ActivityManager: Unable to start service Intent { act=android.service.smartspace.SmartspaceService cmp=com.google.android.as/com.google.android.apps.miphone.aiai.app.AiAiSmartspaceService } U=0: not found
08-10 15:05:51.026   546  1775 W RemoteSmartspaceService: could not bind to Intent { act=android.service.smartspace.SmartspaceService cmp=com.google.android.as/com.google.android.apps.miphone.aiai.app.AiAiSmartspaceService } using flags 67112961
08-10 15:05:51.027   546   546 W ActivityManager: Unbind failed: could not find connection for android.app.LoadedApk$ServiceDispatcher$InnerConnection@d8d2d23
08-10 15:05:51.029   707   841 D EGL_emulation: app_time_stats: avg=1633.23ms min=13.76ms max=14561.34ms count=9
08-10 15:05:51.033  1545  1545 I A       : onApplyWindowInsets: systemWindowInsets=Insets{left=0, top=145, right=0, bottom=132}
08-10 15:05:51.034  1545  1545 I A       : onApplyWindowInsets: Adjusting for display cutouts. Safe insets: left=0, top=136, right=0, bottom=0
08-10 15:05:51.034  1545  1545 I A       : onApplyWindowInsets: systemWindowInsets=Insets{left=0, top=145, right=0, bottom=132}
08-10 15:05:51.124 10230 10230 V GraphicsEnvironment: ANGLE Developer option for 'com.companyname.pathgeometryrenderbugmauiapp' set to: 'default'
08-10 15:05:51.125 10230 10230 V GraphicsEnvironment: Neither updatable production driver nor prerelease driver is supported.
08-10 15:05:51.127 10230 10230 D NetworkSecurityConfig: No Network Security Config specified, using platform default
08-10 15:05:51.127 10230 10230 D NetworkSecurityConfig: No Network Security Config specified, using platform default
08-10 15:05:51.136 10230 10230 D debug-app-helper: Checking if libmonodroid was unpacked to /data/app/~~2AxfP9DOhvcA8mTnEmnQlw==/com.companyname.pathgeometryrenderbugmauiapp-6Slkk_uJoOiUnQ9tJRJHWQ==/lib/x86_64/libmonodroid.so
08-10 15:05:51.136 10230 10230 D debug-app-helper: Native libs extracted to /data/app/~~2AxfP9DOhvcA8mTnEmnQlw==/com.companyname.pathgeometryrenderbugmauiapp-6Slkk_uJoOiUnQ9tJRJHWQ==/lib/x86_64, assuming application/android:extractNativeLibs == true
08-10 15:05:51.136 10230 10230 I debug-app-helper: Setting up for DSO lookup in app data directories
08-10 15:05:51.136 10230 10230 D debug-app-helper: Added filesystem DSO lookup location: /data/app/~~2AxfP9DOhvcA8mTnEmnQlw==/com.companyname.pathgeometryrenderbugmauiapp-6Slkk_uJoOiUnQ9tJRJHWQ==/lib/x86_64
08-10 15:05:51.137 10230 10230 W debug-app-helper: Using runtime path: /data/app/~~2AxfP9DOhvcA8mTnEmnQlw==/com.companyname.pathgeometryrenderbugmauiapp-6Slkk_uJoOiUnQ9tJRJHWQ==/lib/x86_64
08-10 15:05:51.137 10230 10230 W debug-app-helper: checking directory: `/data/user/0/com.companyname.pathgeometryrenderbugmauiapp/files/.__override__/lib`
08-10 15:05:51.137 10230 10230 W debug-app-helper: directory does not exist: `/data/user/0/com.companyname.pathgeometryrenderbugmauiapp/files/.__override__/lib`
08-10 15:05:51.137 10230 10230 W debug-app-helper: Checking whether Mono runtime exists at: /data/user/0/com.companyname.pathgeometryrenderbugmauiapp/files/.__override__/libmonosgen-2.0.so
08-10 15:05:51.138 10230 10230 W debug-app-helper: Checking whether Mono runtime exists at: /data/app/~~2AxfP9DOhvcA8mTnEmnQlw==/com.companyname.pathgeometryrenderbugmauiapp-6Slkk_uJoOiUnQ9tJRJHWQ==/lib/x86_64/libmonosgen-2.0.so
08-10 15:05:51.138 10230 10230 I debug-app-helper: Mono runtime found at: /data/app/~~2AxfP9DOhvcA8mTnEmnQlw==/com.companyname.pathgeometryrenderbugmauiapp-6Slkk_uJoOiUnQ9tJRJHWQ==/lib/x86_64/libmonosgen-2.0.so
08-10 15:05:51.141 10230 10230 W enderbugmauiap: Attempt to remove non-JNI local reference, dumping thread
08-10 15:05:51.146 10230 10230 I DOTNET  : JNI_OnLoad: JNI_OnLoad in pal_jni.c
08-10 15:05:51.147 10230 10230 D DOTNET  : GetOptionalClassGRef: optional class com/android/org/conscrypt/OpenSSLEngineImpl was not found
08-10 15:05:51.151 10230 10230 D monodroid-assembly: Checking if libmonodroid was unpacked to /data/app/~~2AxfP9DOhvcA8mTnEmnQlw==/com.companyname.pathgeometryrenderbugmauiapp-6Slkk_uJoOiUnQ9tJRJHWQ==/lib/x86_64/libmonodroid.so
08-10 15:05:51.151 10230 10230 D monodroid-assembly: Native libs extracted to /data/app/~~2AxfP9DOhvcA8mTnEmnQlw==/com.companyname.pathgeometryrenderbugmauiapp-6Slkk_uJoOiUnQ9tJRJHWQ==/lib/x86_64, assuming application/android:extractNativeLibs == true
08-10 15:05:51.151 10230 10230 I monodroid: Generated hash 0x941355db for package name com.companyname.pathgeometryrenderbugmauiapp
08-10 15:05:51.152 10230 10230 I monodroid: Mono AOT mode: interp
08-10 15:05:51.152 10230 10230 I monodroid: Setting environment variable 'DOTNET_MODIFIABLE_ASSEMBLIES' to 'Debug'
08-10 15:05:51.153 10230 10230 I monodroid: Setting environment variable 'MONO_GC_PARAMS' to 'major=marksweep-conc'
08-10 15:05:51.153 10230 10230 I monodroid: Setting environment variable 'MONO_LOG_LEVEL' to 'info'
08-10 15:05:51.153 10230 10230 I monodroid: Setting environment variable 'XAMARIN_BUILD_ID' to '46dc1dbe-67de-41cf-913d-c9aaf0f9735f'
08-10 15:05:51.154 10230 10230 I monodroid: Setting environment variable 'XA_HTTP_CLIENT_HANDLER_TYPE' to 'Xamarin.Android.Net.AndroidMessageHandler'
08-10 15:05:51.154 10230 10230 I monodroid: Setting environment variable '__XA_PACKAGE_NAMING_POLICY__' to 'LowercaseCrc64'
08-10 15:05:51.155 10230 10230 I monodroid: Creating XDG directory: /data/user/0/com.companyname.pathgeometryrenderbugmauiapp/files/.local/share
08-10 15:05:51.155 10230 10230 I monodroid: Creating XDG directory: /data/user/0/com.companyname.pathgeometryrenderbugmauiapp/files/.config
08-10 15:05:51.156 10230 10230 I monodroid: Setting up for DSO lookup in app data directories
08-10 15:05:51.156 10230 10230 D monodroid-assembly: Added filesystem DSO lookup location: /data/app/~~2AxfP9DOhvcA8mTnEmnQlw==/com.companyname.pathgeometryrenderbugmauiapp-6Slkk_uJoOiUnQ9tJRJHWQ==/lib/x86_64
08-10 15:05:51.156 10230 10230 W monodroid: Creating public update directory: `/data/user/0/com.companyname.pathgeometryrenderbugmauiapp/files/.__override__`
08-10 15:05:51.156 10230 10230 W enderbugmauiap: Attempt to remove non-JNI local reference, dumping thread
08-10 15:05:51.156 10230 10230 I monodroid: Using runtime path: /data/app/~~2AxfP9DOhvcA8mTnEmnQlw==/com.companyname.pathgeometryrenderbugmauiapp-6Slkk_uJoOiUnQ9tJRJHWQ==/lib/x86_64
08-10 15:05:51.157 10230 10230 I monodroid: Probing for Mono AOT mode
08-10 15:05:51.157 10230 10230 I monodroid: Enabling Mono Interpreter
08-10 15:05:51.157 10230 10230 I monodroid: Probing if we should use LLVM
08-10 15:05:51.157 10230 10230 W monodroid: runtime args empty
08-10 15:05:51.157 10230 10230 I monodroid-assembly: APK /data/app/~~2AxfP9DOhvcA8mTnEmnQlw==/com.companyname.pathgeometryrenderbugmauiapp-6Slkk_uJoOiUnQ9tJRJHWQ==/base.apk FD: 61
08-10 15:05:51.158 10230 10230 I monodroid-assembly: Central directory offset: 9986048
08-10 15:05:51.158 10230 10230 I monodroid-assembly: Central directory size: 116600
08-10 15:05:51.159 10230 10230 I monodroid-assembly: Central directory entries: 1263
08-10 15:05:51.160 10230 10230 I monodroid-assembly: /data/app/~~2AxfP9DOhvcA8mTnEmnQlw==/com.companyname.pathgeometryrenderbugmauiapp-6Slkk_uJoOiUnQ9tJRJHWQ==/base.apk entry: AndroidManifest.xml
08-10 15:05:51.160 10230 10230 I monodroid-assembly:     ZIP: local header offset: 0; data offset: 49; file size: 7336
08-10 15:05:51.160 10230 10230 I monodroid-assembly: /data/app/~~2AxfP9DOhvcA8mTnEmnQlw==/com.companyname.pathgeometryrenderbugmauiapp-6Slkk_uJoOiUnQ9tJRJHWQ==/base.apk entry: res/anim/abc_fade_in.xml
08-10 15:05:51.160 10230 10230 I monodroid-assembly:     ZIP: local header offset: 2204; data offset: 2258; file size: 388
08-10 15:05:51.161 10230 10230 I monodroid-assembly: /data/app/~~2AxfP9DOhvcA8mTnEmnQlw==/com.companyname.pathgeometryrenderbugmauiapp-6Slkk_uJoOiUnQ9tJRJHWQ==/base.apk entry: res/anim/abc_fade_out.xml
08-10 15:05:51.161 10230 10230 I monodroid-assembly:     ZIP: local header offset: 2475; data offset: 2530; file size: 388
08-10 15:05:51.161 10230 10230 I monodroid-assembly: /data/app/~~2AxfP9DOhvcA8mTnEmnQlw==/com.companyname.pathgeometryrenderbugmauiapp-6Slkk_uJoOiUnQ9tJRJHWQ==/base.apk entry: res/anim/abc_grow_fade_in_from_bottom.xml
08-10 15:05:51.162 10230 10230 I monodroid-assembly:     ZIP: local header offset: 2748; data offset: 2819; file size: 852
08-10 15:05:51.162 10230 10230 I monodroid-assembly: /data/app/~~2AxfP9DOhvcA8mTnEmnQlw==/com.companyname.pathgeometryrenderbugmauiapp-6Slkk_uJoOiUnQ9tJRJHWQ==/base.apk entry: res/anim/abc_popup_enter.xml
08-10 15:05:51.162 10230 10230 I monodroid-assembly:     ZIP: local header offset: 3195; data offset: 3253; file size: 508
08-10 15:05:51.163 10230 10230 I monodroid-assembly: /data/app/~~2AxfP9DOhvcA8mTnEmnQlw==/com.companyname.pathgeometryrenderbugmauiapp-6Slkk_uJoOiUnQ9tJRJHWQ==/base.apk entry: res/anim/abc_popup_exit.xml
08-10 15:05:51.163 10230 10230 I monodroid-assembly:     ZIP: local header offset: 3511; data offset: 3568; file size: 508
08-10 15:05:51.163 10230 10230 I monodroid-assembly: /data/app/~~2AxfP9DOhvcA8mTnEmnQlw==/com.companyname.pathgeometryrenderbugmauiapp-6Slkk_uJoOiUnQ9tJRJHWQ==/base.apk entry: res/anim/abc_shrink_fade_out_from_bottom.xml
08-10 15:05:51.163 10230 10230 I monodroid-assembly:     ZIP: local header offset: 3828; data offset: 3902; file size: 852
08-10 15:05:51.163 10230 10230 I monodroid-assembly: /data/app/~~2AxfP9DOhvcA8mTnEmnQlw==/com.companyname.pathgeometryrenderbugmauiapp-6Slkk_uJoOiUnQ9tJRJHWQ==/base.apk entry: res/anim/abc_slide_in_bottom.xml
08-10 15:05:51.164 10230 10230 I monodroid-assembly:     ZIP: local header offset: 4279; data offset: 4341; file size: 396
08-10 15:05:51.164 10230 10230 I monodroid-assembly: /data/app/~~2AxfP9DOhvcA8mTnEmnQlw==/com.companyname.pathgeometryrenderbugmauiapp-6Slkk_uJoOiUnQ9tJRJHWQ==/base.apk entry: res/anim/abc_slide_in_top.xml
08-10 15:05:51.165 10230 10230 I monodroid-assembly:     ZIP: local header offset: 4569; data offset: 4628; file size: 396
08-10 15:05:51.165 10230 10230 I monodroid-assembly: /data/app/~~2AxfP9DOhvcA8mTnEmnQlw==/com.companyname.pathgeometryrenderbugmauiapp-6Slkk_uJoOiUnQ9tJRJHWQ==/base.apk entry: res/anim/abc_slide_out_bottom.xml
08-10 15:05:51.165 10230 10230 I monodroid-assembly:     ZIP: local header offset: 4857; data offset: 4920; file size: 396
08-10 15:05:51.166 10230 10230 I monodroid-assembly: /data/app/~~2AxfP9DOhvcA8mTnEmnQlw==/com.companyname.pathgeometryrenderbugmauiapp-6Slkk_uJoOiUnQ9tJRJHWQ==/base.apk entry: res/anim/abc_slide_out_top.xml
08-10 15:05:51.166 10230 10230 I monodroid-assembly:     ZIP: local header offset: 5147; data offset: 5207; file size: 396
08-10 15:05:51.166 10230 10230 I monodroid-assembly: /data/app/~~2AxfP9DOhvcA8mTnEmnQlw==/com.companyname.pathgeometryrenderbugmauiapp-6Slkk_uJoOiUnQ9tJRJHWQ==/base.apk entry: res/anim/abc_tooltip_enter.xml
08-10 15:05:51.166 10230 10230 I monodroid-assembly:     ZIP: local header offset: 5435; data offset: 5495; file size: 388
08-10 15:05:51.167 10230 10230 I monodroid-assembly: /data/app/~~2AxfP9DOhvcA8mTnEmnQlw==/com.companyname.pathgeometryrenderbugmauiapp-6Slkk_uJoOiUnQ9tJRJHWQ==/base.apk entry: res/anim/abc_tooltip_exit.xml
08-10 15:05:51.167 10230 10230 I monodroid-assembly:     ZIP: local header offset: 5712; data offset: 5771; file size: 388
08-10 15:05:51.167 10230 10230 I monodroid-assembly: /data/app/~~2AxfP9DOhvcA8mTnEmnQlw==/com.companyname.pathgeometryrenderbugmauiapp-6Slkk_uJoOiUnQ9tJRJHWQ==/base.apk entry: res/anim/btn_checkbox_to_checked_box_inner_merged_animation.xml
08-10 15:05:51.168 10230 10230 I monodroid-assembly:     ZIP: local header offset: 5988; data offset: 6081; file size: 2124
08-10 15:05:51.168 10230 10230 I monodroid-assembly: /data/app/~~2AxfP9DOhvcA8mTnEmnQlw==/com.companyname.pathgeometryrenderbugmauiapp-6Slkk_uJoOiUnQ9tJRJHWQ==/base.apk entry: res/anim/btn_checkbox_to_checked_box_outer_merged_animation.xml
08-10 15:05:51.168 10230 10230 I monodroid-assembly:     ZIP: local header offset: 6723; data offset: 6816; file size: 2780
08-10 15:05:51.169 10230 10230 I monodroid-assembly: /data/app/~~2AxfP9DOhvcA8mTnEmnQlw==/com.companyname.pathgeometryrenderbugmauiapp-6Slkk_uJoOiUnQ9tJRJHWQ==/base.apk entry: res/anim/btn_checkbox_to_checked_icon_null_animation.xml
08-10 15:05:51.169 10230 10230 I monodroid-assembly:     ZIP: local header offset: 7557; data offset: 7643; file size: 1196
08-10 15:05:51.169 10230 10230 I monodroid-assembly: /data/app/~~2AxfP9DOhvcA8mTnEmnQlw==/com.companyname.pathgeometryrenderbugmauiapp-6Slkk_uJoOiUnQ9tJRJHWQ==/base.apk entry: res/anim/btn_checkbox_to_unchecked_box_inner_merged_animation.xml
08-10 15:05:51.169 10230 10230 I monodroid-assembly:     ZIP: local header offset: 8039; data offset: 8134; file size: 2360
08-10 15:05:51.170 10230 10230 I monodroid-assembly: /data/app/~~2AxfP9DOhvcA8mTnEmnQlw==/com.companyname.pathgeometryrenderbugmauiapp-6Slkk_uJoOiUnQ9tJRJHWQ==/base.apk entry: res/anim/btn_checkbox_to_unchecked_check_path_merged_animation.xml
08-10 15:05:51.170 10230 10230 I monodroid-assembly:     ZIP: local header offset: 8792; data offset: 8888; file size: 2520
08-10 15:05:51.170 10230 10230 I monodroid-assembly: /data/app/~~2AxfP9DOhvcA8mTnEmnQlw==/com.companyname.pathgeometryrenderbugmauiapp-6Slkk_uJoOiUnQ9tJRJHWQ==/base.apk entry: res/anim/btn_checkbox_to_unchecked_icon_null_animation.xml
08-10 15:05:51.171 10230 10230 I monodroid-assembly:     ZIP: local header offset: 9619; data offset: 9707; file size: 1196
08-10 15:05:51.171 10230 10230 I monodroid-assembly: /data/app/~~2AxfP9DOhvcA8mTnEmnQlw==/com.companyname.pathgeometryrenderbugmauiapp-6Slkk_uJoOiUnQ9tJRJHWQ==/base.apk entry: res/anim/btn_radio_to_off_mtrl_dot_group_animation.xml
08-10 15:05:51.171 10230 10230 I monodroid-assembly:     ZIP: local header offset: 10103; data offset: 10187; file size: 1656
08-10 15:05:51.171 10230 10230 I monodroid-assembly: /data/app/~~2AxfP9DOhvcA8mTnEmnQlw==/com.companyname.pathgeometryrenderbugmauiapp-6Slkk_uJoOiUnQ9tJRJHWQ==/base.apk entry: res/anim/btn_radio_to_off_mtrl_ring_outer_animation.xml
08-10 15:05:51.172 10230 10230 I monodroid-assembly:     ZIP: local header offset: 10618; data offset: 10703; file size: 1656
08-10 15:05:51.172 10230 10230 I monodroid-assembly: /data/app/~~2AxfP9DOhvcA8mTnEmnQlw==/com.companyname.pathgeometryrenderbugmauiapp-6Slkk_uJoOiUnQ9tJRJHWQ==/base.apk entry: res/anim/btn_radio_to_off_mtrl_ring_outer_path_animation.xml
08-10 15:05:51.172 10230 10230 I monodroid-assembly:     ZIP: local header offset: 11136; data offset: 11226; file size: 1028
08-10 15:05:51.173 10230 10230 I monodroid-assembly: /data/app/~~2AxfP9DOhvcA8mTnEmnQlw==/com.companyname.pathgeometryrenderbugmauiapp-6Slkk_uJoOiUnQ9tJRJHWQ==/base.apk entry: res/anim/btn_radio_to_on_mtrl_dot_group_animation.xml
08-10 15:05:51.173 10230 10230 I monodroid-assembly:     ZIP: local header offset: 11599; data offset: 11682; file size: 1656
08-10 15:05:51.173 10230 10230 I monodroid-assembly: /data/app/~~2AxfP9DOhvcA8mTnEmnQlw==/com.companyname.pathgeometryrenderbugmauiapp-6Slkk_uJoOiUnQ9tJRJHWQ==/base.apk entry: res/anim/btn_radio_to_on_mtrl_ring_outer_animation.xml
08-10 15:05:51.174 10230 10230 I monodroid-assembly:     ZIP: local header offset: 12103; data offset: 12187; file size: 1656
08-10 15:05:51.174 10230 10230 I monodroid-assembly: /data/app/~~2AxfP9DOhvcA8mTnEmnQlw==/com.companyname.pathgeometryrenderbugmauiapp-6Slkk_uJoOiUnQ9tJRJHWQ==/base.apk entry: res/anim/btn_radio_to_on_mtrl_ring_outer_path_animation.xml
08-10 15:05:51.174 10230 10230 I monodroid-assembly:     ZIP: local header offset: 12616; data offset: 12705; file size: 1028
08-10 15:05:51.174 10230 10230 I monodroid-assembly: /data/app/~~2AxfP9DOhvcA8mTnEmnQlw==/com.companyname.pathgeometryrenderbugmauiapp-6Slkk_uJoOiUnQ9tJRJHWQ==/base.apk entry: res/anim-v21/design_bottom_sheet_slide_in.xml
08-10 15:05:51.174 10230 10230 I monodroid-assembly:     ZIP: local header offset: 13085; data offset: 13160; file size: 616
08-10 15:05:51.175 10230 10230 I monodroid-assembly: /data/app/~~2AxfP9DOhvcA8mTnEmnQlw==/com.companyname.pathgeometryrenderbugmauiapp-6Slkk_uJoOiUnQ9tJRJHWQ==/base.apk entry: res/anim-v21/design_bottom_sheet_slide_out.xml
08-10 15:05:51.175 10230 10230 I monodroid-assembly:     ZIP: local header offset: 13459; data offset: 13535; file size: 616
08-10 15:05:51.175 10230 10230 I monodroid-assembly: /data/app/~~2AxfP9DOhvcA8mTnEmnQlw==/com.companyname.pathgeometryrenderbugmauiapp-6Slkk_uJoOiUnQ9tJRJHWQ==/base.apk entry: res/anim/design_snackbar_in.xml
08-10 15:05:51.175 10230 10230 I monodroid-assembly:     ZIP: local header offset: 13833; data offset: 13894; file size: 312
08-10 15:05:51.175 10230 10230 I monodroid-assembly: /data/app/~~2AxfP9DOhvcA8mTnEmnQlw==/com.companyname.pathgeometryrenderbugmauiapp-6Slkk_uJoOiUnQ9tJRJHWQ==/base.apk entry: res/anim/design_snackbar_out.xml
08-10 15:05:51.176 10230 10230 I monodroid-assembly:     ZIP: local header offset: 14075; data offset: 14137; file size: 312
08-10 15:05:51.176 10230 10230 I monodroid-assembly: /data/app/~~2AxfP9DOhvcA8mTnEmnQlw==/com.companyname.pathgeometryrenderbugmauiapp-6Slkk_uJoOiUnQ9tJRJHWQ==/base.apk entry: res/anim/enterfromleft.xml
08-10 15:05:51.177 10230 10230 I monodroid-assembly:     ZIP: local header offset: 14315; data offset: 14371; file size: 640
08-10 15:05:51.177 10230 10230 I monodroid-assembly: /data/app/~~2AxfP9DOhvcA8mTnEmnQlw==/com.companyname.pathgeometryrenderbugmauiapp-6Slkk_uJoOiUnQ9tJRJHWQ==/base.apk entry: res/anim/enterfromright.xml
08-10 15:05:51.178 10230 10230 I monodroid-assembly:     ZIP: local header offset: 14673; data offset: 14730; file size: 468
08-10 15:05:51.178 10230 10230 I monodroid-assembly: /data/app/~~2AxfP9DOhvcA8mTnEmnQlw==/com.companyname.pathgeometryrenderbugmauiapp-6Slkk_uJoOiUnQ9tJRJHWQ==/base.apk entry: res/anim/exittoleft.xml
08-10 15:05:51.178 10230 10230 I monodroid-assembly:     ZIP: local header offset: 14973; data offset: 15026; file size: 640
08-10 15:05:51.179 10230 10230 I monodroid-assembly: /data/app/~~2AxfP9DOhvcA8mTnEmnQlw==/com.companyname.pathgeometryrenderbugmauiapp-6Slkk_uJoOiUnQ9tJRJHWQ==/base.apk entry: res/anim/exittoright.xml
08-10 15:05:51.179 10230 10230 I monodroid-assembly:     ZIP: local header offset: 15327; data offset: 15381; file size: 468
08-10 15:05:51.180 10230 10230 I monodroid-assembly: /data/app/~~2AxfP9DOhvcA8mTnEmnQlw==/com.companyname.pathgeometryrenderbugmauiapp-6Slkk_uJoOiUnQ9tJRJHWQ==/base.apk entry: res/anim-v21/fragment_fast_out_extra_slow_in.xml
08-10 15:05:51.180 10230 10230 I monodroid-assembly:     ZIP: local header offset: 15624; data offset: 15702; file size: 364
08-10 15:05:51.180 10230 10230 I monodroid-assembly: /data/app/~~2AxfP9DOhvcA8mTnEmnQlw==/com.companyname.pathgeometryrenderbugmauiapp-6Slkk_uJoOiUnQ9tJRJHWQ==/base.apk entry: res/anim/linear_indeterminate_line1_head_interpolator.xml
08-10 15:05:51.181 10230 10230 I monodroid-assembly:     ZIP: local header offset: 15920; data offset: 16007; file size: 400
08-10 15:05:51.181 10230 10230 I monodroid-assembly: /data/app/~~2AxfP9DOhvcA8mTnEmnQlw==/com.companyname.pathgeometryrenderbugmauiapp-6Slkk_uJoOiUnQ9tJRJHWQ==/base.apk entry: res/anim/linear_indeterminate_line1_tail_interpolator.xml
08-10 15:05:51.181 10230 10230 I monodroid-assembly:     ZIP: local header offset: 16221; data offset: 16308; file size: 400
08-10 15:05:51.181 10230 10230 I monodroid-assembly: /data/app/~~2AxfP9DOhvcA8mTnEmnQlw==/com.companyname.pathgeometryrenderbugmauiapp-6Slkk_uJoOiUnQ9tJRJHWQ==/base.apk entry: res/anim/linear_indeterminate_line2_head_interpolator.xml
08-10 15:05:51.182 10230 10230 I monodroid-assembly:     ZIP: local header offset: 16519; data offset: 16606; file size: 400
08-10 15:05:51.182 10230 10230 I monodroid-assembly: /data/app/~~2AxfP9DOhvcA8mTnEmnQlw==/com.companyname.pathgeometryrenderbugmauiapp-6Slkk_uJoOiUnQ9tJRJHWQ==/base.apk entry: res/anim/linear_indeterminate_line2_tail_interpolator.xml
08-10 15:05:51.182 10230 10230 I monodroid-assembly:     ZIP: local header offset: 16813; data offset: 16900; file size: 400
08-10 15:05:51.182 10230 10230 I monodroid-assembly: /data/app/~~2AxfP9DOhvcA8mTnEmnQlw==/com.companyname.pathgeometryrenderbugmauiapp-6Slkk_uJoOiUnQ9tJRJHWQ==/base.apk entry: res/anim-v21/mtrl_bottom_sheet_slide_in.xml
08-10 15:05:51.183 10230 10230 I monodroid-assembly:     ZIP: local header offset: 17116; data offset: 17189; file size: 616
08-10 15:05:51.183 10230 10230 I monodroid-assembly: /data/app/~~2AxfP9DOhvcA8mTnEmnQlw==/com.companyname.pathgeometryrenderbugmauiapp-6Slkk_uJoOiUnQ9tJRJHWQ==/base.apk entry: res/anim-v21/mtrl_bottom_sheet_slide_out.xml
08-10 15:05:51.183 10230 10230 I monodroid-assembly:     ZIP: local header offset: 17488; data offset: 17562; file size: 616
08-10 15:05:51.184 10230 10230 I monodroid-assembly: /data/app/~~2AxfP9DOhvcA8mTnEmnQlw==/com.companyname.pathgeometryrenderbugmauiapp-6Slkk_uJoOiUnQ9tJRJHWQ==/base.apk entry: res/anim/mtrl_card_lowers_interpolator.xml
08-10 15:05:51.184 10230 10230 I monodroid-assembly:     ZIP: local header offset: 17858; data offset: 17930; file size: 400
08-10 15:05:51.184 10230 10230 I monodroid-assembly: /data/app/~~2AxfP9DOhvcA8mTnEmnQlw==/com.companyname.pathgeometryrenderbugmauiapp-6Slkk_uJoOiUnQ9tJRJHWQ==/base.apk entry: res/anim/nav_default_enter_anim.xml
08-10 15:05:51.185 10230 10230 I monodroid-assembly:     ZIP: local header offset: 18146; data offset: 18211; file size: 388
08-10 15:05:51.185 10230 10230 I monodroid-assembly: /data/app/~~2AxfP9DOhvcA8mTnEmnQlw==/com.companyname.pathgeometryrenderbugmauiapp-6Slkk_uJoOiUnQ9tJRJHWQ==/base.apk entry: res/anim/nav_default_exit_anim.xml
08-10 15:05:51.185 10230 10230 I monodroid-assembly:     ZIP: local header offset: 18429; data offset: 18493; file size: 388
08-10 15:05:51.185 10230 10230 I monodroid-assembly: /data/app/~~2AxfP9DOhvcA8mTnEmnQlw==/com.companyname.pathgeometryrenderbugmauiapp-6Slkk_uJoOiUnQ9tJRJHWQ==/base.apk entry: res/anim/nav_default_pop_enter_anim.xml
08-10 15:05:51.186 10230 10230 I monodroid-assembly:     ZIP: local header offset: 18711; data offset: 18780; file size: 388
08-10 15:05:51.186 10230 10230 I monodroid-assembly: /data/app/~~2AxfP9DOhvcA8mTnEmnQlw==/com.companyname.pathgeometryrenderbugmauiapp-6Slkk_uJoOiUnQ9tJRJHWQ==/base.apk entry: res/anim/nav_default_pop_exit_anim.xml
08-10 15:05:51.187 10230 10230 I monodroid-assembly:     ZIP: local header offset: 18998; data offset: 19066; file size: 388
08-10 15:05:51.187 10230 10230 I monodroid-assembly: /data/app/~~2AxfP9DOhvcA8mTnEmnQlw==/com.companyname.pathgeometryrenderbugmauiapp-6Slkk_uJoOiUnQ9tJRJHWQ==/base.apk entry: res/animator-v21/design_appbar_state_list_animator.xml
08-10 15:05:51.187 10230 10230 I monodroid-assembly:     ZIP: local header offset: 19284; data offset: 19368; file size: 1216
08-10 15:05:51.187 10230 10230 I monodroid-assembly: /data/app/~~2AxfP9DOhvcA8mTnEmnQlw==/com.companyname.pathgeometryrenderbugmauiapp-6Slkk_uJoOiUnQ9tJRJHWQ==/base.apk entry: res/animator/design_fab_hide_motion_spec.xml
08-10 15:05:51.187 10230 10230 I monodroid-assembly:     ZIP: local header offset: 19812; data offset: 19886; file size: 796
08-10 15:05:51.188 10230 10230 I monodroid-assembly: /data/app/~~2AxfP9DOhvcA8mTnEmnQlw==/com.companyname.pathgeometryrenderbugmauiapp-6Slkk_uJoOiUnQ9tJRJHWQ==/base.apk entry: res/animator/design_fab_show_motion_spec.xml
08-10 15:05:51.188 10230 10230 I monodroid-assembly:     ZIP: local header offset: 20215; data offset: 20289; file size: 796
08-10 15:05:51.188 10230 10230 I monodroid-assembly: /data/app/~~2AxfP9DOhvcA8mTnEmnQlw==/com.companyname.pathgeometryrenderbugmauiapp-6Slkk_uJoOiUnQ9tJRJHWQ==/base.apk entry: res/animator/fragment_close_enter.xml
08-10 15:05:51.189 10230 10230 I monodroid-assembly:     ZIP: local header offset: 20616; data offset: 20683; file size: 1128
08-10 15:05:51.189 10230 10230 I monodroid-assembly: /data/app/~~2AxfP9DOhvcA8mTnEmnQlw==/com.companyname.pathgeometryrenderbugmauiapp-6Slkk_uJoOiUnQ9tJRJHWQ==/base.apk entry: res/animator/fragment_close_exit.xml
08-10 15:05:51.189 10230 10230 I monodroid-assembly:     ZIP: local header offset: 21078; data offset: 21144; file size: 1128
08-10 15:05:51.189 10230 10230 I monodroid-assembly: /data/app/~~2AxfP9DOhvcA8mTnEmnQlw==/com.companyname.pathgeometryrenderbugmauiapp-6Slkk_uJoOiUnQ9tJRJHWQ==/base.apk entry: res/animator/fragment_fade_enter.xml
08-10 15:05:51.189 10230 10230 I monodroid-assembly:     ZIP: local header offset: 21538; data offset: 21604; file size: 452
08-10 15:05:51.190 10230 10230 I monodroid-assembly: /data/app/~~2AxfP9DOhvcA8mTnEmnQlw==/com.companyname.pathgeometryrenderbugmauiapp-6Slkk_uJoOiUnQ9tJRJHWQ==/base.apk entry: res/animator/fragment_fade_exit.xml
08-10 15:05:51.190 10230 10230 I monodroid-assembly:     ZIP: local header offset: 21869; data offset: 21934; file size: 452
08-10 15:05:51.190 10230 10230 I monodroid-assembly: /data/app/~~2AxfP9DOhvcA8mTnEmnQlw==/com.companyname.pathgeometryrenderbugmauiapp-6Slkk_uJoOiUnQ9tJRJHWQ==/base.apk entry: res/animator/fragment_open_enter.xml
08-10 15:05:51.190 10230 10230 I monodroid-assembly:     ZIP: local header offset: 22199; data offset: 22265; file size: 1128
08-10 15:05:51.190 10230 10230 I monodroid-assembly: /data/app/~~2AxfP9DOhvcA8mTnEmnQlw==/com.companyname.pathgeometryrenderbugmauiapp-6Slkk_uJoOiUnQ9tJRJHWQ==/base.apk entry: res/animator/fragment_open_exit.xml
08-10 15:05:51.190 10230 10230 I monodroid-assembly:     ZIP: local header offset: 22654; data offset: 22719; file size: 1128
08-10 15:05:51.191 10230 10230 I monodroid-assembly: /data/app/~~2AxfP9DOhvcA8mTnEmnQlw==/com.companyname.pathgeometryrenderbugmauiapp-6Slkk_uJoOiUnQ9tJRJHWQ==/base.apk entry: res/animator/m3_btn_elevated_btn_state_list_anim.xml
08-10 15:05:51.191 10230 10230 I monodroid-assembly:     ZIP: local header offset: 23111; data offset: 23193; file size: 1796
08-10 15:05:51.191 10230 10230 I monodroid-assembly: /data/app/~~2AxfP9DOhvcA8mTnEmnQlw==/com.companyname.pathgeometryrenderbugmauiapp-6Slkk_uJoOiUnQ9tJRJHWQ==/base.apk entry: res/animator/m3_btn_state_list_anim.xml
08-10 15:05:51.192 10230 10230 I monodroid-assembly:     ZIP: local header offset: 23710; data offset: 23779; file size: 1796
08-10 15:05:51.192 10230 10230 I monodroid-assembly: /data/app/~~2AxfP9DOhvcA8mTnEmnQlw==/com.companyname.pathgeometryrenderbugmauiapp-6Slkk_uJoOiUnQ9tJRJHWQ==/base.apk entry: res/animator/m3_card_elevated_state_list_anim.xml
08-10 15:05:51.192 10230 10230 I monodroid-assembly:     ZIP: local header offset: 24296; data offset: 24375; file size: 1632
08-10 15:05:51.193 10230 10230 I monodroid-assembly: /data/app/~~2AxfP9DOhvcA8mTnEmnQlw==/com.companyname.pathgeometryrenderbugmauiapp-6Slkk_uJoOiUnQ9tJRJHWQ==/base.apk entry: res/animator/m3_card_state_list_anim.xml
08-10 15:05:51.194 10230 10230 I monodroid-assembly:     ZIP: local header offset: 24913; data offset: 24983; file size: 1584
08-10 15:05:51.194 10230 10230 I monodroid-assembly: /data/app/~~2AxfP9DOhvcA8mTnEmnQlw==/com.companyname.pathgeometryrenderbugmauiapp-6Slkk_uJoOiUnQ9tJRJHWQ==/base.apk entry: res/animator/m3_chip_state_list_anim.xml
08-10 15:05:51.195 10230 10230 I monodroid-assembly:     ZIP: local header offset: 25513; data offset: 25583; file size: 1180
08-10 15:05:51.195 10230 10230 I monodroid-assembly: /data/app/~~2AxfP9DOhvcA8mTnEmnQlw==/com.companyname.pathgeometryrenderbugmauiapp-6Slkk_uJoOiUnQ9tJRJHWQ==/base.apk entry: res/animator/m3_elevated_chip_state_list_anim.xml
08-10 15:05:51.195 10230 10230 I monodroid-assembly:     ZIP: local header offset: 25998; data offset: 26077; file size: 1072
08-10 15:05:51.196 10230 10230 I monodroid-assembly: /data/app/~~2AxfP9DOhvcA8mTnEmnQlw==/com.companyname.pathgeometryrenderbugmauiapp-6Slkk_uJoOiUnQ9tJRJHWQ==/base.apk entry: res/animator/m3_extended_fab_hide_motion_spec.xml
08-10 15:05:51.196 10230 10230 I monodroid-assembly:     ZIP: local header offset: 26476; data offset: 26555; file size: 820
08-10 15:05:51.196 10230 10230 I monodroid-assembly: /data/app/~~2AxfP9DOhvcA8mTnEmnQlw==/com.companyname.pathgeometryrenderbugmauiapp-6Slkk_uJoOiUnQ9tJRJHWQ==/base.apk entry: res/animator/m3_extended_fab_show_motion_spec.xml
08-10 15:05:51.197 10230 10230 I monodroid-assembly:     ZIP: local header offset: 26916; data offset: 26995; file size: 820
08-10 15:05:51.197 10230 10230 I monodroid-assembly: /data/app/~~2AxfP9DOhvcA8mTnEmnQlw==/com.companyname.pathgeometryrenderbugmauiapp-6Slkk_uJoOiUnQ9tJRJHWQ==/base.apk entry: res/animator/m3_extended_fab_state_list_animator.xml
08-10 15:05:51.197 10230 10230 I monodroid-assembly:     ZIP: local header offset: 27352; data offset: 27434; file size: 2724
08-10 15:05:51.198 10230 10230 I monodroid-assembly: /data/app/~~2AxfP9DOhvcA8mTnEmnQlw==/com.companyname.pathgeometryrenderbugmauiapp-6Slkk_uJoOiUnQ9tJRJHWQ==/base.apk entry: res/animator/mtrl_btn_state_list_anim.xml
08-10 15:05:51.198 10230 10230 I monodroid-assembly:     ZIP: local header offset: 28054; data offset: 28125; file size: 2664
