07-18 10:20:04.784 13811 13811 D CompatibilityChangeReporter: Compat change id reported: 171979766; UID 10067; state: DISABLED
07-18 10:20:04.881 13811 13811 V GraphicsEnvironment: ANGLE Developer option for 'com.google.android.documentsui' set to: 'default'
07-18 10:20:04.881 13811 13811 V GraphicsEnvironment: Neither updatable production driver nor prerelease driver is supported.
07-18 10:20:04.884 13811 13811 D NetworkSecurityConfig: No Network Security Config specified, using platform default
07-18 10:20:04.886 13811 13811 D NetworkSecurityConfig: No Network Security Config specified, using platform default
07-18 10:20:05.031   546  2560 D CompatibilityChangeReporter: Compat change id reported: 135634846; UID 10114; state: DISABLED
07-18 10:20:05.032   546   576 D CompatibilityChangeReporter: Compat change id reported: 143937733; UID 10114; state: ENABLED
07-18 10:20:05.049   338   338 D Zygote  : Forked child process 13836
07-18 10:20:05.051   546   576 I ActivityManager: Start proc 13836:com.google.android.apps.docs/u0a114 for content provider {com.google.android.apps.docs/com.google.android.apps.docs.storagebackend.StorageBackendContentProvider}
07-18 10:20:05.094 13811 13811 D DocumentsApplication: OverlayManager.setEnabled() result: true
07-18 10:20:05.139 13836 13836 W droid.apps.doc: Unexpected CPU variant for X86 using defaults: x86_64
07-18 10:20:05.165  5425  5425 D BoundBrokerSvc: onBind: Intent { act=com.google.android.gms.common.BIND_SHARED_PREFS pkg=com.google.android.gms }
07-18 10:20:05.165  5425  5425 D BoundBrokerSvc: Loading bound service for intent: Intent { act=com.google.android.gms.common.BIND_SHARED_PREFS pkg=com.google.android.gms }
07-18 10:20:05.176   430   443 I adbd    : jdwp connection from 13836
07-18 10:20:05.188  5425  5425 D BoundBrokerSvc: onUnbind: Intent { act=com.google.android.gms.common.BIND_SHARED_PREFS pkg=com.google.android.gms }
07-18 10:20:05.224   546  2750 D CompatibilityChangeReporter: Compat change id reported: 135634846; UID 10057; state: DISABLED
07-18 10:20:05.224   546  2750 D CompatibilityChangeReporter: Compat change id reported: 177438394; UID 10057; state: DISABLED
07-18 10:20:05.224   546  2750 D CompatibilityChangeReporter: Compat change id reported: 135772972; UID 10057; state: DISABLED
07-18 10:20:05.225   546  2750 D CompatibilityChangeReporter: Compat change id reported: 135754954; UID 10057; state: ENABLED
07-18 10:20:05.227   546   576 D CompatibilityChangeReporter: Compat change id reported: 143937733; UID 10057; state: ENABLED
07-18 10:20:05.232   546  2750 D CompatibilityChangeReporter: Compat change id reported: 168419799; UID 10114; state: DISABLED
07-18 10:20:05.243   338   338 D Zygote  : Forked child process 13855
07-18 10:20:05.251   546   576 I ActivityManager: Start proc 13855:android.process.media/u0a57 for broadcast {com.android.providers.downloads/com.android.providers.downloads.DownloadReceiver}
07-18 10:20:05.271 13836 13836 D CompatibilityChangeReporter: Compat change id reported: 171979766; UID 10114; state: DISABLED
07-18 10:20:05.275  1397  1988 I MediaProvider: Begin Intent { act=android.intent.action.PACKAGE_FULLY_REMOVED dat=package:com.companyname.mauiapp1 flg=0x5000010 cmp=com.google.android.providers.media.module/com.android.providers.media.MediaService (has extras) }
07-18 10:20:05.284  1397  1988 D MediaProvider: Deleted 0 Android/media items belonging to com.companyname.mauiapp1 on /data/user/0/com.google.android.providers.media.module/databases/external.db
07-18 10:20:05.290  1397  1988 I MediaProvider: End Intent { act=android.intent.action.PACKAGE_FULLY_REMOVED dat=package:com.companyname.mauiapp1 flg=0x5000010 cmp=com.google.android.providers.media.module/com.android.providers.media.MediaService (has extras) }
07-18 10:20:05.350 13855 13855 W d.process.medi: Unexpected CPU variant for X86 using defaults: x86_64
07-18 10:20:05.381 13836 13836 D nativeloader: classloader namespace configured for unbundled product apk. library_path=/product/app/Drive/lib/x86_64:/product/app/Drive/Drive.apk!/lib/x86_64:/product/lib64:/system/product/lib64
07-18 10:20:05.391   430   443 I adbd    : jdwp connection from 13855
07-18 10:20:05.443 13836 13836 V GraphicsEnvironment: ANGLE Developer option for 'com.google.android.apps.docs' set to: 'default'
07-18 10:20:05.444 13836 13836 V GraphicsEnvironment: Neither updatable production driver nor prerelease driver is supported.
07-18 10:20:05.447 13836 13836 D NetworkSecurityConfig: Using Network Security Config from resource network_security_config debugBuild: false
07-18 10:20:05.454 13836 13836 D NetworkSecurityConfig: Using Network Security Config from resource network_security_config debugBuild: false
07-18 10:20:05.487 13855 13855 D CompatibilityChangeReporter: Compat change id reported: 171979766; UID 10057; state: ENABLED
07-18 10:20:05.573 13855 13855 V GraphicsEnvironment: ANGLE Developer option for 'com.android.providers.downloads' set to: 'default'
07-18 10:20:05.574 13855 13855 V GraphicsEnvironment: Neither updatable production driver nor prerelease driver is supported.
07-18 10:20:05.578 13855 13855 D NetworkSecurityConfig: No Network Security Config specified, using platform default
07-18 10:20:05.580 13855 13855 D NetworkSecurityConfig: No Network Security Config specified, using platform default
07-18 10:20:05.755   707   841 D EGL_emulation: app_time_stats: avg=347.34ms min=8.15ms max=3081.76ms count=10
07-18 10:20:05.829 13836 13877 W droid.apps.doc: Accessing hidden field Ljava/util/Collections$SynchronizedCollection;->mutex:Ljava/lang/Object; (max-target-o, reflection, denied)
07-18 10:20:05.830 13836 13877 W droid.apps.doc: Accessing hidden method Ljava/util/Collections$SynchronizedSet;-><init>(Ljava/util/Set;Ljava/lang/Object;)V (max-target-o, reflection, denied)
07-18 10:20:05.831 13836 13877 W droid.apps.doc: Accessing hidden method Ljava/util/Collections$SynchronizedCollection;-><init>(Ljava/util/Collection;Ljava/lang/Object;)V (max-target-o, reflection, denied)
07-18 10:20:06.009   546  2793 W InputManager-JNI: Input channel object 'e9521c9 Toast (client)' was disposed without first being removed with the input manager!
07-18 10:20:06.023   546  2793 W NotificationService: Toast already killed. pkg=com.google.android.packageinstaller token=android.os.BinderProxy@f912aef
07-18 10:20:06.097 13836 13882 I GAv4    : Google Analytics 212.4.12 is starting up. To enable debug logging on a device run:
07-18 10:20:06.097 13836 13882 I GAv4    :   adb shell setprop log.tag.GAv4 DEBUG
07-18 10:20:06.097 13836 13882 I GAv4    :   adb logcat -s GAv4
07-18 10:20:06.109 13836 13882 D CompatibilityChangeReporter: Compat change id reported: 160794467; UID 10114; state: DISABLED
07-18 10:20:06.125 13836 13884 W GAv4    : CampaignTrackingReceiver is not registered, not exported or is disabled. Installation campaign tracking is not possible. See http://goo.gl/8Rd3yj for instructions.
07-18 10:20:06.179   546  2750 D PackageManager: Instant App installer not found with android.intent.action.INSTALL_INSTANT_APP_PACKAGE
07-18 10:20:06.179   546  2750 D PackageManager: Clear ephemeral installer activity
07-18 10:20:06.232 13836 13896 W FieldDefinition: [RxCachedThreadScheduler-7] Ignoring isIndexed constraint as field also has uniqueness constraint (on just this field, and therefore SQLite will have to create an index on that. For field: blj$a@bd60e56
07-18 10:20:06.272 13836 13903 E JavaBinder: !!! FAILED BINDER TRANSACTION !!!  (parcel size = 520)
07-18 10:20:06.251     0     0 I binder  : 13836:13903 transaction failed 29202/0, size 520-16 line 3383
07-18 10:20:06.273 13836 13903 I ActivityThread: Removing dead content provider:android.content.ContentProviderProxy@c425a97
07-18 10:20:06.261     0     0 I binder  : 546:2750 transaction failed 29202/0, size 0-0 line 3383
07-18 10:20:06.282   546  2750 I ActivityManager: Process com.google.process.gservices (pid 1350) early provider death
07-18 10:20:06.288   546  2750 I ActivityManager: Process com.google.process.gservices (pid 1350) has died: cch+25 CEM 
07-18 10:20:06.346  1295  1295 I AppBase : AppBase.onTrimMemory():782 onTrimMemory(): 5
07-18 10:20:06.352  1295  1295 I GoogleInputMethodService: GoogleInputMethodService.onTrimMemory():4623 onTrimMemory(): 5
07-18 10:20:06.363 13836 13891 E NotificationAccessor: Cannot delete notification channel. Channel not found.
07-18 10:20:06.364 13836 13891 E NotificationAccessor: Cannot delete notification channel. Channel not found.
07-18 10:20:06.365 13836 13891 E NotificationAccessor: Cannot delete notification channel. Channel not found.
07-18 10:20:06.290   546   577 I libprocessgroup: Successfully killed process cgroup uid 10101 pid 1350 in 0ms
07-18 10:20:06.371   546  2750 W ActivityManager: ProcessRecord{617d21e 0:com.google.process.gservices/u0a101} is attached to a previous process 1350
07-18 10:20:06.373   546  2750 D CompatibilityChangeReporter: Compat change id reported: 135634846; UID 10101; state: DISABLED
07-18 10:20:06.385   546  2750 V ActivityManager: Got obituary of 1350:com.google.process.gservices
07-18 10:20:06.399   338   338 I Zygote  : Process 1350 exited due to signal 9 (Killed)
07-18 10:20:06.401   546   576 D CompatibilityChangeReporter: Compat change id reported: 143937733; UID 10101; state: ENABLED
07-18 10:20:06.425   338   338 D Zygote  : Forked child process 13917
07-18 10:20:06.428   546   576 W ActivityManager: Slow operation: 56ms so far, now at startProcess: returned from zygote!
07-18 10:20:06.430   546   576 W ActivityManager: Slow operation: 58ms so far, now at startProcess: done updating battery stats
07-18 10:20:06.431   546   576 W ActivityManager: Slow operation: 59ms so far, now at startProcess: building log message
07-18 10:20:06.431   546   576 I ActivityManager: Start proc 13917:com.google.process.gservices/u0a101 for content provider {com.google.android.gsf/com.google.android.gsf.gservices.GservicesProvider}
07-18 10:20:06.432   546   576 W ActivityManager: Slow operation: 60ms so far, now at startProcess: starting to update pids map
07-18 10:20:06.432   546   576 W ActivityManager: Slow operation: 60ms so far, now at startProcess: done updating pids map
07-18 10:20:06.486   337 13921 D resolv  : GetAddrInfoHandler::run: {101 101 101 983141 10114 0}
07-18 10:20:06.486   337 13921 D resolv  : resolv_getaddrinfo: explore_fqdn(): ai_family=0 ai_socktype=1 ai_protocol=6
07-18 10:20:06.490   337 13922 D resolv  : doQuery: (1, 28)
07-18 10:20:06.490   337 13922 D resolv  : res_nmkquery: (QUERY, IN, AAAA)
07-18 10:20:06.490   337 13922 D resolv  : res_nsend
07-18 10:20:06.491   337 13922 I resolv  : resolv_cache_lookup: lookup
07-18 10:20:06.492   337 13922 I resolv  : resolv_cache_lookup: NOT IN CACHE (STALE ENTRY 0x76b5e9923210DISCARDED)
07-18 10:20:06.492   337 13922 I resolv  : _cache_remove_p: entry 94 removed (count=37)
07-18 10:20:06.493   337 13922 I resolv  : resolv_populate_res_for_net: netid=101
07-18 10:20:06.493 13836 13892 E CelloDelayUploadFixer: [RxCachedThreadScheduler-4] Cleanup delay upload complete
07-18 10:20:06.493   337 13922 I resolv  : res_stats_usable_server: NS stats: S 3 + E 0 + T 61 + I 0 = 64, rtt = 62, min_samples = 8
07-18 10:20:06.493   337 13922 I resolv  : res_stats_usable_server: success rate 4
07-18 10:20:06.493   337 13922 I resolv  : res_stats_usable_server: too many resolution errors, ignoring server
07-18 10:20:06.494   337 13922 D resolv  : res_nsend: Querying server (# 1) address = 10.0.2.3:53
07-18 10:20:06.502   337 13922 D resolv  : send_dg: new DG socket
07-18 10:20:06.509   337 13923 D resolv  : doQuery: (1, 1)
07-18 10:20:06.509   337 13923 D resolv  : res_nmkquery: (QUERY, IN, A)
07-18 10:20:06.510   337 13923 D resolv  : res_nsend
07-18 10:20:06.511   337 13923 I resolv  : resolv_cache_lookup: lookup
07-18 10:20:06.511   337 13923 I resolv  : resolv_cache_lookup: NOT IN CACHE
07-18 10:20:06.511   337 13923 I resolv  : resolv_populate_res_for_net: netid=101
07-18 10:20:06.512   337 13922 I resolv  : get_timeout: using timeout of 5000 msec
07-18 10:20:06.512   337 13922 I resolv  : retrying_poll: 64 retrying_poll
07-18 10:20:06.515   337 13923 I resolv  : res_stats_usable_server: NS stats: S 3 + E 0 + T 61 + I 0 = 64, rtt = 62, min_samples = 8
07-18 10:20:06.516   337 13923 I resolv  : res_stats_usable_server: success rate 4
07-18 10:20:06.516   337 13923 I resolv  : res_stats_usable_server: too many resolution errors, ignoring server
07-18 10:20:06.516   337 13923 D resolv  : res_nsend: Querying server (# 1) address = 10.0.2.3:53
07-18 10:20:06.518   337 13923 D resolv  : send_dg: new DG socket
07-18 10:20:06.519   337 13923 I resolv  : get_timeout: using timeout of 5000 msec
07-18 10:20:06.520   337 13923 I resolv  : retrying_poll: 65 retrying_poll
07-18 10:20:06.537 13811 13833 I ProvidersCache: Provider returned no roots. Possibly naughty: com.google.android.apps.docs.storage
07-18 10:20:06.541 13811 13831 W oid.documentsu: Long monitor contention with owner pool-2-thread-1 (13830) at void com.android.documentsui.roots.ProvidersCache$MultiProviderUpdateTask.handleDocumentsProvider(android.content.pm.ProviderInfo, com.android.documentsui.base.UserId)(ProvidersCache.java:646) waiters=0 in void com.android.documentsui.roots.ProvidersCache$MultiProviderUpdateTask.handleDocumentsProvider(android.content.pm.ProviderInfo, com.android.documentsui.base.UserId) for 1.535s
07-18 10:20:06.549 13917 13917 W ocess.gservice: Unexpected CPU variant for X86 using defaults: x86_64
07-18 10:20:06.551 13811 13834 W oid.documentsu: Long monitor contention with owner pool-2-thread-1 (13830) at void com.android.documentsui.roots.ProvidersCache$MultiProviderUpdateTask.handleDocumentsProvider(android.content.pm.ProviderInfo, com.android.documentsui.base.UserId)(ProvidersCache.java:646) waiters=2 in void com.android.documentsui.roots.ProvidersCache$MultiProviderUpdateTask.handleDocumentsProvider(android.content.pm.ProviderInfo, com.android.documentsui.base.UserId) for 1.547s
07-18 10:20:06.563 13811 13832 W oid.documentsu: Long monitor contention with owner pool-2-thread-1 (13830) at void com.android.documentsui.roots.ProvidersCache$MultiProviderUpdateTask.handleDocumentsProvider(android.content.pm.ProviderInfo, com.android.documentsui.base.UserId)(ProvidersCache.java:646) waiters=3 in void com.android.documentsui.roots.ProvidersCache$MultiProviderUpdateTask.handleDocumentsProvider(android.content.pm.ProviderInfo, com.android.documentsui.base.UserId) for 1.558s
07-18 10:20:06.577 13811 13835 W oid.documentsu: Long monitor contention with owner pool-2-thread-1 (13830) at void com.android.documentsui.roots.ProvidersCache$MultiProviderUpdateTask.handleDocumentsProvider(android.content.pm.ProviderInfo, com.android.documentsui.base.UserId)(ProvidersCache.java:646) waiters=4 in void com.android.documentsui.roots.ProvidersCache$MultiProviderUpdateTask.handleDocumentsProvider(android.content.pm.ProviderInfo, com.android.documentsui.base.UserId) for 1.573s
07-18 10:20:06.620   430   443 I adbd    : jdwp connection from 13917
07-18 10:20:06.685 13917 13917 D CompatibilityChangeReporter: Compat change id reported: 171979766; UID 10101; state: ENABLED
07-18 10:20:06.721 13836 13854 W GmsIpProtection: [Binder:13836_2] Error changing state for com.google.android.apps.docs.sync.syncadapter.DocsSyncAdapterService
07-18 10:20:06.725 13836 13854 W GmsIpProtection: [Binder:13836_2] Error changing state for com.google.android.apps.docs.drive.directsharing.ChooserTargetService
07-18 10:20:06.746   546  2560 D PackageManager: Instant App installer not found with android.intent.action.INSTALL_INSTANT_APP_PACKAGE
07-18 10:20:06.747   546  2560 D PackageManager: Clear ephemeral installer activity
07-18 10:20:06.756 13836 13854 W GmsIpProtection: [Binder:13836_2] Error changing state for com.google.android.apps.docs.editors.shared.documentcreation.WidgetDocumentCreatorActivity
07-18 10:20:06.757 13836 13854 W GmsIpProtection: [Binder:13836_2] Error changing state for com.google.android.apps.docs.editors.shared.documentcreation.ExternalDocumentCreatorActivity
07-18 10:20:06.758 13836 13854 W GmsIpProtection: [Binder:13836_2] Error changing state for com.google.android.apps.docs.editors.shared.widgets.NewDocumentWidgetActivity
07-18 10:20:06.759 13836 13854 W GmsIpProtection: [Binder:13836_2] Error changing state for com.google.android.apps.docs.editors.shared.export.FileContentProvider
07-18 10:20:06.761 13836 13854 W GmsIpProtection: [Binder:13836_2] Error changing state for com.google.android.apps.docs.editors.shared.copypaste.AndroidClipboardContentProvider
07-18 10:20:06.762 13836 13854 W GmsIpProtection: [Binder:13836_2] Error changing state for com.google.android.apps.docs.editors.shared.copypaste.AndroidImageContentProvider
07-18 10:20:06.763 13836 13854 W GmsIpProtection: [Binder:13836_2] Error changing state for com.google.android.apps.docs.editors.shared.inserttool.clipboard.InsertToolClipboardContentProvider
07-18 10:20:06.764 13836 13854 W GmsIpProtection: [Binder:13836_2] Error changing state for com.google.android.apps.docs.editors.shared.inserttool.clipboard.InsertToolImageContentProvider
07-18 10:20:06.766 13836 13854 W GmsIpProtection: [Binder:13836_2] Error changing state for com.google.android.apps.docs.editors.kix.conversion.KixOnlineImportActivity
07-18 10:20:06.767 13836 13854 W GmsIpProtection: [Binder:13836_2] Error changing state for com.google.android.apps.docs.editors.ritz.conversion.RitzOnlineImportActivity
07-18 10:20:06.768 13836 13854 W GmsIpProtection: [Binder:13836_2] Error changing state for com.google.android.apps.docs.editors.punch.conversion.PunchOnlineImportActivity
07-18 10:20:06.775 13917 13917 V GraphicsEnvironment: ANGLE Developer option for 'com.google.android.gsf' set to: 'default'
07-18 10:20:06.775 13917 13917 V GraphicsEnvironment: Neither updatable production driver nor prerelease driver is supported.
07-18 10:20:06.778 13917 13917 D NetworkSecurityConfig: No Network Security Config specified, using platform default
07-18 10:20:06.780 13917 13917 D NetworkSecurityConfig: No Network Security Config specified, using platform default
07-18 10:20:06.796 13917 13917 I GservicesProvider: Gservices pushing to system: true; secure/global: true
07-18 10:20:06.814  5425  5425 D BoundBrokerSvc: onBind: Intent { act=com.google.android.gms.gservices.START pkg=com.google.android.gms }
07-18 10:20:06.815  5425  5425 D BoundBrokerSvc: Loading bound service for intent: Intent { act=com.google.android.gms.gservices.START pkg=com.google.android.gms }
07-18 10:20:06.901 13836 13893 W droid.apps.doc: Long monitor contention with owner io-0 (13903) at android.content.IContentProvider android.app.ActivityThread.acquireProvider(android.content.Context, java.lang.String, int, boolean)(ActivityThread.java:6987) waiters=0 in android.content.IContentProvider android.app.ActivityThread.acquireProvider(android.content.Context, java.lang.String, int, boolean) for 524ms
07-18 10:20:06.918 13836 13906 W droid.apps.doc: Long monitor contention with owner io-0 (13903) at java.lang.Object rht.b()(PG:41) waiters=0 in java.lang.Object rht.b() for 626ms
07-18 10:20:06.919 13836 13918 W droid.apps.doc: Long monitor contention with owner io-0 (13903) at java.lang.Object rht.b()(PG:41) waiters=1 in java.lang.Object rht.b() for 476ms
07-18 10:20:06.998  1106  1106 W SystemServiceRegistry: No service published for: persistent_data_block
07-18 10:20:07.227   546   564 D CompanionDeviceManagerService: onPackageModified(packageName = com.google.android.apps.docs)
07-18 10:20:07.231   699   699 V MediaPlayerList: mPackageChangedBroadcastReceiver: action: android.intent.action.PACKAGE_CHANGED
07-18 10:20:07.232   699   699 D MediaPlayerList: Name of package changed: com.google.android.apps.docs
07-18 10:20:07.247   546   574 E system_server: No package ID 7f found for ID 0x7f0802ab.
07-18 10:20:07.247   546   574 E system_server: No package ID 7f found for ID 0x7f13050b.
07-18 10:20:07.247   546   574 E system_server: No package ID 7f found for ID 0x7f13050b.
07-18 10:20:07.247   546   574 E system_server: No package ID 7f found for ID 0x7f0802a7.
07-18 10:20:07.248   546   574 E system_server: No package ID 7f found for ID 0x7f130509.
07-18 10:20:07.248   546   574 E system_server: No package ID 7f found for ID 0x7f130509.
07-18 10:20:07.248   546   574 E system_server: No package ID 7f found for ID 0x7f0802a9.
07-18 10:20:07.248   546   574 E system_server: No package ID 7f found for ID 0x7f13050a.
07-18 10:20:07.249   546   574 E system_server: No package ID 7f found for ID 0x7f13050a.
07-18 10:20:07.257   546   546 I Telecom : DefaultDialerCache: Refreshing default dialer for user 0: now com.android.dialer: DDC.oR@AL0
07-18 10:20:07.259   546   628 I InputReader: Reconfiguring input devices, changes=KEYBOARD_LAYOUTS | 
07-18 10:20:07.274  6542  6559 I PermissionControllerServiceImpl: Updating user sensitive for uid 10114
07-18 10:20:07.277 13811 13951 I ProvidersCache: Provider returned no roots. Possibly naughty: com.google.android.apps.docs.storage
07-18 10:20:07.294  1106 13802 I Fitness : OnPackageChangedOperation got intent: Intent { act=android.intent.action.PACKAGE_CHANGED dat=package:com.google.android.apps.docs flg=0x45000010 pkg=com.google.android.gms cmp=com.google.android.gms/.chimera.PersistentIntentOperationService (has extras) } [CONTEXT service_id=17 ]
07-18 10:20:07.317  1106 13802 I Fitness : FitCleanupIntentOperation received Intent android.intent.action.PACKAGE_CHANGED [CONTEXT service_id=17 ]
07-18 10:20:07.335  2924  2924 D CarrierSvcBindHelper: No carrier app for: 0
07-18 10:20:07.348  2924  2924 D ImsResolver: maybeAddedImsService, packageName: com.google.android.apps.docs
07-18 10:20:07.380  1106  4854 W ChimeraUtils: Module com.google.android.gms.nearby_en has empty metadata display_name_string_id
07-18 10:20:07.403  1106  4854 W ChimeraUtils: Module com.google.android.gms.nearby_en has empty metadata display_name_string_id
07-18 10:20:07.412  1106  4854 W ChimeraUtils: Module com.google.android.gms.nearby_en has empty metadata display_name_string_id
07-18 10:20:07.436  5425  5434 W gle.android.gm: Reducing the number of considered missed Gc histogram windows from 115 to 100
07-18 10:20:07.447  5425  5478 I Icing   : Indexing com.google.android.gms-apps from com.google.android.gms
07-18 10:20:07.461  5425  5478 I Icing   : Indexing done com.google.android.gms-apps
07-18 10:20:07.607   983  1481 D EGL_emulation: app_time_stats: avg=2155.38ms min=27.78ms max=4282.97ms count=2
07-18 10:20:08.514  7983  7993 W ndroid.keychai: Reducing the number of considered missed Gc histogram windows from 117 to 100
07-18 10:20:09.159 13836 13889 W DynamiteModule: Local module descriptor class for com.google.android.gms.providerinstaller.dynamite not found.
07-18 10:20:09.166  1106  2173 W ProviderHelper: Unknown dynamite feature providerinstaller.dynamite
07-18 10:20:09.172 13836 13889 W ProviderInstaller: Failed to load providerinstaller module: No acceptable module found. Local version is 0 and remote version is 0.
07-18 10:20:09.221 13836 13889 D nativeloader: classloader namespace configured for unbundled product apk. library_path=/product/priv-app/PrebuiltGmsCore/lib/x86_64:/product/priv-app/PrebuiltGmsCore/PrebuiltGmsCore.apk!/lib/x86_64:/product/lib64:/system/product/lib64
07-18 10:20:09.255 13836 13889 V NativeCrypto: Registering com/google/android/gms/org/conscrypt/NativeCrypto's 295 native methods...
07-18 10:20:09.287 13836 13889 I ProviderInstaller: Installed default security provider GmsCore_OpenSSL
07-18 10:20:10.024     0     0 I logd    : start watching /data/system/packages.list ...
07-18 10:20:10.028     0     0 I logd    : ReadPackageList, total packages: 153
07-18 10:20:10.785   212 13759 I keystore2: keystore2::watchdog: Watchdog thread idle -> terminating. Have a great day.
07-18 10:20:11.519   337 13922 I resolv  : retrying_poll: 64 retrying_poll timeout
07-18 10:20:11.519   337 13922 D resolv  : send_dg: 1
07-18 10:20:11.520   337 13922 I resolv  : res_nsend: used send_dg 0 terrno: 110
07-18 10:20:11.520   337 13922 I resolv  : res_stats_set_sample: rcode = 255, sec = 0
07-18 10:20:11.521   337 13922 I resolv  : res_cache_add_stats_sample_locked: adding sample to stats, next = 59, count = 64
07-18 10:20:11.522   337 13923 I resolv  : retrying_poll: 65 retrying_poll timeout
07-18 10:20:11.523   337 13923 D resolv  : send_dg: 1
07-18 10:20:11.523   337 13922 D resolv  : res_nsend: Querying server (# 1) address = 10.0.2.3:53
07-18 10:20:11.523   337 13923 I resolv  : res_nsend: used send_dg 0 terrno: 110
07-18 10:20:11.524   337 13923 I resolv  : res_stats_set_sample: rcode = 255, sec = 0
07-18 10:20:11.524   337 13923 I resolv  : res_cache_add_stats_sample_locked: adding sample to stats, next = 60, count = 64
07-18 10:20:11.524   337 13922 I resolv  : get_timeout: using timeout of 5000 msec
07-18 10:20:11.525   337 13923 D resolv  : res_nsend: Querying server (# 1) address = 10.0.2.3:53
07-18 10:20:11.525   337 13922 I resolv  : retrying_poll: 64 retrying_poll
07-18 10:20:11.526   337 13923 I resolv  : get_timeout: using timeout of 5000 msec
07-18 10:20:11.527   337 13923 I resolv  : retrying_poll: 65 retrying_poll
07-18 10:20:11.863   337 13923 I resolv  : retrying_poll: 65 retrying_poll returning 1
07-18 10:20:11.863   337 13922 I resolv  : retrying_poll: 64 retrying_poll returning 1
07-18 10:20:11.863   337 13923 D resolv  : send_dg: truncated answer
07-18 10:20:11.864   337 13922 I resolv  : res_nsend: used send_dg 494 terrno: 0
07-18 10:20:11.864   337 13923 I resolv  : res_nsend: used send_dg 1 terrno: 7
07-18 10:20:11.864   337 13922 D resolv  : res_nsend: got answer:
07-18 10:20:11.864   337 13923 D resolv  : res_nsend: Querying server (# 1) address = 10.0.2.3:53
07-18 10:20:11.865   337 13923 I resolv  : send_vc: using send_vc
07-18 10:20:11.865   337 13922 I resolv  : answer_getTTL: TTL = 300
07-18 10:20:11.865   337 13922 I resolv  : _cache_add_p: entry 108 added (count=38)
07-18 10:20:11.867   337 13922 I resolv  : cache_dump_mru_locked: MRU LIST (38):  108 107 106 104 103 105 99 100 98 97 96 93 90 73 89 88 87 86 81 80 71 70 69 68 17 16 33 32 28 27 23 22 21 20 7 6 19 18
07-18 10:20:11.867   337 13923 I resolv  : get_timeout: using timeout of 5000 msec
07-18 10:20:11.867   337 13922 D resolv  : doQuery: rcode=0, ancount=4
07-18 10:20:11.867   337 13923 I resolv  : connect_with_timeout: 66 send_vc
07-18 10:20:11.868   337 13923 I resolv  : retrying_poll: 66 retrying_poll
07-18 10:20:11.883   337 13923 I resolv  : retrying_poll: 66 retrying_poll returning 1
07-18 10:20:11.883   337 13923 I resolv  : connect_with_timeout: 66 connect_with_const timeout returning 1
07-18 10:20:16.332 13811 13811 D CompatibilityChangeReporter: Compat change id reported: 150939131; UID 10067; state: ENABLED
07-18 10:20:16.332 13811 13811 I ProvidersCache: Updating roots due to change on user 0at content://com.google.android.apps.docs.storage/root
07-18 10:20:16.357 13811 13960 I ProvidersCache: Provider returned no roots. Possibly naughty: com.google.android.apps.docs.storage
07-18 10:20:16.717   546   546 W WindowManager: removeWindowToken: Attempted to remove non-existing token: android.os.Binder@7aaaca0
07-18 10:20:19.073  5425  5425 D BoundBrokerSvc: onUnbind: Intent { act=com.google.android.gms.feedback.internal.IFeedbackService dat=chimera-action: cmp=com.google.android.gms/.chimera.GmsBoundBrokerService }
07-18 10:20:22.020  5425  5425 D BoundBrokerSvc: onUnbind: Intent { act=com.google.android.gms.gservices.START pkg=com.google.android.gms }
07-18 10:20:36.363 13836 13908 W FirebaseInstanceId: Token retrieval failed: SERVICE_NOT_AVAILABLE. Will retry token retrieval
07-18 10:21:00.040   707   841 D EGL_emulation: app_time_stats: avg=57865.42ms min=57865.42ms max=57865.42ms count=1
07-18 10:21:12.243     0     0 W healthd : battery l=100 v=5000 t=25.0 h=2 st=4 c=900000 fc=300000 cc=10 chg=
07-18 10:21:12.841  1106  8511 I AlarmManager: setExactAndAllowWhileIdle [name: GCM_HB_ALARM type: 2 triggerAtMillis: 4873503]
07-18 10:21:12.844   546  2750 D CompatibilityChangeReporter: Compat change id reported: 171306433; UID 10101; state: ENABLED
07-18 10:21:12.852  1106  8511 E GmsTaskScheduler: sendWakeUpEvent called on SchedulerClientBroadcastStrategy
07-18 10:21:12.854  1106  8511 E WakeLock: GCM_HB_ALARM release without a matched acquire!
07-18 10:21:13.022  1106  8511 I AlarmManager: setExactAndAllowWhileIdle [name: GCM_HB_ALARM type: 2 triggerAtMillis: 5103684]
07-18 10:21:13.025  1106  8511 E GmsTaskScheduler: sendWakeUpEvent called on SchedulerClientBroadcastStrategy
07-18 10:21:15.281   546   575 D CompatibilityChangeReporter: Compat change id reported: 168419799; UID 10101; state: DISABLED
07-18 10:21:24.516   546   574 I UsageStatsService: User[0] Flushing usage stats to disk
07-18 10:21:34.162   707   893 D ControlsListingControllerImpl: Subscribing callback, service count: 0
07-18 10:21:34.185   707   893 D ControlsListingControllerImpl: Unsubscribing callback
07-18 10:21:34.259   370   370 E android.hardware.power.stats@1.0-service-mock: Failed to getEnergyData
07-18 10:21:36.411 13836 13908 W FirebaseInstanceId: Token retrieval failed: SERVICE_NOT_AVAILABLE. Will retry token retrieval
07-18 10:21:37.916   546   597 I PackageManager: Integrity check passed for file:///data/app/vmdl1814788499.tmp
07-18 10:21:37.946   546   597 I PackageManager: Permission ownership changed. Updating all permissions.
07-18 10:21:38.002     0     0 I logd    : start watching /data/system/packages.list ...
07-18 10:21:38.005     0     0 I logd    : ReadPackageList, total packages: 154
07-18 10:21:38.025   546   597 D PackageManager: Instant App installer not found with android.intent.action.INSTALL_INSTANT_APP_PACKAGE
07-18 10:21:38.025   546   597 D PackageManager: Clear ephemeral installer activity
07-18 10:21:38.043   546   597 V BackupManagerService: [UserID:0] restoreAtInstall pkg=com.companyname.mauiapp1 token=4 restoreSet=0
07-18 10:21:38.047   546   597 V BackupManagerService: [UserID:0] Finishing install immediately
07-18 10:21:38.050   457   474 E installd: Couldn't opendir /data/app/vmdl1814788499.tmp: No such file or directory
07-18 10:21:38.051   457   474 E installd: Failed to delete /data/app/vmdl1814788499.tmp: No such file or directory
07-18 10:21:38.070   546   597 D CompatibilityChangeReporter: Compat change id reported: 168419799; UID 10152; state: DISABLED
07-18 10:21:38.080  1397  1397 I MediaProvider: Invalidating LocalCallingIdentity cache for package com.companyname.mauiapp1. Reason: package android.intent.action.PACKAGE_ADDED
07-18 10:21:38.111   337  9938 I netd    : trafficSetNetPermForUids(4, [10152]) <0.07ms>
07-18 10:21:38.112   546   639 W BroadcastQueue: Background execution not allowed: receiving Intent { act=android.intent.action.PACKAGE_ADDED dat=package:com.companyname.mauiapp1 flg=0x4000010 (has extras) } to com.google.android.packageinstaller/com.android.packageinstaller.PackageInstalledReceiver
07-18 10:21:38.117  1422  1422 I GsaVoiceInteractionSrv: O received Intent { act=android.intent.action.PACKAGE_ADDED dat=package:com.companyname.mauiapp1 flg=0x4000010 (has extras) }
07-18 10:21:38.141   699   699 V MediaPlayerList: mPackageChangedBroadcastReceiver: action: android.intent.action.PACKAGE_ADDED
07-18 10:21:38.142   699   699 D MediaPlayerList: Name of package changed: com.companyname.mauiapp1
07-18 10:21:38.143   546   628 I InputReader: Reconfiguring input devices, changes=KEYBOARD_LAYOUTS | 
07-18 10:21:38.145   546   623 I RoleService: Granting default roles...
07-18 10:21:38.151   337  9938 I netd    : firewallSetUidRule(2, 10152, 2) <0.26ms>
07-18 10:21:38.155   546   546 I Telecom : DefaultDialerCache: Refreshing default dialer for user 0: now com.android.dialer: DDC.oR@AL4
07-18 10:21:38.169  2924  2924 D CarrierSvcBindHelper: No carrier app for: 0
07-18 10:21:38.169   546   546 V BackupManagerConstants: getFullBackupIntervalMilliseconds(...) returns 86400000
07-18 10:21:38.170   546   546 V BackupManagerConstants: getFullBackupRequiredNetworkType(...) returns 2
07-18 10:21:38.170   546   546 V BackupManagerConstants: getFullBackupRequireCharging(...) returns true
07-18 10:21:38.205   546   575 W BroadcastQueue: Background execution not allowed: receiving Intent { act=android.intent.action.PACKAGE_ADDED dat=package:com.companyname.mauiapp1 flg=0x4000010 (has extras) } to com.google.android.gms/.games.chimera.GamesSystemBroadcastReceiverProxy
07-18 10:21:38.249   546   564 W Looper  : Slow dispatch took 108ms android.fg h=android.os.Handler c=com.android.internal.infra.ServiceConnector$Impl$$ExternalSyntheticLambda2@2b92736 m=0
07-18 10:21:38.256  2924  2924 D ImsResolver: maybeAddedImsService, packageName: com.companyname.mauiapp1
07-18 10:21:38.286  2924  2924 D CarrierConfigLoader: mHandler: EVENT_PACKAGE_CHANGED phoneId: 0
07-18 10:21:38.287   546   575 W BroadcastQueue: Background execution not allowed: receiving Intent { act=android.intent.action.PACKAGE_ADDED dat=package:com.companyname.mauiapp1 flg=0x4000010 (has extras) } to com.google.android.gms/.gass.chimera.PackageChangeBroadcastReceiver
07-18 10:21:38.301   546   575 W BroadcastQueue: Background execution not allowed: receiving Intent { act=android.intent.action.PACKAGE_ADDED dat=package:com.companyname.mauiapp1 flg=0x4000010 (has extras) } to com.google.android.gms/.chimera.GmsIntentOperationService$PersistentTrustedReceiver
07-18 10:21:38.301   546   575 W BroadcastQueue: Background execution not allowed: receiving Intent { act=android.intent.action.PACKAGE_ADDED dat=package:com.companyname.mauiapp1 flg=0x4000010 (has extras) } to com.google.android.googlequicksearchbox/com.google.android.apps.gsa.googlequicksearchbox.GelStubAppWatcher
07-18 10:21:38.319 13811 13978 I ProvidersCache: Provider returned no roots. Possibly naughty: com.google.android.apps.docs.storage
07-18 10:21:38.335  6542 13986 W Role    : Cannot get ApplicationInfo for default holder: com.google.android.contacts
07-18 10:21:38.349  6542 13986 W Role    : Cannot get ApplicationInfo for default holder: com.google.android.as
07-18 10:21:38.365  6542  6558 I PermissionControllerServiceImpl: Updating user sensitive for uid 10152
07-18 10:21:38.374   546   564 D CompanionDeviceManagerService: onPackageModified(packageName = com.companyname.mauiapp1)
07-18 10:21:38.376  6542  6558 I PermissionControllerServiceImpl: Updating user sensitive for uid 10152
07-18 10:21:38.394   546   628 I InputReader: Reconfiguring input devices, changes=KEYBOARD_LAYOUTS | 
07-18 10:21:38.399   699   699 V MediaPlayerList: mPackageChangedBroadcastReceiver: action: android.intent.action.PACKAGE_CHANGED
07-18 10:21:38.399   699   699 D MediaPlayerList: Name of package changed: com.companyname.mauiapp1
07-18 10:21:38.402  5425 13992 I Auth    : [SupervisedAccountIntentOperation] onHandleIntent(): android.intent.action.PACKAGE_ADDED
07-18 10:21:38.403   546   546 I Telecom : DefaultDialerCache: Refreshing default dialer for user 0: now com.android.dialer: DDC.oR@AME
07-18 10:21:38.403  5425 13991 I PackageIntentOperation: Feature flags not enabled, skipping. [CONTEXT service_id=258 ]
07-18 10:21:38.412  5425 13992 I Dck     : doesDeviceHaveSupportedWirelessCapabilities: wccSysProp:0, wccMendel:1, deviceWccOverride:false [CONTEXT service_id=289 ]
07-18 10:21:38.435  5425 13992 I Dck     : isDckModuleEligible: isAtLeastR:true, hasWccSupport:false, downloadAllowed:false [CONTEXT service_id=289 ]
07-18 10:21:38.435  5425 13992 W Dck     : Dck module not eligible for asynchronous downloading [CONTEXT service_id=289 ]
07-18 10:21:38.474 13811 14001 I ProvidersCache: Provider returned no roots. Possibly naughty: com.google.android.apps.docs.storage
07-18 10:21:38.488   546   594 E VerityUtils: Failed to measure fs-verity, errno 1: /data/app/~~mEG7WbsOafz8kMcoY3SJmg==/com.companyname.mauiapp1-KlcKRINCVQkfiyyaYSlLww==/base.apk
07-18 10:21:38.497   546   574 W PackageManager: Failed registering loading progress callback. Package is fully loaded.
07-18 10:21:38.500  5425  5425 D BoundBrokerSvc: onBind: Intent { act=com.google.android.gms.common.BIND_SHARED_PREFS pkg=com.google.android.gms }
07-18 10:21:38.500  5425  5425 D BoundBrokerSvc: Loading bound service for intent: Intent { act=com.google.android.gms.common.BIND_SHARED_PREFS pkg=com.google.android.gms }
07-18 10:21:38.509  5425  5441 W gle.android.gm: Couldn't lock the profile file /data/misc/profiles/cur/0/com.google.android.gms/primary.prof: Failed to lock file '/data/misc/profiles/cur/0/com.google.android.gms/primary.prof': Try again
07-18 10:21:38.510  5425  5441 W gle.android.gm: Could not forcefully load profile /data/misc/profiles/cur/0/com.google.android.gms/primary.prof
07-18 10:21:38.577   546   556 I system_server: Background concurrent copying GC freed 336773(16MB) AllocSpace objects, 108(5684KB) LOS objects, 49% free, 22MB/44MB, paused 548us,306us total 526.850ms
07-18 10:21:38.585 13811 13999 W oid.documentsu: Long monitor contention with owner pool-10-thread-3 (14000) at void com.android.documentsui.roots.ProvidersCache$MultiProviderUpdateTask.handleDocumentsProvider(android.content.pm.ProviderInfo, com.android.documentsui.base.UserId)(ProvidersCache.java:646) waiters=3 in void com.android.documentsui.roots.ProvidersCache$MultiProviderUpdateTask.handleDocumentsProvider(android.content.pm.ProviderInfo, com.android.documentsui.base.UserId) for 138ms
07-18 10:21:38.633   983  1481 D EGL_emulation: app_time_stats: avg=91024.20ms min=91024.20ms max=91024.20ms count=1
07-18 10:21:38.672  1106 13989 I FontLog : Package com.companyname.mauiapp1 has no metadata [CONTEXT service_id=132 ]
07-18 10:21:38.681  1106 14009 W GCM     : Unexpected forwarded intent: Intent { act=android.intent.action.PACKAGE_ADDED dat=package:com.companyname.mauiapp1 flg=0x4000010 pkg=com.google.android.gms cmp=com.google.android.gms/.chimera.PersistentIntentOperationService (has extras) }
07-18 10:21:38.703  1106 14010 W GCM     : Unexpected forwarded intent: Intent { act=android.intent.action.PACKAGE_ADDED dat=package:com.companyname.mauiapp1 flg=0x4000010 pkg=com.google.android.gms cmp=com.google.android.gms/.chimera.PersistentIntentOperationService (has extras) }
07-18 10:21:38.768  2924  2924 D CarrierSvcBindHelper: No carrier app for: 0
07-18 10:21:38.769  2924  2924 D ImsResolver: maybeAddedImsService, packageName: com.companyname.mauiapp1
07-18 10:21:38.769  6542 13986 W Role    : Cannot get ApplicationInfo for default holder: com.google.android.as
07-18 10:21:38.783  1106 14016 I Fitness : OnPackageChangedOperation got intent: Intent { act=android.intent.action.PACKAGE_CHANGED dat=package:com.companyname.mauiapp1 flg=0x5000010 pkg=com.google.android.gms cmp=com.google.android.gms/.chimera.PersistentIntentOperationService (has extras) } [CONTEXT service_id=17 ]
07-18 10:21:38.808  6542 13986 W Role    : Cannot get ApplicationInfo for default holder: com.google.android.as
07-18 10:21:38.811  5425  5425 D BoundBrokerSvc: onUnbind: Intent { act=com.google.android.gms.common.BIND_SHARED_PREFS pkg=com.google.android.gms }
07-18 10:21:38.918  1106  1123 I .gms.persisten: Background young concurrent copying GC freed 190281(8795KB) AllocSpace objects, 17(628KB) LOS objects, 42% free, 12MB/22MB, paused 27us,54us total 181.513ms
07-18 10:21:38.918  1106  1123 W .gms.persisten: Reducing the number of considered missed Gc histogram windows from 207 to 100
07-18 10:21:38.934  1106 14009 I Fitness : FitCleanupIntentOperation received Intent android.intent.action.PACKAGE_CHANGED [CONTEXT service_id=17 ]
07-18 10:21:38.936  1106  2312 W ChimeraUtils: Module com.google.android.gms.nearby_en has empty metadata display_name_string_id
07-18 10:21:38.957  1106  2312 W ChimeraUtils: Module com.google.android.gms.nearby_en has empty metadata display_name_string_id
07-18 10:21:38.968  1106 14014 I Fitness : OnPackageChangedOperation got intent: Intent { act=android.intent.action.PACKAGE_CHANGED dat=package:com.companyname.mauiapp1 flg=0x5000010 pkg=com.google.android.gms cmp=com.google.android.gms/.chimera.PersistentIntentOperationService (has extras) } [CONTEXT service_id=17 ]
07-18 10:21:38.976  1106  2312 W ChimeraUtils: Module com.google.android.gms.nearby_en has empty metadata display_name_string_id
07-18 10:21:39.000  1106 14016 I Fitness : FitCleanupIntentOperation received Intent android.intent.action.PACKAGE_CHANGED [CONTEXT service_id=17 ]
07-18 10:21:39.023  5425  5496 I Icing   : IndexChimeraService.getServiceInterface callingPackage=com.google.android.gms componentName=AppsCorpus serviceId=36
07-18 10:21:39.033  5425  5425 D BoundBrokerSvc: onBind: Intent { act=com.google.android.gms.feedback.internal.IFeedbackService dat=chimera-action: cmp=com.google.android.gms/.chimera.GmsBoundBrokerService }
07-18 10:21:39.034  5425  5425 D BoundBrokerSvc: Loading bound service for intent: Intent { act=com.google.android.gms.feedback.internal.IFeedbackService dat=chimera-action: cmp=com.google.android.gms/.chimera.GmsBoundBrokerService }
07-18 10:21:39.049  1106  1218 W ChimeraUtils: Module com.google.android.gms.nearby_en has empty metadata display_name_string_id
07-18 10:21:39.060  1106  1218 W ChimeraUtils: Module com.google.android.gms.nearby_en has empty metadata display_name_string_id
07-18 10:21:39.065  1106  1218 W ChimeraUtils: Module com.google.android.gms.nearby_en has empty metadata display_name_string_id
07-18 10:21:39.079  5425  5455 W Icing   : No valid account for uploading user actions
07-18 10:21:39.090   546   623 I RoleService: Granting default roles...
07-18 10:21:39.127  5425  5455 I Icing   : Usage reports ok 0, Failed Usage reports 0, indexed 0, rejected 0
07-18 10:21:39.157  5425  5495 I Icing   : IndexChimeraService.getServiceInterface callingPackage=com.google.android.gms componentName=null serviceId=30
07-18 10:21:39.171  1106  1218 W ChimeraUtils: Module com.google.android.gms.nearby_en has empty metadata display_name_string_id
07-18 10:21:39.175  5425  5455 W Icing   : No valid account for uploading user actions
07-18 10:21:39.180  1106  1218 W ChimeraUtils: Module com.google.android.gms.nearby_en has empty metadata display_name_string_id
07-18 10:21:39.184  5425  5455 I Icing   : Usage reports ok 0, Failed Usage reports 0, indexed 0, rejected 0
07-18 10:21:39.187  1106  1218 W ChimeraUtils: Module com.google.android.gms.nearby_en has empty metadata display_name_string_id
07-18 10:21:39.199  5425  5455 I Icing   : Indexing com.google.android.gms-apps from com.google.android.gms
07-18 10:21:39.212  6542 13986 W Role    : Cannot get ApplicationInfo for default holder: com.google.android.as
07-18 10:21:39.223  5425  5455 I Icing   : Indexing done com.google.android.gms-apps
07-18 10:21:39.237  5425  5455 I Icing   : Indexing com.google.android.gms-apps from com.google.android.gms
07-18 10:21:39.248  5425  5455 I Icing   : Indexing done com.google.android.gms-apps
07-18 10:21:39.251  5425  5478 I Icing   : Indexing com.google.android.gms-apps from com.google.android.gms
07-18 10:21:39.252  5425  5478 I Icing   : Indexing done com.google.android.gms-apps
07-18 10:21:39.278   546   575 I DropBoxManagerService: add tag=system_server_wtf isTagEnabled=true flags=0x2
07-18 10:21:39.280   546  1776 I ActivityManager: Background started FGS: Allowed [callingPackage: com.google.android.apps.wellbeing; callingUid: 10097; uidState: BTOP; intent: Intent { cmp=com.google.android.apps.wellbeing/com.google.apps.tiktok.concurrent.InternalForegroundService (has extras) }; code:BACKGROUND_ACTIVITY_PERMISSION; tempAllowListReason:<null>; targetSdkVersion:30; callerTargetSdkVersion:30; startForegroundCount:0; bindFromPackage:null]
07-18 10:21:39.291   546   575 I ActivityManager: Deferring FGS notification in legacy app com.google.android.apps.wellbeing/u0a97 : Notification(channel=app_limit_updates shortcut=null contentView=null vibrate=null sound=null defaults=0x0 flags=0x162 color=0xff0b57d0 category=service vis=PRIVATE)
07-18 10:21:39.393  6542 13986 W Role    : Cannot get ApplicationInfo for default holder: com.google.android.as
07-18 10:21:39.402  6542 13986 W Role    : Cannot get ApplicationInfo for default holder: com.google.android.as
07-18 10:21:39.438  6542 13986 W Role    : Cannot get ApplicationInfo for default holder: com.google.android.contacts
07-18 10:21:39.445  6542 13986 W Role    : Cannot get ApplicationInfo for default holder: com.google.android.as
07-18 10:21:39.522  6542 13986 W Role    : Cannot get ApplicationInfo for default holder: com.google.android.as
07-18 10:21:39.524  6542 13986 W Role    : Cannot get ApplicationInfo for default holder: com.google.android.as
07-18 10:21:39.703  6542 13986 W Role    : Cannot get ApplicationInfo for default holder: com.google.android.as
07-18 10:21:39.831  6542 13986 W Role    : Cannot get ApplicationInfo for default holder: com.google.android.as
07-18 10:21:39.839  6542 13986 W Role    : Cannot get ApplicationInfo for default holder: com.google.android.as
07-18 10:21:40.721   707   841 D EGL_emulation: app_time_stats: avg=40680.63ms min=40680.63ms max=40680.63ms count=1
07-18 10:21:41.288   546   575 W BroadcastQueue: Background execution not allowed: receiving Intent { act=android.intent.action.DROPBOX_ENTRY_ADDED flg=0x10 (has extras) } to com.google.android.gms/.stats.service.DropBoxEntryAddedReceiver
07-18 10:21:41.289   546   575 W BroadcastQueue: Background execution not allowed: receiving Intent { act=android.intent.action.DROPBOX_ENTRY_ADDED flg=0x10 (has extras) } to com.google.android.gms/.chimera.GmsIntentOperationService$PersistentTrustedReceiver
07-18 10:21:42.476 14066 14066 W run-as  : type=1400 audit(0.0:2228): avc: granted { execute } for name="xamarin.stat" dev="dm-5" ino=172044 scontext=u:r:runas_app:s0:c152,c256,c512,c768 tcontext=u:object_r:app_data_file:s0:c152,c256,c512,c768 tclass=file app=com.companyname.mauiapp1
07-18 10:21:42.476 14066 14066 W xamarin.stat: type=1400 audit(0.0:2229): avc: granted { execute } for path="/data/user/0/com.companyname.mauiapp1/files/.__tools__/xamarin.stat" dev="dm-5" ino=172044 scontext=u:r:runas_app:s0:c152,c256,c512,c768 tcontext=u:object_r:app_data_file:s0:c152,c256,c512,c768 tclass=file app=com.companyname.mauiapp1
07-18 10:21:42.652 14072 14072 W run-as  : type=1400 audit(0.0:2230): avc: granted { execute } for name="xamarin.find" dev="dm-5" ino=172042 scontext=u:r:runas_app:s0:c152,c256,c512,c768 tcontext=u:object_r:app_data_file:s0:c152,c256,c512,c768 tclass=file app=com.companyname.mauiapp1
07-18 10:21:42.652 14072 14072 W xamarin.find: type=1400 audit(0.0:2231): avc: granted { execute } for path="/data/user/0/com.companyname.mauiapp1/files/.__tools__/xamarin.find" dev="dm-5" ino=172042 scontext=u:r:runas_app:s0:c152,c256,c512,c768 tcontext=u:object_r:app_data_file:s0:c152,c256,c512,c768 tclass=file app=com.companyname.mauiapp1
07-18 10:21:42.768 14075 14075 W run-as  : type=1400 audit(0.0:2232): avc: granted { execute } for name="xamarin.sync" dev="dm-5" ino=172043 scontext=u:r:runas_app:s0:c152,c256,c512,c768 tcontext=u:object_r:app_data_file:s0:c152,c256,c512,c768 tclass=file app=com.companyname.mauiapp1
07-18 10:21:42.759     0     0 W audit   : audit_lost=1687 audit_rate_limit=5 audit_backlog_limit=64
07-18 10:21:42.764     0     0 E audit   : rate limit exceeded
07-18 10:21:43.492 14096 14096 W run-as  : type=1400 audit(0.0:2246): avc: granted { execute } for name="xamarin.sync" dev="dm-5" ino=172043 scontext=u:r:runas_app:s0:c152,c256,c512,c768 tcontext=u:object_r:app_data_file:s0:c152,c256,c512,c768 tclass=file app=com.companyname.mauiapp1
07-18 10:21:43.492 14096 14096 W xamarin.sync: type=1400 audit(0.0:2247): avc: granted { execute } for path="/data/user/0/com.companyname.mauiapp1/files/.__tools__/xamarin.sync" dev="dm-5" ino=172043 scontext=u:r:runas_app:s0:c152,c256,c512,c768 tcontext=u:object_r:app_data_file:s0:c152,c256,c512,c768 tclass=file app=com.companyname.mauiapp1
07-18 10:21:43.592 14099 14099 W run-as  : type=1400 audit(0.0:2248): avc: granted { execute } for name="xamarin.sync" dev="dm-5" ino=172043 scontext=u:r:runas_app:s0:c152,c256,c512,c768 tcontext=u:object_r:app_data_file:s0:c152,c256,c512,c768 tclass=file app=com.companyname.mauiapp1
07-18 10:21:43.592 14099 14099 W xamarin.sync: type=1400 audit(0.0:2249): avc: granted { execute } for path="/data/user/0/com.companyname.mauiapp1/files/.__tools__/xamarin.sync" dev="dm-5" ino=172043 scontext=u:r:runas_app:s0:c152,c256,c512,c768 tcontext=u:object_r:app_data_file:s0:c152,c256,c512,c768 tclass=file app=com.companyname.mauiapp1
07-18 10:21:43.692 14102 14102 W run-as  : type=1400 audit(0.0:2250): avc: granted { execute } for name="xamarin.sync" dev="dm-5" ino=172043 scontext=u:r:runas_app:s0:c152,c256,c512,c768 tcontext=u:object_r:app_data_file:s0:c152,c256,c512,c768 tclass=file app=com.companyname.mauiapp1
07-18 10:21:43.781     0     0 W audit   : audit_lost=1701 audit_rate_limit=5 audit_backlog_limit=64
07-18 10:21:43.782     0     0 E audit   : rate limit exceeded
07-18 10:21:44.604 14129 14129 W run-as  : type=1400 audit(0.0:2268): avc: granted { execute } for name="xamarin.sync" dev="dm-5" ino=172043 scontext=u:r:runas_app:s0:c152,c256,c512,c768 tcontext=u:object_r:app_data_file:s0:c152,c256,c512,c768 tclass=file app=com.companyname.mauiapp1
07-18 10:21:44.604 14129 14129 W xamarin.sync: type=1400 audit(0.0:2269): avc: granted { execute } for path="/data/user/0/com.companyname.mauiapp1/files/.__tools__/xamarin.sync" dev="dm-5" ino=172043 scontext=u:r:runas_app:s0:c152,c256,c512,c768 tcontext=u:object_r:app_data_file:s0:c152,c256,c512,c768 tclass=file app=com.companyname.mauiapp1
