--------- beginning of main
07-18 10:18:24.366   546   622 W libprocessgroup: Failed to open /sys/fs/cgroup/./frozen/cgroup.procs: No such file or directory
07-18 10:18:24.366   546   622 W libprocessgroup: Failed to apply Frozen process profile: No such file or directory
--------- beginning of system
07-18 10:18:24.366   546   622 D ActivityManager: froze 1350 com.google.process.gservices
07-18 10:18:40.651   707   841 D EGL_emulation: app_time_stats: avg=40628.94ms min=40628.94ms max=40628.94ms count=1
07-18 10:19:00.019   707   841 D EGL_emulation: app_time_stats: avg=19368.14ms min=19368.14ms max=19368.14ms count=1
07-18 10:19:20.664   707   841 D EGL_emulation: app_time_stats: avg=10322.63ms min=627.78ms max=20017.47ms count=2
07-18 10:19:34.257   370   370 E android.hardware.power.stats@1.0-service-mock: Failed to getEnergyData
07-18 10:19:40.666   707   841 D EGL_emulation: app_time_stats: avg=20001.11ms min=20001.11ms max=20001.11ms count=1
07-18 10:19:49.019   380   380 I android.hardware.vibrator-service.example: Vibrator perform
07-18 10:19:49.022   380 13718 I android.hardware.vibrator-service.example: Starting perform on another thread
07-18 10:19:49.025   707   841 D EGL_emulation: app_time_stats: avg=35923.08ms min=11.21ms max=1113174.75ms count=31
07-18 10:19:49.033   387   518 D AudioFlinger: mixer(0x7b3a07301a70) throttle end: throttle time(37)
07-18 10:19:49.116   546   564 D AutofillManagerService: Close system dialogs
07-18 10:19:49.116   546   565 I ActivityTaskManager: START u0 {act=android.intent.action.MAIN cat=[android.intent.category.HOME] flg=0x10000100 cmp=com.google.android.apps.nexuslauncher/.NexusLauncherActivity (has extras)} from uid 0
07-18 10:19:49.123   707   707 V ShadeControllerImpl: NotificationShadeWindow: com.android.systemui.statusbar.phone.NotificationShadeWindowView{440cea4 I.E...... ......ID 0,0-1080,2340} canPanelBeCollapsed(): false
07-18 10:19:49.124   380 13718 I android.hardware.vibrator-service.example: Notifying perform complete
07-18 10:19:49.127   380   380 I android.hardware.vibrator-service.example: Vibrator off
07-18 10:19:49.172  1545  1545 I A       : onApplyWindowInsets: systemWindowInsets=Insets{left=0, top=145, right=0, bottom=132}
07-18 10:19:49.172  1545  1545 I A       : onApplyWindowInsets: Adjusting for display cutouts. Safe insets: left=0, top=136, right=0, bottom=0
07-18 10:19:49.173  1545  1545 I A       : onApplyWindowInsets: systemWindowInsets=Insets{left=0, top=145, right=0, bottom=132}
07-18 10:19:49.175   359   359 D goldfish-address-space: claimShared: Ask to claim region [0x3f0000000 0x3f09a4000]
07-18 10:19:49.188   983   983 D TaplTarget: Launcher.onNewIntent: Intent { act=android.intent.action.MAIN cat=[android.intent.category.HOME] flg=0x10400100 cmp=com.google.android.apps.nexuslauncher/.NexusLauncherActivity (has extras) }
07-18 10:19:49.192   359   359 D goldfish-address-space: claimShared: Ask to claim region [0x3f09a4000 0x3f1348000]
07-18 10:19:49.209   359   359 D goldfish-address-space: claimShared: Ask to claim region [0x3f1348000 0x3f1cec000]
07-18 10:19:49.240  1545  4656 I OpenGLRenderer: Davey! duration=2409393ms; Flags=1, FrameTimelineVsyncId=9350, IntendedVsync=2320490033365, Vsync=2320490033365, InputEventId=1513861944, HandleInputStart=2320494216772, AnimationStart=2320494217214, PerformTraversalsStart=2320494217439, DrawStart=2320521868502, FrameDeadline=2320523366697, FrameInterval=2320494214945, FrameStartTime=16666666, SyncQueued=2320522869396, SyncStart=2320525946728, IssueDrawCommandsStart=2320526651204, SwapBuffers=2320532126993, FrameCompleted=4729887024577, DequeueBufferDuration=3935, QueueBufferDuration=2662526, GpuCompleted=4729887024577, SwapBuffersCompleted=2320535533807, DisplayPresentTime=0, 
07-18 10:19:49.241   359   359 D goldfish-address-space: claimShared: Ask to claim region [0x3f49a4000 0x3f5348000]
07-18 10:19:49.254   359   359 D goldfish-address-space: claimShared: Ask to claim region [0x3f5e4f000 0x3f67f3000]
07-18 10:19:49.257   359   359 D goldfish-address-space: claimShared: Ask to claim region [0x3f6cce000 0x3f7672000]
07-18 10:19:49.280   546  2794 W ActivityManager: Unable to start service Intent { act=android.service.smartspace.SmartspaceService cmp=com.google.android.as/com.google.android.apps.miphone.aiai.app.AiAiSmartspaceService } U=0: not found
07-18 10:19:49.283   546  2794 W RemoteSmartspaceService: could not bind to Intent { act=android.service.smartspace.SmartspaceService cmp=com.google.android.as/com.google.android.apps.miphone.aiai.app.AiAiSmartspaceService } using flags 67112961
07-18 10:19:49.283   359   359 D goldfish-address-space: claimShared: Ask to claim region [0x3f1cec000 0x3f2318000]
07-18 10:19:49.283   546   546 W ActivityManager: Unbind failed: could not find connection for android.app.LoadedApk$ServiceDispatcher$InnerConnection@4362ef4
07-18 10:19:49.284  1422  1422 I GsaVoiceInteractionSrv: Handling ACTION_START_HOTWORD
07-18 10:19:49.284  1422  1422 I GsaVoiceInteractionSrv: disregardVoiceMatch: false
07-18 10:19:49.289  1422  1422 I GsaVoiceInteractionSrv: Cannot start hotword, hotword has been explicitly disabled.
07-18 10:19:49.289 13524 13543 D EGL_emulation: app_time_stats: avg=69170.82ms min=11.59ms max=1106485.12ms count=16
07-18 10:19:49.292   546   639 W ActivityManager: Unable to start service Intent { act=android.service.smartspace.SmartspaceService cmp=com.google.android.as/com.google.android.apps.miphone.aiai.app.AiAiSmartspaceService } U=0: not found
07-18 10:19:49.293   546   639 W RemoteSmartspaceService: could not bind to Intent { act=android.service.smartspace.SmartspaceService cmp=com.google.android.as/com.google.android.apps.miphone.aiai.app.AiAiSmartspaceService } using flags 67112961
07-18 10:19:49.297   546   546 W ActivityManager: Unbind failed: could not find connection for android.app.LoadedApk$ServiceDispatcher$InnerConnection@4bc2092
07-18 10:19:49.350   546   564 D AutofillManagerService: Close system dialogs
07-18 10:19:49.368  1295  1295 I GoogleInputMethodService: GoogleInputMethodService.onFinishInput():3420 
07-18 10:19:49.369  1295  1295 I GoogleInputMethodService: GoogleInputMethodService.onStartInput():2002 
07-18 10:19:49.373  1295  1295 I DeviceUnlockedTag: DeviceUnlockedTag.notifyDeviceLockStatusChanged():31 Notify device unlocked.
07-18 10:19:49.404   707   707 V ShadeControllerImpl: NotificationShadeWindow: com.android.systemui.statusbar.phone.NotificationShadeWindowView{440cea4 I.E...... ......ID 0,0-1080,2340} canPanelBeCollapsed(): false
07-18 10:19:49.705 13524 13524 D Mono    : Running class .cctor for System.Array/EmptyArray`1<Microsoft.Maui.LifecycleEvents.AndroidLifecycle/OnApplicationTrimMemory> from '/data/data/com.companyname.mauiapp1/files/.__override__/System.Private.CoreLib.dll'
07-18 10:19:49.707 13524 13524 D Mono    : Running class .cctor for System.SZGenericArrayEnumerator`1<Microsoft.Maui.LifecycleEvents.AndroidLifecycle/OnApplicationTrimMemory> from '/data/data/com.companyname.mauiapp1/files/.__override__/System.Private.CoreLib.dll'
07-18 10:19:49.724 13524 13524 D Mono    : Running class .cctor for System.Array/EmptyArray`1<Microsoft.Maui.LifecycleEvents.AndroidLifecycle/OnSaveInstanceState> from '/data/data/com.companyname.mauiapp1/files/.__override__/System.Private.CoreLib.dll'
07-18 10:19:49.725 13524 13524 D Mono    : Running class .cctor for System.SZGenericArrayEnumerator`1<Microsoft.Maui.LifecycleEvents.AndroidLifecycle/OnSaveInstanceState> from '/data/data/com.companyname.mauiapp1/files/.__override__/System.Private.CoreLib.dll'
07-18 10:19:50.785   707   707 V DeadZone: consuming errant click: (623.9795,21.884033)
07-18 10:19:50.785   707   707 V DeadZone: consuming errant click: (623.9795,21.884033)
07-18 10:19:51.068   983   983 D TaplEvents: Main / Touch event: MotionEvent { action=ACTION_DOWN, actionButton=0, id[0]=0, x[0]=620.9802, y[0]=2195.8923, toolType[0]=TOOL_TYPE_FINGER, buttonState=0, classification=NONE, metaState=META_NUM_LOCK_ON, flags=0x0, edgeFlags=0x0, pointerCount=1, historySize=0, eventTime=4731728, downTime=4731445, deviceId=9, source=0x5002, displayId=0, eventId=1611616934 }
07-18 10:19:51.121   983  1481 D EGL_emulation: app_time_stats: avg=81.55ms min=1.72ms max=1435.60ms count=20
07-18 10:19:51.178   983   983 D TaplEvents: Main / Touch event: MotionEvent { action=ACTION_UP, actionButton=0, id[0]=0, x[0]=606.97266, y[0]=1192.923, toolType[0]=TOOL_TYPE_FINGER, buttonState=0, classification=NONE, metaState=META_NUM_LOCK_ON, flags=0x0, edgeFlags=0x0, pointerCount=1, historySize=0, eventTime=4731813, downTime=4731445, deviceId=9, source=0x5002, displayId=0, eventId=52318592 }
07-18 10:19:51.181   707   841 D EGL_emulation: app_time_stats: avg=10514.86ms min=10514.86ms max=10514.86ms count=1
07-18 10:19:51.191   707   841 D EGL_emulation: app_time_stats: avg=78.24ms min=2.80ms max=1604.35ms count=26
07-18 10:19:54.207   983   983 D TaplEvents: Main / Touch event: MotionEvent { action=ACTION_DOWN, actionButton=0, id[0]=0, x[0]=129.99023, y[0]=1091.9476, toolType[0]=TOOL_TYPE_FINGER, buttonState=0, classification=NONE, metaState=META_NUM_LOCK_ON, flags=0x0, edgeFlags=0x0, pointerCount=1, historySize=0, eventTime=4734862, downTime=4734862, deviceId=9, source=0x5002, displayId=0, eventId=766805781 }
07-18 10:19:54.341   983  1481 D EGL_emulation: app_time_stats: avg=114.69ms min=2.50ms max=2755.85ms count=26
07-18 10:19:54.620   983   983 D TaplEvents: Main / onAllAppsItemLongClick
07-18 10:19:54.627   359   359 D goldfish-address-space: claimShared: Ask to claim region [0x3f2318000 0x3f2330000]
07-18 10:19:54.634   983  1481 E FrameEvents: updateAcquireFence: Did not find frame.
07-18 10:19:54.636   359   359 D goldfish-address-space: claimShared: Ask to claim region [0x3f2330000 0x3f2348000]
07-18 10:19:54.688   380   380 I android.hardware.vibrator-service.example: Vibrator perform
07-18 10:19:54.690   380   380 I android.hardware.vibrator-service.example: Vibrator on for timeoutMs: 1
07-18 10:19:54.692   380   380 I android.hardware.vibrator-service.example: Vibrator set amplitude: 0.709427
07-18 10:19:54.693   380   380 I android.hardware.vibrator-service.example: Vibrator off
07-18 10:19:54.696   380 13726 I android.hardware.vibrator-service.example: Starting on on another thread
07-18 10:19:54.699   380 13726 I android.hardware.vibrator-service.example: Notifying on complete
07-18 10:19:54.710   380   380 I android.hardware.vibrator-service.example: Vibrator on for timeoutMs: 21
07-18 10:19:54.712   380   380 I android.hardware.vibrator-service.example: Vibrator set amplitude: 0.709427
07-18 10:19:54.715   380 13727 I android.hardware.vibrator-service.example: Starting on on another thread
07-18 10:19:54.738   380 13727 I android.hardware.vibrator-service.example: Notifying on complete
07-18 10:19:54.739   380   380 I android.hardware.vibrator-service.example: Vibrator off
07-18 10:19:54.824 13524 13533 W nyname.mauiapp: Reducing the number of considered missed Gc histogram windows from 111 to 100
07-18 10:19:55.067   707   841 D EGL_emulation: app_time_stats: avg=776.58ms min=27.12ms max=3743.42ms count=5
07-18 10:19:55.075   707   841 D EGL_emulation: app_time_stats: avg=776.38ms min=21.06ms max=3746.22ms count=5
07-18 10:19:55.355   983  1481 D EGL_emulation: app_time_stats: avg=12.69ms min=2.69ms max=146.83ms count=48
07-18 10:19:56.220   983   983 D TaplEvents: Main / Touch event: MotionEvent { action=ACTION_UP, actionButton=0, id[0]=0, x[0]=753.9697, y[0]=260.93628, toolType[0]=TOOL_TYPE_FINGER, buttonState=0, classification=NONE, metaState=META_NUM_LOCK_ON, flags=0x0, edgeFlags=0x0, pointerCount=1, historySize=0, eventTime=4736879, downTime=4734862, deviceId=9, source=0x5002, displayId=0, eventId=1025500544 }
07-18 10:19:56.373   983  1481 D EGL_emulation: app_time_stats: avg=7.62ms min=2.49ms max=114.75ms count=54
07-18 10:19:56.533   546  1776 I ActivityTaskManager: START u0 {act=android.intent.action.DELETE dat=package:com.companyname.mauiapp1 flg=0x10800000 cmp=com.google.android.packageinstaller/com.android.packageinstaller.UninstallerActivity (has extras)} from uid 10131
07-18 10:19:56.535   546  1776 W ActivityTaskManager: Can't find TaskDisplayArea to determine support for multi window. Task id=43 attached=false
07-18 10:19:56.560   983   983 D SecondaryDropTarget: start uninstall activity com.companyname.mauiapp1
07-18 10:19:56.577   546   567 I ActivityManager: com.google.android.packageinstaller is exempt from freezer
07-18 10:19:56.578   546   567 D CompatibilityChangeReporter: Compat change id reported: 135634846; UID 10071; state: DISABLED
07-18 10:19:56.579   546   567 D CompatibilityChangeReporter: Compat change id reported: 177438394; UID 10071; state: DISABLED
07-18 10:19:56.581   546   567 D CompatibilityChangeReporter: Compat change id reported: 135772972; UID 10071; state: DISABLED
07-18 10:19:56.583   546   567 D CompatibilityChangeReporter: Compat change id reported: 135754954; UID 10071; state: ENABLED
07-18 10:19:56.584   546   576 D CompatibilityChangeReporter: Compat change id reported: 143937733; UID 10071; state: ENABLED
07-18 10:19:56.669   338   338 D Zygote  : Forked child process 13728
07-18 10:19:56.670   546   576 W ActivityManager: Slow operation: 94ms so far, now at startProcess: returned from zygote!
07-18 10:19:56.671   546   576 W ActivityManager: Slow operation: 95ms so far, now at startProcess: done updating battery stats
07-18 10:19:56.672   546   576 W ActivityManager: Slow operation: 95ms so far, now at startProcess: building log message
07-18 10:19:56.672   546   576 I ActivityManager: Start proc 13728:com.google.android.packageinstaller/u0a71 for pre-top-activity {com.google.android.packageinstaller/com.android.packageinstaller.UninstallerActivity}
07-18 10:19:56.673   546   576 W ActivityManager: Slow operation: 96ms so far, now at startProcess: starting to update pids map
07-18 10:19:56.674   546   576 W ActivityManager: Slow operation: 97ms so far, now at startProcess: done updating pids map
07-18 10:19:56.735  1422  1422 I GsaVoiceInteractionSrv: Handling ACTION_STOP_HOTWORD
07-18 10:19:56.736  1422  1422 E HwDetectorWithState: a: 3
07-18 10:19:56.779 13728 13728 W ackageinstalle: Unexpected CPU variant for X86 using defaults: x86_64
07-18 10:19:56.837   430   443 I adbd    : jdwp connection from 13728
07-18 10:19:56.935 13728 13728 D CompatibilityChangeReporter: Compat change id reported: 171979766; UID 10071; state: ENABLED
07-18 10:19:57.049 13728 13728 V GraphicsEnvironment: ANGLE Developer option for 'com.google.android.packageinstaller' set to: 'default'
07-18 10:19:57.050 13728 13728 V GraphicsEnvironment: Neither updatable production driver nor prerelease driver is supported.
07-18 10:19:57.054 13728 13728 D NetworkSecurityConfig: No Network Security Config specified, using platform default
07-18 10:19:57.056 13728 13728 D NetworkSecurityConfig: No Network Security Config specified, using platform default
07-18 10:19:57.160 13728 13747 D libEGL  : loaded /vendor/lib64/egl/libEGL_emulation.so
07-18 10:19:57.178 13728 13747 D libEGL  : loaded /vendor/lib64/egl/libGLESv1_CM_emulation.so
07-18 10:19:57.201 13728 13747 D libEGL  : loaded /vendor/lib64/egl/libGLESv2_emulation.so
07-18 10:19:57.249 13728 13728 D CompatibilityChangeReporter: Compat change id reported: 171228096; UID 10071; state: ENABLED
07-18 10:19:57.342   546   568 D CompatibilityChangeReporter: Compat change id reported: 158002302; UID 10071; state: ENABLED
07-18 10:19:57.374 13728 13745 D HostConnection: createUnique: call
07-18 10:19:57.376 13728 13745 D HostConnection: HostConnection::get() New Host Connection established 0x71fd2d63f010, tid 13745
07-18 10:19:57.384   983  1481 D EGL_emulation: app_time_stats: avg=26.13ms min=3.83ms max=313.73ms count=31
07-18 10:19:57.491 13728 13745 D HostConnection: HostComposition ext ANDROID_EMU_CHECKSUM_HELPER_v1 ANDROID_EMU_native_sync_v2 ANDROID_EMU_native_sync_v3 ANDROID_EMU_native_sync_v4 ANDROID_EMU_dma_v1 ANDROID_EMU_direct_mem ANDROID_EMU_YUV_Cache ANDROID_EMU_has_shared_slots_host_memory_allocator ANDROID_EMU_sync_buffer_data ANDROID_EMU_read_color_buffer_dma GL_OES_EGL_image_external_essl3 GL_OES_vertex_array_object GL_KHR_texture_compression_astc_ldr ANDROID_EMU_host_side_tracing ANDROID_EMU_gles_max_version_3_0 
07-18 10:19:57.499   196   196 I hwservicemanager: getTransport: Cannot find entry android.hardware.configstore@1.0::ISurfaceFlingerConfigs/default in either framework or device VINTF manifest.
07-18 10:19:57.501 13728 13745 W OpenGLRenderer: Failed to choose config with EGL_SWAP_BEHAVIOR_PRESERVED, retrying without...
07-18 10:19:57.501 13728 13745 W OpenGLRenderer: Failed to initialize 101010-2 format, error = EGL_SUCCESS
07-18 10:19:57.504 13728 13745 D EGL_emulation: eglCreateContext: 0x71fd2d63fcd0: maj 3 min 0 rcv 3
07-18 10:19:57.507 13728 13745 D EGL_emulation: eglMakeCurrent: 0x71fd2d63fcd0: ver 3 0 (tinfo 0x71ff55750100) (first time)
07-18 10:19:57.528   398   969 E HWComposer: getSupportedContentTypes: getSupportedContentTypes failed for display 4619827259835644672: Unsupported (8)
07-18 10:19:57.531   196   196 I hwservicemanager: getTransport: Cannot find entry android.hardware.graphics.mapper@4.0::IMapper/default in either framework or device VINTF manifest.
07-18 10:19:57.531 13728 13745 I Gralloc4: mapper 4.x is not supported
07-18 10:19:57.534 13728 13745 D HostConnection: createUnique: call
07-18 10:19:57.535 13728 13745 D HostConnection: HostConnection::get() New Host Connection established 0x71fd2d63eb90, tid 13745
07-18 10:19:57.536 13728 13745 D goldfish-address-space: allocate: Ask for block of size 0x100
07-18 10:19:57.537 13728 13745 D goldfish-address-space: allocate: ioctl allocate returned offset 0x3efffe000 size 0x2000
07-18 10:19:57.543   196   196 I hwservicemanager: getTransport: Cannot find entry android.hardware.graphics.allocator@4.0::IAllocator/default in either framework or device VINTF manifest.
07-18 10:19:57.543 13728 13745 W Gralloc4: allocator 4.x is not supported
07-18 10:19:57.548   359   359 D goldfish-address-space: claimShared: Ask to claim region [0x3f2330000 0x3f2674000]
07-18 10:19:57.610 13728 13745 D HostConnection: HostComposition ext ANDROID_EMU_CHECKSUM_HELPER_v1 ANDROID_EMU_native_sync_v2 ANDROID_EMU_native_sync_v3 ANDROID_EMU_native_sync_v4 ANDROID_EMU_dma_v1 ANDROID_EMU_direct_mem ANDROID_EMU_YUV_Cache ANDROID_EMU_has_shared_slots_host_memory_allocator ANDROID_EMU_sync_buffer_data ANDROID_EMU_read_color_buffer_dma GL_OES_EGL_image_external_essl3 GL_OES_vertex_array_object GL_KHR_texture_compression_astc_ldr ANDROID_EMU_host_side_tracing ANDROID_EMU_gles_max_version_3_0 
07-18 10:19:57.614   359   359 D goldfish-address-space: claimShared: Ask to claim region [0x3f2674000 0x3f29b8000]
07-18 10:19:57.618   359   359 D goldfish-address-space: claimShared: Ask to claim region [0x3f29b8000 0x3f2cfc000]
07-18 10:19:57.719   359   359 D goldfish-address-space: claimShared: Ask to claim region [0x3f2cfc000 0x3f2e32000]
07-18 10:19:57.724   359   359 D goldfish-address-space: claimShared: Ask to claim region [0x3f2e32000 0x3f2f68000]
07-18 10:19:57.729   359   359 D goldfish-address-space: claimShared: Ask to claim region [0x3f2f68000 0x3f309e000]
07-18 10:19:57.790   546   564 I ActivityTaskManager: Displayed com.google.android.packageinstaller/com.android.packageinstaller.UninstallerActivity: +1s208ms
07-18 10:19:58.952 13728 13745 D EGL_emulation: app_time_stats: avg=95.06ms min=3.02ms max=1008.45ms count=12
07-18 10:19:59.720   387   518 D AudioFlinger: mixer(0x7b3a07301a70) throttle end: throttle time(31)
07-18 10:19:59.740 13728 13728 D CompatibilityChangeReporter: Compat change id reported: 160794467; UID 10071; state: ENABLED
07-18 10:19:59.752 13728 13728 I UninstallerActivity: Uninstalling extras=Bundle[{com.android.packageinstaller.extra.APP_LABEL=MauiApp1, com.android.packageinstaller.applicationInfo=ApplicationInfo{c8fe675 com.companyname.mauiapp1}, android.intent.extra.UNINSTALL_ALL_USERS=false, com.android.packageinstaller.extra.UNINSTALL_ID=-2147483642}]
07-18 10:19:59.766   546   575 I ActivityManager: Force stopping com.companyname.mauiapp1 appid=10151 user=0: deletePackageX
07-18 10:19:59.771   546   575 I ActivityManager: Killing 13524:com.companyname.mauiapp1/u0a151 (adj 700): stop com.companyname.mauiapp1 due to deletePackageX
07-18 10:19:59.774 13728 13745 D OpenGLRenderer: endAllActiveAnimators on 0x71fdad651890 (RippleDrawable) with handle 0x71fcbd687760
07-18 10:19:59.776   546   577 I libprocessgroup: Successfully killed process cgroup uid 10151 pid 13524 in 0ms
07-18 10:19:59.777   546  1776 W InputManager-JNI: Input channel object '48f74c0 com.google.android.packageinstaller/com.android.packageinstaller.UninstallerActivity (client)' was disposed without first being removed with the input manager!
07-18 10:19:59.795   546   575 W ActivityTaskManager: Force removing ActivityRecord{c5aeb63 u0 com.companyname.mauiapp1/crc64e632a077a20c694c.MainActivity t42 f}}: app died, no saved state
07-18 10:19:59.800   546   575 W InputManager-JNI: Input channel object 'bdcebbb com.companyname.mauiapp1/crc64e632a077a20c694c.MainActivity (client)' was disposed without first being removed with the input manager!
07-18 10:19:59.805   546   574 W UsageStatsService: Unexpected activity event reported! (com.companyname.mauiapp1/crc64e632a077a20c694c.MainActivity event : 23 instanceId : 34062109)
07-18 10:19:59.807   546   546 W NotificationHistory: Attempted to add notif for locked/gone/disabled user 0
07-18 10:19:59.820   546   568 W ActivityTaskManager: Can't find TaskDisplayArea to determine support for multi window. Task id=42 attached=false
07-18 10:19:59.820   546   568 W ActivityTaskManager: Can't find TaskDisplayArea to determine support for multi window. Task id=42 attached=false
07-18 10:19:59.846   359   359 D goldfish-address-space: claimShared: Ask to claim region [0x3f309e000 0x3f36ca000]
07-18 10:19:59.914   546  1062 V ActivityManager: Got obituary of 13524:com.companyname.mauiapp1
07-18 10:19:59.954   338   338 I Zygote  : Process 13524 exited due to signal 9 (Killed)
07-18 10:19:59.979   546   567 W ActivityManager: setHasOverlayUi called on unknown pid: 13524
07-18 10:19:59.984   546   597 I PackageManager: Removing permission com.companyname.mauiapp1.DYNAMIC_RECEIVER_NOT_EXPORTED_PERMISSION that used to be declared by com.companyname.mauiapp1
07-18 10:19:59.984   546   546 W Looper  : Slow dispatch took 173ms main h=com.android.server.job.JobSchedulerService$JobHandler c=null m=7
07-18 10:19:59.985   546   546 W Looper  : Slow delivery took 213ms main h=com.android.server.job.JobSchedulerService$JobHandler c=null m=5
07-18 10:19:59.986   546   597 I PackageManager: Permission ownership changed. Updating all permissions.
--------- beginning of kernel
07-18 10:20:00.228     0     0 I logd    : start watching /data/system/packages.list ...
07-18 10:20:00.239     0     0 I logd    : ReadPackageList, total packages: 153
07-18 10:20:00.273   546   574 W system_server: Long monitor contention with owner PackageManager (597) at void com.android.server.pm.PackageManagerService$PackageManagerInternalImpl.writePermissionSettings(int[], boolean)(PackageManagerService.java:28021) waiters=1 in int com.android.server.pm.PackageManagerService$ComputerLocked.getPackageUidInternal(java.lang.String, int, int, int) for 264ms
07-18 10:20:00.288   546  1776 W system_server: Long monitor contention with owner NetworkPolicy.uid (645) at com.android.server.pm.PackageManagerService$Computer com.android.server.pm.PackageManagerService.snapshotComputer()(PackageManagerService.java:5702) waiters=1 in com.android.server.pm.PackageManagerService$Computer com.android.server.pm.PackageManagerService.snapshotComputer() for 253ms
07-18 10:20:00.293  1295  1295 I GoogleInputMethodService: GoogleInputMethodService.onFinishInput():3420 
07-18 10:20:00.296   546   704 W system_server: Long monitor contention with owner NetworkPolicy.uid (645) at com.android.server.pm.PackageManagerService$Computer com.android.server.pm.PackageManagerService.snapshotComputer()(PackageManagerService.java:5702) waiters=3 in com.android.server.pm.PackageManagerService$Computer com.android.server.pm.PackageManagerService.snapshotComputer() for 255ms
07-18 10:20:00.297  1295  1295 I GoogleInputMethodService: GoogleInputMethodService.onStartInput():2002 
07-18 10:20:00.303   707   707 D InterruptionStateProvider: No bubble up: not allowed to bubble: 0|com.google.android.packageinstaller|-2147483642|null|10071
07-18 10:20:00.303   546   546 W Looper  : Slow dispatch took 318ms main h=android.os.Handler c=null m=1061
07-18 10:20:00.303  1295  1295 I DeviceUnlockedTag: DeviceUnlockedTag.notifyDeviceLockStatusChanged():31 Notify device unlocked.
07-18 10:20:00.308   707   707 D InterruptionStateProvider: No heads up: unimportant notification: 0|com.google.android.packageinstaller|-2147483642|null|10071
07-18 10:20:00.324   546   546 W Looper  : Drained
07-18 10:20:00.343  1422  1422 I GsaVoiceInteractionSrv: Handling ACTION_START_HOTWORD
07-18 10:20:00.346   983  1481 D EGL_emulation: app_time_stats: avg=421.88ms min=8.83ms max=2857.40ms count=7
07-18 10:20:00.348   707   893 D PeopleSpaceWidgetMgr: Sbn doesn't contain valid PeopleTileKey: null/0/com.google.android.packageinstaller
07-18 10:20:00.332   546   564 W Looper  : Slow dispatch took 338ms android.fg h=android.os.Handler c=<recycled PooledLambda@2cedb54> m=0
07-18 10:20:00.350   546  2793 W InputManager-JNI: Input channel object '414eabb com.google.android.packageinstaller/com.android.packageinstaller.UninstallerActivity (client)' was disposed without first being removed with the input manager!
07-18 10:20:00.352  1422  1422 I GsaVoiceInteractionSrv: disregardVoiceMatch: false
07-18 10:20:00.364  1422  1422 I GsaVoiceInteractionSrv: Cannot start hotword, hotword has been explicitly disabled.
07-18 10:20:00.367   546   564 W Looper  : Slow delivery took 373ms android.fg h=android.os.Handler c=<recycled PooledLambda@6885ca5> m=0
07-18 10:20:00.381   398   398 W SurfaceFlinger: couldn't log to binary event log: overflow.
07-18 10:20:00.404   546   597 D PackageManager: Instant App installer not found with android.intent.action.INSTALL_INSTANT_APP_PACKAGE
07-18 10:20:00.404   546   597 D PackageManager: Clear ephemeral installer activity
07-18 10:20:00.453   546   704 W ActivityManager: Unable to start service Intent { act=android.service.smartspace.SmartspaceService cmp=com.google.android.as/com.google.android.apps.miphone.aiai.app.AiAiSmartspaceService } U=0: not found
07-18 10:20:00.455   546   704 W RemoteSmartspaceService: could not bind to Intent { act=android.service.smartspace.SmartspaceService cmp=com.google.android.as/com.google.android.apps.miphone.aiai.app.AiAiSmartspaceService } using flags 67112961
07-18 10:20:00.456   546   546 W ActivityManager: Unbind failed: could not find connection for android.app.LoadedApk$ServiceDispatcher$InnerConnection@3ef582b
07-18 10:20:00.495   707   841 D EGL_emulation: app_time_stats: avg=1356.75ms min=27.78ms max=5275.76ms count=4
07-18 10:20:00.498   546   568 W ActivityTaskManager: Can't find TaskDisplayArea to determine support for multi window. Task id=43 attached=false
07-18 10:20:00.508   546   568 W ActivityTaskManager: Can't find TaskDisplayArea to determine support for multi window. Task id=43 attached=false
07-18 10:20:00.756   359   359 D goldfish-address-space: claimShared: Ask to claim region [0x3f36ca000 0x3f3933000]
07-18 10:20:00.761   546   564 W Looper  : Slow dispatch took 222ms android.fg h=android.os.Handler c=<recycled PooledLambda@6885ca5> m=0
07-18 10:20:00.816   546 13762 D HostConnection: createUnique: call
07-18 10:20:00.831   546 13762 D HostConnection: HostConnection::get() New Host Connection established 0x71fd2d6e2750, tid 13762
07-18 10:20:01.232   546 13762 D HostConnection: HostComposition ext ANDROID_EMU_CHECKSUM_HELPER_v1 ANDROID_EMU_native_sync_v2 ANDROID_EMU_native_sync_v3 ANDROID_EMU_native_sync_v4 ANDROID_EMU_dma_v1 ANDROID_EMU_direct_mem ANDROID_EMU_YUV_Cache ANDROID_EMU_has_shared_slots_host_memory_allocator ANDROID_EMU_sync_buffer_data ANDROID_EMU_read_color_buffer_dma GL_OES_EGL_image_external_essl3 GL_OES_vertex_array_object GL_KHR_texture_compression_astc_ldr ANDROID_EMU_host_side_tracing ANDROID_EMU_gles_max_version_3_0 
07-18 10:20:01.232   546 13762 W OpenGLRenderer: Failed to choose config with EGL_SWAP_BEHAVIOR_PRESERVED, retrying without...
07-18 10:20:01.235   546 13762 W OpenGLRenderer: Failed to initialize 101010-2 format, error = EGL_SUCCESS
07-18 10:20:01.237   546 13762 D EGL_emulation: eglCreateContext: 0x71fd2d6dbb50: maj 3 min 0 rcv 3
07-18 10:20:01.240   546 13762 D EGL_emulation: eglMakeCurrent: 0x71fd2d6dbb50: ver 3 0 (tinfo 0x71ff2f566100) (first time)
07-18 10:20:01.245   546  1775 D HostConnection: createUnique: call
07-18 10:20:01.247   546  1775 D HostConnection: HostConnection::get() New Host Connection established 0x71fd2d68e450, tid 1775
07-18 10:20:01.499   546  1775 D HostConnection: HostComposition ext ANDROID_EMU_CHECKSUM_HELPER_v1 ANDROID_EMU_native_sync_v2 ANDROID_EMU_native_sync_v3 ANDROID_EMU_native_sync_v4 ANDROID_EMU_dma_v1 ANDROID_EMU_direct_mem ANDROID_EMU_YUV_Cache ANDROID_EMU_has_shared_slots_host_memory_allocator ANDROID_EMU_sync_buffer_data ANDROID_EMU_read_color_buffer_dma GL_OES_EGL_image_external_essl3 GL_OES_vertex_array_object GL_KHR_texture_compression_astc_ldr ANDROID_EMU_host_side_tracing ANDROID_EMU_gles_max_version_3_0 
07-18 10:20:01.729   546   597 I system_server: Explicit concurrent copying GC freed 347566(14MB) AllocSpace objects, 13(348KB) LOS objects, 50% free, 20MB/40MB, paused 541us,95us total 1.268s
07-18 10:20:01.772   546   564 W Looper  : Drained
07-18 10:20:01.773   546   575 D CompatibilityChangeReporter: Compat change id reported: 168419799; UID 10071; state: DISABLED
07-18 10:20:01.778 13728 13728 I UninstallFinish: Uninstall finished extras=Bundle[{android.content.pm.extra.STATUS=0, android.content.pm.extra.PACKAGE_NAME=com.companyname.mauiapp1, com.android.packageinstaller.extra.APP_LABEL=MauiApp1, com.android.packageinstaller.applicationInfo=ApplicationInfo{c0574f1 com.companyname.mauiapp1}, android.intent.extra.UNINSTALL_ALL_USERS=false, android.content.pm.extra.LEGACY_STATUS=1, com.android.packageinstaller.extra.UNINSTALL_ID=-2147483642, android.content.pm.extra.STATUS_MESSAGE=DELETE_SUCCEEDED}]
07-18 10:20:01.785 13728 13728 D CompatibilityChangeReporter: Compat change id reported: 147798919; UID 10071; state: ENABLED
07-18 10:20:01.792   546   597 I ActivityManager: Force stopping com.companyname.mauiapp1 appid=10151 user=0: pkg removed
07-18 10:20:01.885   546   546 D CompatibilityChangeReporter: Compat change id reported: 175319604; UID 1000; state: ENABLED
07-18 10:20:01.953   983  1005 I s.nexuslaunche: Background concurrent copying GC freed 23353(993KB) AllocSpace objects, 4(280KB) LOS objects, 49% free, 4796KB/9593KB, paused 70us,18us total 125.939ms
07-18 10:20:01.953   983  1005 W s.nexuslaunche: Reducing the number of considered missed Gc histogram windows from 117 to 100
07-18 10:20:01.974   983  1008 W System  : A resource failed to call release. 
07-18 10:20:01.975   983  1008 W System  : A resource failed to call release. 
07-18 10:20:01.976   983  1008 W System  : A resource failed to call release. 
07-18 10:20:02.013   546   564 W Looper  : Slow dispatch took 130ms android.fg h=android.os.Handler c=com.android.server.utils.quota.QuotaTracker$$ExternalSyntheticLambda1@2113993 m=0
07-18 10:20:02.028   707   893 D PeopleSpaceWidgetMgr: Sbn doesn't contain valid PeopleTileKey: null/0/com.google.android.packageinstaller
07-18 10:20:02.049  1397  1397 I MediaProvider: Invalidating LocalCallingIdentity cache for package com.companyname.mauiapp1. Reason: package android.intent.action.PACKAGE_REMOVED
07-18 10:20:02.060   546   564 D CompanionDeviceManagerService: onPackageRemoved(packageName = com.companyname.mauiapp1, uid = 10151)
07-18 10:20:02.062   546   564 I CompanionDeviceManagerService: Updating associations: []  -->  []
07-18 10:20:02.081   546   638 V StorageManagerService: Package com.companyname.mauiapp1 does not have legacy storage
07-18 10:20:02.087   699   699 V MediaPlayerList: mPackageChangedBroadcastReceiver: action: android.intent.action.PACKAGE_REMOVED
07-18 10:20:02.109  1422  1422 I GsaVoiceInteractionSrv: O received Intent { act=android.intent.action.PACKAGE_REMOVED dat=package:com.companyname.mauiapp1 flg=0x4000010 (has extras) }
07-18 10:20:02.122   546   623 I RoleService: Granting default roles...
07-18 10:20:02.174   707   841 D EGL_emulation: app_time_stats: avg=833.85ms min=772.67ms max=895.02ms count=2
07-18 10:20:02.177   546   628 I InputReader: Reconfiguring input devices, changes=KEYBOARD_LAYOUTS | 
07-18 10:20:02.184   546   617 I RollbackManager: broadcast=ACTION_PACKAGE_FULLY_REMOVED pkg=com.companyname.mauiapp1
07-18 10:20:02.189   359   359 D goldfish-address-space: claimShared: Ask to claim region [0x3f3933000 0x3f3977000]
07-18 10:20:02.196   359   359 D goldfish-address-space: claimShared: Ask to claim region [0x3f3977000 0x3f39bb000]
07-18 10:20:02.203   359   359 D goldfish-address-space: claimShared: Ask to claim region [0x3f39bb000 0x3f39ff000]
07-18 10:20:02.248   546   575 W BroadcastQueue: Background execution not allowed: receiving Intent { act=android.intent.action.PACKAGE_REMOVED dat=package:com.companyname.mauiapp1 flg=0x4000010 (has extras) } to com.google.android.gms/.games.chimera.GamesSystemBroadcastReceiverProxy
07-18 10:20:02.250   337  9938 I netd    : trafficSwapActiveStatsMap() <21.81ms>
07-18 10:20:02.278   546   623 D ActivityManager: pid 6542 com.google.android.permissioncontroller  received async transactions while frozen
07-18 10:20:02.278   337  9938 I netd    : tetherGetStats() -> {[]} <9.93ms>
07-18 10:20:02.279   546   623 D ActivityManager: sync unfroze 6542 com.google.android.permissioncontroller
07-18 10:20:02.337   546   564 W Looper  : Slow dispatch took 277ms android.fg h=android.os.Handler c=android.app.LoadedApk$ReceiverDispatcher$Args$$ExternalSyntheticLambda0@fca8ad7 m=0
07-18 10:20:02.343   546   564 W Looper  : Slow delivery took 271ms android.fg h=android.os.Handler c=android.app.LoadedApk$ReceiverDispatcher$Args$$ExternalSyntheticLambda0@c2fd73 m=0
07-18 10:20:02.384   546   575 W BroadcastQueue: Background execution not allowed: receiving Intent { act=android.intent.action.PACKAGE_REMOVED dat=package:com.companyname.mauiapp1 flg=0x4000010 (has extras) } to com.google.android.gms/.chimera.GmsIntentOperationService$PersistentTrustedReceiver
07-18 10:20:02.386   546   575 W BroadcastQueue: Background execution not allowed: receiving Intent { act=android.intent.action.PACKAGE_REMOVED dat=package:com.companyname.mauiapp1 flg=0x4000010 (has extras) } to com.google.android.googlequicksearchbox/com.google.android.apps.gsa.googlequicksearchbox.GelStubAppWatcher
07-18 10:20:02.399   546   575 D CompatibilityChangeReporter: Compat change id reported: 135634846; UID 10108; state: DISABLED
07-18 10:20:02.410   546   576 D CompatibilityChangeReporter: Compat change id reported: 143937733; UID 10108; state: ENABLED
07-18 10:20:02.435   338   338 D Zygote  : Forked child process 13765
07-18 10:20:02.522   546   546 D ActivityManager: pid 7983 com.android.keychain  received async transactions while frozen
07-18 10:20:02.524   546   546 D ActivityManager: sync unfroze 7983 com.android.keychain
07-18 10:20:02.568 13765 13765 W .android.chrom: Unexpected CPU variant for X86 using defaults: x86_64
07-18 10:20:02.615   430   443 I adbd    : jdwp connection from 13765
07-18 10:20:02.618   546   546 W Looper  : Slow dispatch took 565ms main h=android.app.ActivityThread$H c=android.app.LoadedApk$ReceiverDispatcher$Args$$ExternalSyntheticLambda0@7a202d5 m=0
07-18 10:20:02.624   546   576 W ActivityManager: Slow operation: 225ms so far, now at startProcess: done updating battery stats
07-18 10:20:02.629   546   576 W ActivityManager: Slow operation: 230ms so far, now at startProcess: building log message
07-18 10:20:02.640   546   576 I ActivityManager: Start proc 13765:com.android.chrome/u0a108 for broadcast {com.android.chrome/org.chromium.chrome.browser.browserservices.ClientAppBroadcastReceiver}
07-18 10:20:02.641   546   576 W ActivityManager: Slow operation: 242ms so far, now at startProcess: starting to update pids map
07-18 10:20:02.643   546   546 W Looper  : Slow delivery took 567ms main h=android.app.ActivityThread$H c=android.app.LoadedApk$ReceiverDispatcher$Args$$ExternalSyntheticLambda0@2964aea m=0
07-18 10:20:02.654   546   576 W ActivityManager: Slow operation: 255ms so far, now at startProcess: done updating pids map
07-18 10:20:02.673   546   564 W Looper  : Drained
07-18 10:20:02.702  6542 13764 W Role    : Cannot get ApplicationInfo for default holder: com.google.android.contacts
07-18 10:20:02.715  6542 13764 W Role    : Cannot get ApplicationInfo for default holder: com.google.android.as
07-18 10:20:02.724  2924  2924 D CarrierSvcBindHelper: No carrier app for: 0
07-18 10:20:02.729   546   574 I CompanionDeviceManagerService: Writing associations to disk: []
07-18 10:20:02.740   546   546 W WifiService: Couldn't get PackageInfo for package:com.companyname.mauiapp1
07-18 10:20:02.741   546   546 D WifiService: Remove settings for package:com.companyname.mauiapp1
07-18 10:20:02.760   546   546 I GameManagerService: Disabling downscale for com.companyname.mauiapp1
07-18 10:20:02.786   546   646 D WifiConfigManager: Remove all networks for app ApplicationInfo{8a63f89 com.companyname.mauiapp1}
07-18 10:20:02.855   546   546 W Looper  : Slow dispatch took 113ms main h=android.app.ActivityThread$H c=android.app.LoadedApk$ReceiverDispatcher$Args$$ExternalSyntheticLambda0@2677cb m=0
07-18 10:20:02.857   337  9938 I netd    : trafficSetNetPermForUids(-1, [10151]) <0.07ms>
07-18 10:20:02.866   546   546 I Telecom : CarModeTracker: Package com.companyname.mauiapp1 is not tracked.: SSH.oR@ALs
07-18 10:20:02.867   546   546 I Telecom : InCallController: updateCarModeForConnections: car mode apps: : SSH.oR@ALs
07-18 10:20:02.908   546   546 W WifiService: Couldn't get PackageInfo for package:com.companyname.mauiapp1
07-18 10:20:02.908   546   546 D WifiService: Remove settings for package:com.companyname.mauiapp1
07-18 10:20:02.920   546   564 W Looper  : Slow dispatch took 108ms android.fg h=android.os.Handler c=<recycled PooledLambda@e4b8af2> m=0
07-18 10:20:02.926   337  9938 I netd    : bandwidthRemoveInterfaceQuota(eth0) <3.78ms>
07-18 10:20:02.931   337  9938 I netd    : bandwidthSetInterfaceQuota(eth0, 9223372036854775807) <3.79ms>
07-18 10:20:02.979 13765 13765 D CompatibilityChangeReporter: Compat change id reported: 171979766; UID 10108; state: DISABLED
07-18 10:20:02.982   546   546 I ConditionProviders: Disallowing condition provider com.companyname.mauiapp1 (userSet: true)
07-18 10:20:02.997   546   646 D WifiConfigStore: Writing to stores completed in 37 ms.
07-18 10:20:02.999   546   646 I PasspointManager: No app ops listener found for com.companyname.mauiapp1
07-18 10:20:03.000   546   646 D WifiConfigManager: Remove all networks for app ApplicationInfo{f8d006d com.companyname.mauiapp1}
07-18 10:20:03.011   387 10054 D AF::TrackHandle: OpPlayAudio: track:55 usage:13 not muted
07-18 10:20:03.011   387 10054 D AF::TrackHandle: OpPlayAudio: track:55 usage:13 not muted
07-18 10:20:03.018   387 10054 D AF::TrackHandle: OpPlayAudio: track:55 usage:13 not muted
07-18 10:20:03.019   337  9938 I netd    : trafficSwapActiveStatsMap() <44.36ms>
07-18 10:20:03.025   337  9938 I netd    : tetherGetStats() -> {[]} <2.96ms>
07-18 10:20:03.035   387  4979 D AF::TrackHandle: OpPlayAudio: track:55 usage:13 not muted
07-18 10:20:03.036   387  4979 D AF::TrackHandle: OpPlayAudio: track:55 usage:13 not muted
07-18 10:20:03.037   387  4979 D AF::TrackHandle: OpPlayAudio: track:55 usage:13 not muted
07-18 10:20:03.037   387  4979 D AF::TrackHandle: OpPlayAudio: track:55 usage:13 not muted
07-18 10:20:03.041   387   387 D AF::TrackHandle: OpPlayAudio: track:55 usage:13 not muted
07-18 10:20:03.042   387   387 D AF::TrackHandle: OpPlayAudio: track:55 usage:13 not muted
07-18 10:20:03.045   387  4979 D AF::TrackHandle: OpPlayAudio: track:55 usage:13 not muted
07-18 10:20:03.047   387  4979 D AF::TrackHandle: OpPlayAudio: track:55 usage:13 not muted
07-18 10:20:03.057   387  4979 D AF::TrackHandle: OpPlayAudio: track:55 usage:13 not muted
07-18 10:20:03.115   546   546 W Looper  : Drained
07-18 10:20:03.127  6542 13764 W Role    : Cannot get ApplicationInfo for default holder: com.google.android.as
07-18 10:20:03.136   546   646 D WifiConfigStore: Writing to stores completed in 64 ms.
07-18 10:20:03.136   546   646 I PasspointManager: No app ops listener found for com.companyname.mauiapp1
07-18 10:20:03.138   387  4979 D AF::TrackHandle: OpPlayAudio: track:55 usage:13 not muted
07-18 10:20:03.139   387  4979 D AF::TrackHandle: OpPlayAudio: track:55 usage:13 not muted
07-18 10:20:03.145   387  4979 D AF::TrackHandle: OpPlayAudio: track:55 usage:13 not muted
07-18 10:20:03.146   387  4979 D AF::TrackHandle: OpPlayAudio: track:55 usage:13 not muted
07-18 10:20:03.148  5425 13781 I PackageIntentOperation: Feature flags not enabled, skipping. [CONTEXT service_id=258 ]
07-18 10:20:03.162  6542 13764 W Role    : Cannot get ApplicationInfo for default holder: com.google.android.as
07-18 10:20:03.184  5425  5455 I ContentMaintenance: Internal cache bytes used: 0; limit: 100000000; download size: 0
07-18 10:20:03.186   983   983 D Launcher.Model: package removed received com.companyname.mauiapp1
07-18 10:20:03.187   983  1064 D PackageUpdatedTask: Removing app iconcom.companyname.mauiapp1
07-18 10:20:03.193 13765 13765 V GraphicsEnvironment: ANGLE Developer option for 'com.android.chrome' set to: 'default'
07-18 10:20:03.193 13765 13765 V GraphicsEnvironment: Neither updatable production driver nor prerelease driver is supported.
07-18 10:20:03.206 13765 13765 D NetworkSecurityConfig: Using Network Security Config from resource 0_resource_name_obfuscated debugBuild: false
07-18 10:20:03.246   983  1064 D ModelWriter: removing items from db 
07-18 10:20:03.246   983  1064 D ModelWriter: java.lang.Exception
07-18 10:20:03.246   983  1064 D ModelWriter: 	at com.android.launcher3.model.ModelWriter.deleteItemsFromDatabase(SourceFile:8)
07-18 10:20:03.246   983  1064 D ModelWriter: 	at com.android.launcher3.model.ModelWriter.deleteItemsFromDatabase(SourceFile:4)
07-18 10:20:03.246   983  1064 D ModelWriter: 	at com.android.launcher3.model.BaseModelUpdateTask.deleteAndBindComponentsRemoved(SourceFile:1)
07-18 10:20:03.246   983  1064 D ModelWriter: 	at com.android.launcher3.model.PackageUpdatedTask.execute(SourceFile:82)
07-18 10:20:03.246   983  1064 D ModelWriter: 	at com.android.launcher3.model.BaseModelUpdateTask.run(SourceFile:2)
07-18 10:20:03.246   983  1064 D ModelWriter: 	at android.os.Handler.handleCallback(Handler.java:938)
07-18 10:20:03.246   983  1064 D ModelWriter: 	at android.os.Handler.dispatchMessage(Handler.java:99)
07-18 10:20:03.246   983  1064 D ModelWriter: 	at android.os.Looper.loopOnce(Looper.java:201)
07-18 10:20:03.246   983  1064 D ModelWriter: 	at android.os.Looper.loop(Looper.java:288)
07-18 10:20:03.246   983  1064 D ModelWriter: 	at android.os.HandlerThread.run(HandlerThread.java:67)
07-18 10:20:03.246 13765 13765 D NetworkSecurityConfig: Using Network Security Config from resource 0_resource_name_obfuscated debugBuild: false
07-18 10:20:03.257   337  9938 I netd    : bandwidthRemoveInterfaceQuota(eth0) <3.58ms>
07-18 10:20:03.276   337  9938 I netd    : bandwidthSetInterfaceQuota(eth0, 9223372036854775807) <2.91ms>
07-18 10:20:03.296   983  1481 D EGL_emulation: app_time_stats: avg=486.31ms min=6.81ms max=2839.33ms count=6
07-18 10:20:03.375  5425  5455 I RealtimeCacheCleanup: Beginning Realtime garbage collection.
07-18 10:20:03.389  5425 13792 W SQLiteLog: (28) double-quoted string literal: "com.companyname.mauiapp1"
07-18 10:20:03.414  5425  5455 I RealtimeCacheCleanup: Finished Realtime garbage collection.
07-18 10:20:03.483  5425  5455 I Icing   : doRemovePackageData com.companyname.mauiapp1
07-18 10:20:03.573  1106 13785 I Fitness : FitCleanupIntentOperation received Intent android.intent.action.PACKAGE_REMOVED [CONTEXT service_id=17 ]
07-18 10:20:03.651  1106  1939 I FontLog : Received query Google Sans, URI content://com.google.android.gms.fonts [CONTEXT service_id=132 ]
07-18 10:20:03.652  1106  1939 I FontLog : Query [Google Sans] resolved to {Google Sans, wdth 100.0, wght 400, ital 0.0, bestEffort false} [CONTEXT service_id=132 ]
07-18 10:20:03.669  5425  5496 I Icing   : IndexChimeraService.getServiceInterface callingPackage=com.google.android.gms componentName=AppsCorpus serviceId=36
07-18 10:20:03.707  1106  1939 I FontLog : Font PFD returned from cache for {Google Sans, wdth 100.0, wght 400, ital 0.0, bestEffort false} [CONTEXT service_id=132 ]
07-18 10:20:03.711  1106  1939 I FontLog : Fetch {Google Sans, wdth 100.0, wght 400, ital 0.0, bestEffort false} end status Status{statusCode=SUCCESS, resolution=null} [CONTEXT service_id=132 ]
07-18 10:20:03.721  5425  5425 D BoundBrokerSvc: onBind: Intent { act=com.google.android.gms.feedback.internal.IFeedbackService dat=chimera-action: cmp=com.google.android.gms/.chimera.GmsBoundBrokerService }
07-18 10:20:03.721  5425  5425 D BoundBrokerSvc: Loading bound service for intent: Intent { act=com.google.android.gms.feedback.internal.IFeedbackService dat=chimera-action: cmp=com.google.android.gms/.chimera.GmsBoundBrokerService }
07-18 10:20:03.734  1106  1939 I FontLog : Pulling font file for id = 22, cache size = 5 [CONTEXT service_id=132 ]
07-18 10:20:03.768  1106  2173 I FontLog : Received query Google Sans:500, URI content://com.google.android.gms.fonts [CONTEXT service_id=132 ]
07-18 10:20:03.769  1106  2173 I FontLog : Query [Google Sans:500] resolved to {Google Sans, wdth 100.0, wght 500, ital 0.0, bestEffort false} [CONTEXT service_id=132 ]
07-18 10:20:03.776  1106  2173 I FontLog : Font PFD returned from cache for {Google Sans, wdth 100.0, wght 500, ital 0.0, bestEffort false} [CONTEXT service_id=132 ]
07-18 10:20:03.783  1106  2173 I FontLog : Fetch {Google Sans, wdth 100.0, wght 500, ital 0.0, bestEffort false} end status Status{statusCode=SUCCESS, resolution=null} [CONTEXT service_id=132 ]
07-18 10:20:03.803  1106  1939 I FontLog : Pulling font file for id = 23, cache size = 4 [CONTEXT service_id=132 ]
07-18 10:20:03.818  5425  5455 W Icing   : No valid account for uploading user actions
07-18 10:20:03.832  1106  1939 I FontLog : Received query Google Sans:700, URI content://com.google.android.gms.fonts [CONTEXT service_id=132 ]
07-18 10:20:03.833  1106  1939 I FontLog : Query [Google Sans:700] resolved to {Google Sans, wdth 100.0, wght 700, ital 0.0, bestEffort false} [CONTEXT service_id=132 ]
07-18 10:20:03.844  6542 13764 W Role    : Cannot get ApplicationInfo for default holder: com.google.android.as
07-18 10:20:03.851  1106  1939 I FontLog : Fetch {Google Sans, wdth 100.0, wght 700, ital 0.0, bestEffort false} end status Status{statusCode=SUCCESS, resolution=null} [CONTEXT service_id=132 ]
07-18 10:20:03.864  1106  1939 I FontLog : Pulling font file for id = 24, cache size = 4 [CONTEXT service_id=132 ]
07-18 10:20:03.918  5425  5455 I Icing   : Usage reports ok 0, Failed Usage reports 0, indexed 0, rejected 0
07-18 10:20:03.948  5425  5455 I Icing   : Indexing com.google.android.gms-apps from com.google.android.gms
07-18 10:20:03.976  5425  5455 I Icing   : Indexing done com.google.android.gms-apps
07-18 10:20:04.064  5425  5496 I Icing   : IndexChimeraService.getServiceInterface callingPackage=com.google.android.gms componentName=null serviceId=30
07-18 10:20:04.086  5425  5455 W Icing   : No valid account for uploading user actions
07-18 10:20:04.104  5425  5455 I Icing   : Usage reports ok 0, Failed Usage reports 0, indexed 0, rejected 0
07-18 10:20:04.181  6542  6553 W ssioncontrolle: Reducing the number of considered missed Gc histogram windows from 116 to 100
07-18 10:20:04.294  6542 13764 W Role    : Cannot get ApplicationInfo for default holder: com.google.android.as
07-18 10:20:04.310  6542 13764 W Role    : Cannot get ApplicationInfo for default holder: com.google.android.as
07-18 10:20:04.420  5849  5863 W .apps.wellbein: Reducing the number of considered missed Gc histogram windows from 116 to 100
07-18 10:20:04.497   707   707 D TileServices: Couldn't find tile for ComponentInfo{com.google.android.apps.wellbeing/com.google.android.apps.wellbeing.focusmode.quicksettings.FocusModeTileService}
07-18 10:20:04.501   546  2750 D CompatibilityChangeReporter: Compat change id reported: 135634846; UID 10067; state: DISABLED
07-18 10:20:04.502   546  2750 D CompatibilityChangeReporter: Compat change id reported: 177438394; UID 10067; state: DISABLED
07-18 10:20:04.503   546  2750 D CompatibilityChangeReporter: Compat change id reported: 135772972; UID 10067; state: DISABLED
07-18 10:20:04.504   546  2750 D CompatibilityChangeReporter: Compat change id reported: 135754954; UID 10067; state: ENABLED
07-18 10:20:04.505   546   576 D CompatibilityChangeReporter: Compat change id reported: 143937733; UID 10067; state: ENABLED
07-18 10:20:04.538   338   338 D Zygote  : Forked child process 13811
07-18 10:20:04.541   546   576 I ActivityManager: Start proc 13811:com.google.android.documentsui/u0a67 for broadcast {com.google.android.documentsui/com.android.documentsui.PackageReceiver}
07-18 10:20:04.646 13811 13811 W oid.documentsu: Unexpected CPU variant for X86 using defaults: x86_64
07-18 10:20:04.700   430   443 I adbd    : jdwp connection from 13811
