07-18 09:44:28.994  9797  9797 W monodroid-assembly:    at Android.Runtime.DynamicMethodNameCounter.5(IntPtr , IntPtr , IntPtr , IntPtr , Int32 , Int64 )
07-18 09:44:29.085   359   359 D goldfish-address-space: claimShared: Ask to claim region [0x3f3300000 0x3f3630000]
07-18 09:44:29.088   359   359 D goldfish-address-space: claimShared: Ask to claim region [0x3f3630000 0x3f3960000]
07-18 09:44:29.089   359   359 D goldfish-address-space: claimShared: Ask to claim region [0x3f3960000 0x3f3c90000]
07-18 09:44:29.201  9797  9816 D EGL_emulation: app_time_stats: avg=27.46ms min=1.98ms max=342.29ms count=35
07-18 09:44:29.855   546   800 W InputManager-JNI: Input channel object '2d719b2 Info (client)' was disposed without first being removed with the input manager!
07-18 09:44:29.861  9797  9797 W InputEventReceiver: Attempted to finish an input event but the input event receiver has already been disposed.
07-18 09:44:29.882  1295  1295 I GoogleInputMethodService: GoogleInputMethodService.onFinishInput():3420 
07-18 09:44:29.882  1295  1295 I GoogleInputMethodService: GoogleInputMethodService.onStartInput():2002 
07-18 09:44:29.883  1295  1295 I DeviceUnlockedTag: DeviceUnlockedTag.notifyDeviceLockStatusChanged():31 Notify device unlocked.
07-18 09:44:30.511   546   582 D KernelCpuUidUserSysTimeReader: Removing uids 10150-10150
07-18 09:44:30.512   546   582 D KernelCpuUidUserSysTimeReader: Removing uids 10145-10145
07-18 09:44:30.513   546   582 D KernelCpuUidUserSysTimeReader: Removing uids 10147-10147
07-18 09:44:30.649  9797  9816 D EGL_emulation: app_time_stats: avg=23.21ms min=1.65ms max=749.88ms count=39
07-18 09:44:31.203  9797  9797 I monodroid-assembly: typemap: unable to find mapping to a managed type from Java type 'com/android/internal/policy/PhoneWindow'
07-18 09:44:31.204  9797  9797 W monodroid-assembly: typemap: called from
07-18 09:44:31.204  9797  9797 W monodroid-assembly: at Java.Interop.TypeManager.GetJavaToManagedType(String class_name)
07-18 09:44:31.204  9797  9797 W monodroid-assembly:    at Java.Interop.TypeManager.CreateInstance(IntPtr handle, JniHandleOwnership transfer, Type targetType)
07-18 09:44:31.205  9797  9797 W monodroid-assembly:    at Java.Lang.Object.GetObject(IntPtr handle, JniHandleOwnership transfer, Type type)
07-18 09:44:31.205  9797  9797 W monodroid-assembly:    at Java.Lang.Object._GetObject[Window](IntPtr handle, JniHandleOwnership transfer)
07-18 09:44:31.205  9797  9797 W monodroid-assembly:    at Java.Lang.Object.GetObject[Window](IntPtr handle, JniHandleOwnership transfer)
07-18 09:44:31.205  9797  9797 W monodroid-assembly:    at Android.App.Dialog.get_Window()
07-18 09:44:31.205  9797  9797 W monodroid-assembly:    at Microsoft.Maui.Controls.Platform.AlertManager.AlertRequestHelper.FlexibleAlertDialog.get_Window()
07-18 09:44:31.206  9797  9797 W monodroid-assembly:    at Microsoft.Maui.Controls.Platform.AlertManager.AlertRequestHelper.OnAlertRequested(IView sender, AlertArguments arguments)
07-18 09:44:31.206  9797  9797 W monodroid-assembly:    at System.Reflection.RuntimeMethodInfo.InternalInvoke(RuntimeMethodInfo , Object , IntPtr* , Exception& )
07-18 09:44:31.206  9797  9797 W monodroid-assembly:    at System.Reflection.MethodInvoker.InterpretedInvoke(Object obj, IntPtr* args)
07-18 09:44:31.207  9797  9797 W monodroid-assembly:    at System.Reflection.MethodInvoker.Invoke(Object obj, IntPtr* args, BindingFlags invokeAttr)
07-18 09:44:31.207  9797  9797 W monodroid-assembly:    at System.Reflection.RuntimeMethodInfo.Invoke(Object obj, BindingFlags invokeAttr, Binder binder, Object[] parameters, CultureInfo culture)
07-18 09:44:31.207  9797  9797 W monodroid-assembly:    at System.Reflection.MethodBase.Invoke(Object obj, Object[] parameters)
07-18 09:44:31.208  9797  9797 W monodroid-assembly:    at Microsoft.Maui.Controls.MessagingCenter.Subscription.InvokeCallback(Object sender, Object args)
07-18 09:44:31.208  9797  9797 W monodroid-assembly:    at Microsoft.Maui.Controls.MessagingCenter.InnerSend(String message, Type senderType, Type argType, Object sender, Object args)
07-18 09:44:31.209  9797  9797 W monodroid-assembly:    at Microsoft.Maui.Controls.MessagingCenter.Microsoft.Maui.Controls.IMessagingCenter.Send[Page,AlertArguments](Page sender, String message, AlertArguments args)
07-18 09:44:31.209  9797  9797 W monodroid-assembly:    at Microsoft.Maui.Controls.MessagingCenter.Send[Page,AlertArguments](Page sender, String message, AlertArguments args)
07-18 09:44:31.209  9797  9797 W monodroid-assembly:    at Microsoft.Maui.Controls.Page.DisplayAlert(String title, String message, String accept, String cancel, FlowDirection flowDirection)
07-18 09:44:31.209  9797  9797 W monodroid-assembly:    at Microsoft.Maui.Controls.Page.DisplayAlert(String title, String message, String cancel)
07-18 09:44:31.209  9797  9797 W monodroid-assembly:    at MauiApp1.MainPage.ListView_ItemSelected(Object sender, SelectedItemChangedEventArgs e)
07-18 09:44:31.209  9797  9797 W monodroid-assembly:    at Microsoft.Maui.Controls.ListView.OnSelectedItemChanged(BindableObject bindable, Object oldValue, Object newValue)
07-18 09:44:31.210  9797  9797 W monodroid-assembly:    at Microsoft.Maui.Controls.BindableObject.SetValueActual(BindableProperty property, BindablePropertyContext context, Object value, Boolean currentlyApplying, SetValueFlags attributes, Boolean silent)
07-18 09:44:31.210  9797  9797 W monodroid-assembly:    at Microsoft.Maui.Controls.BindableObject.SetValueCore(BindableProperty property, Object value, SetValueFlags attributes, SetValuePrivateFlags privateAttributes)
07-18 09:44:31.210  9797  9797 W monodroid-assembly:    at Microsoft.Maui.Controls.BindableObject.SetValueCore(BindableProperty property, Object value, SetValueFlags attributes)
07-18 09:44:31.211  9797  9797 W monodroid-assembly:    at Microsoft.Maui.Controls.ListView.NotifyRowTapped(Int32 groupIndex, Int32 inGroupIndex, Cell cell)
07-18 09:44:31.211  9797  9797 W monodroid-assembly:    at Microsoft.Maui.Controls.ListView.NotifyRowTapped(Int32 index, Cell cell)
07-18 09:44:31.211  9797  9797 W monodroid-assembly:    at Microsoft.Maui.Controls.Handlers.Compatibility.ListViewAdapter.HandleItemClick(AdapterView parent, View view, Int32 position, Int64 id)
07-18 09:44:31.211  9797  9797 W monodroid-assembly:    at Microsoft.Maui.Controls.Handlers.Compatibility.CellAdapter.OnItemClick(AdapterView parent, View view, Int32 position, Int64 id)
07-18 09:44:31.212  9797  9797 W monodroid-assembly:    at Android.Widget.AdapterView.IOnItemClickListenerInvoker.n_OnItemClick_Landroid_widget_AdapterView_Landroid_view_View_IJ(IntPtr jnienv, IntPtr native__this, IntPtr native_parent, IntPtr native_view, Int32 position, Int64 id)
07-18 09:44:31.212  9797  9797 W monodroid-assembly:    at Android.Runtime.DynamicMethodNameCounter.5(IntPtr , IntPtr , IntPtr , IntPtr , Int32 , Int64 )
07-18 09:44:31.220  9797  9797 I monodroid-assembly: typemap: unable to find mapping to a managed type from Java type 'com/android/internal/policy/DecorView'
07-18 09:44:31.221  9797  9797 W monodroid-assembly: typemap: called from
07-18 09:44:31.221  9797  9797 W monodroid-assembly: at Java.Interop.TypeManager.GetJavaToManagedType(String class_name)
07-18 09:44:31.221  9797  9797 W monodroid-assembly:    at Java.Interop.TypeManager.CreateInstance(IntPtr handle, JniHandleOwnership transfer, Type targetType)
07-18 09:44:31.221  9797  9797 W monodroid-assembly:    at Java.Lang.Object.GetObject(IntPtr handle, JniHandleOwnership transfer, Type type)
07-18 09:44:31.222  9797  9797 W monodroid-assembly:    at Java.Lang.Object._GetObject[View](IntPtr handle, JniHandleOwnership transfer)
07-18 09:44:31.222  9797  9797 W monodroid-assembly:    at Java.Lang.Object.GetObject[View](IntPtr handle, JniHandleOwnership transfer)
07-18 09:44:31.222  9797  9797 W monodroid-assembly:    at Android.Views.WindowInvoker.get_DecorView()
07-18 09:44:31.223  9797  9797 W monodroid-assembly:    at Microsoft.Maui.Controls.Platform.AlertManager.AlertRequestHelper.OnAlertRequested(IView sender, AlertArguments arguments)
07-18 09:44:31.223  9797  9797 W monodroid-assembly:    at System.Reflection.RuntimeMethodInfo.InternalInvoke(RuntimeMethodInfo , Object , IntPtr* , Exception& )
07-18 09:44:31.223  9797  9797 W monodroid-assembly:    at System.Reflection.MethodInvoker.InterpretedInvoke(Object obj, IntPtr* args)
07-18 09:44:31.223  9797  9797 W monodroid-assembly:    at System.Reflection.MethodInvoker.Invoke(Object obj, IntPtr* args, BindingFlags invokeAttr)
07-18 09:44:31.223  9797  9797 W monodroid-assembly:    at System.Reflection.RuntimeMethodInfo.Invoke(Object obj, BindingFlags invokeAttr, Binder binder, Object[] parameters, CultureInfo culture)
07-18 09:44:31.223  9797  9797 W monodroid-assembly:    at System.Reflection.MethodBase.Invoke(Object obj, Object[] parameters)
07-18 09:44:31.224  9797  9797 W monodroid-assembly:    at Microsoft.Maui.Controls.MessagingCenter.Subscription.InvokeCallback(Object sender, Object args)
07-18 09:44:31.224  9797  9797 W monodroid-assembly:    at Microsoft.Maui.Controls.MessagingCenter.InnerSend(String message, Type senderType, Type argType, Object sender, Object args)
07-18 09:44:31.224  9797  9797 W monodroid-assembly:    at Microsoft.Maui.Controls.MessagingCenter.Microsoft.Maui.Controls.IMessagingCenter.Send[Page,AlertArguments](Page sender, String message, AlertArguments args)
07-18 09:44:31.224  9797  9797 W monodroid-assembly:    at Microsoft.Maui.Controls.MessagingCenter.Send[Page,AlertArguments](Page sender, String message, AlertArguments args)
07-18 09:44:31.225  9797  9797 W monodroid-assembly:    at Microsoft.Maui.Controls.Page.DisplayAlert(String title, String message, String accept, String cancel, FlowDirection flowDirection)
07-18 09:44:31.225  9797  9797 W monodroid-assembly:    at Microsoft.Maui.Controls.Page.DisplayAlert(String title, String message, String cancel)
07-18 09:44:31.225  9797  9797 W monodroid-assembly:    at MauiApp1.MainPage.ListView_ItemSelected(Object sender, SelectedItemChangedEventArgs e)
07-18 09:44:31.225  9797  9797 W monodroid-assembly:    at Microsoft.Maui.Controls.ListView.OnSelectedItemChanged(BindableObject bindable, Object oldValue, Object newValue)
07-18 09:44:31.226  9797  9797 W monodroid-assembly:    at Microsoft.Maui.Controls.BindableObject.SetValueActual(BindableProperty property, BindablePropertyContext context, Object value, Boolean currentlyApplying, SetValueFlags attributes, Boolean silent)
07-18 09:44:31.226  9797  9797 W monodroid-assembly:    at Microsoft.Maui.Controls.BindableObject.SetValueCore(BindableProperty property, Object value, SetValueFlags attributes, SetValuePrivateFlags privateAttributes)
07-18 09:44:31.227  9797  9797 W monodroid-assembly:    at Microsoft.Maui.Controls.BindableObject.SetValueCore(BindableProperty property, Object value, SetValueFlags attributes)
07-18 09:44:31.227  9797  9797 W monodroid-assembly:    at Microsoft.Maui.Controls.ListView.NotifyRowTapped(Int32 groupIndex, Int32 inGroupIndex, Cell cell)
07-18 09:44:31.227  9797  9797 W monodroid-assembly:    at Microsoft.Maui.Controls.ListView.NotifyRowTapped(Int32 index, Cell cell)
07-18 09:44:31.227  9797  9797 W monodroid-assembly:    at Microsoft.Maui.Controls.Handlers.Compatibility.ListViewAdapter.HandleItemClick(AdapterView parent, View view, Int32 position, Int64 id)
07-18 09:44:31.228  9797  9797 W monodroid-assembly:    at Microsoft.Maui.Controls.Handlers.Compatibility.CellAdapter.OnItemClick(AdapterView parent, View view, Int32 position, Int64 id)
07-18 09:44:31.228  9797  9797 W monodroid-assembly:    at Android.Widget.AdapterView.IOnItemClickListenerInvoker.n_OnItemClick_Landroid_widget_AdapterView_Landroid_view_View_IJ(IntPtr jnienv, IntPtr native__this, IntPtr native_parent, IntPtr native_view, Int32 position, Int64 id)
07-18 09:44:31.228  9797  9797 W monodroid-assembly:    at Android.Runtime.DynamicMethodNameCounter.5(IntPtr , IntPtr , IntPtr , IntPtr , Int32 , Int64 )
07-18 09:44:31.320   359   359 D goldfish-address-space: claimShared: Ask to claim region [0x3f3300000 0x3f3630000]
07-18 09:44:31.323   359   359 D goldfish-address-space: claimShared: Ask to claim region [0x3f3630000 0x3f3960000]
07-18 09:44:31.324   359   359 D goldfish-address-space: claimShared: Ask to claim region [0x3f3960000 0x3f3c90000]
07-18 09:44:31.650  9797  9816 D EGL_emulation: app_time_stats: avg=17.05ms min=1.70ms max=233.68ms count=46
07-18 09:44:32.301  9797  9816 D OpenGLRenderer: endAllActiveAnimators on 0x71fdad71cb80 (RippleDrawable) with handle 0x71fcbde990e0
07-18 09:44:32.302   546   800 W InputManager-JNI: Input channel object '8719374 Info (client)' was disposed without first being removed with the input manager!
07-18 09:44:32.333  1295  1295 I GoogleInputMethodService: GoogleInputMethodService.onFinishInput():3420 
07-18 09:44:32.334  1295  1295 I GoogleInputMethodService: GoogleInputMethodService.onStartInput():2002 
07-18 09:44:32.334  1295  1295 I DeviceUnlockedTag: DeviceUnlockedTag.notifyDeviceLockStatusChanged():31 Notify device unlocked.
07-18 09:44:32.882  9797  9816 D EGL_emulation: app_time_stats: avg=47.32ms min=14.60ms max=532.84ms count=26
07-18 09:44:33.402  9797  9797 I monodroid-assembly: typemap: unable to find mapping to a managed type from Java type 'com/android/internal/policy/PhoneWindow'
07-18 09:44:33.404  9797  9797 W monodroid-assembly: typemap: called from
07-18 09:44:33.404  9797  9797 W monodroid-assembly: at Java.Interop.TypeManager.GetJavaToManagedType(String class_name)
07-18 09:44:33.404  9797  9797 W monodroid-assembly:    at Java.Interop.TypeManager.CreateInstance(IntPtr handle, JniHandleOwnership transfer, Type targetType)
07-18 09:44:33.404  9797  9797 W monodroid-assembly:    at Java.Lang.Object.GetObject(IntPtr handle, JniHandleOwnership transfer, Type type)
07-18 09:44:33.405  9797  9797 W monodroid-assembly:    at Java.Lang.Object._GetObject[Window](IntPtr handle, JniHandleOwnership transfer)
07-18 09:44:33.405  9797  9797 W monodroid-assembly:    at Java.Lang.Object.GetObject[Window](IntPtr handle, JniHandleOwnership transfer)
07-18 09:44:33.405  9797  9797 W monodroid-assembly:    at Android.App.Dialog.get_Window()
07-18 09:44:33.406  9797  9797 W monodroid-assembly:    at Microsoft.Maui.Controls.Platform.AlertManager.AlertRequestHelper.FlexibleAlertDialog.get_Window()
07-18 09:44:33.406  9797  9797 W monodroid-assembly:    at Microsoft.Maui.Controls.Platform.AlertManager.AlertRequestHelper.OnAlertRequested(IView sender, AlertArguments arguments)
07-18 09:44:33.406  9797  9797 W monodroid-assembly:    at System.Reflection.RuntimeMethodInfo.InternalInvoke(RuntimeMethodInfo , Object , IntPtr* , Exception& )
07-18 09:44:33.406  9797  9797 W monodroid-assembly:    at System.Reflection.MethodInvoker.InterpretedInvoke(Object obj, IntPtr* args)
07-18 09:44:33.407  9797  9797 W monodroid-assembly:    at System.Reflection.MethodInvoker.Invoke(Object obj, IntPtr* args, BindingFlags invokeAttr)
07-18 09:44:33.407  9797  9797 W monodroid-assembly:    at System.Reflection.RuntimeMethodInfo.Invoke(Object obj, BindingFlags invokeAttr, Binder binder, Object[] parameters, CultureInfo culture)
07-18 09:44:33.408  9797  9797 W monodroid-assembly:    at System.Reflection.MethodBase.Invoke(Object obj, Object[] parameters)
07-18 09:44:33.408  9797  9797 W monodroid-assembly:    at Microsoft.Maui.Controls.MessagingCenter.Subscription.InvokeCallback(Object sender, Object args)
07-18 09:44:33.408  9797  9797 W monodroid-assembly:    at Microsoft.Maui.Controls.MessagingCenter.InnerSend(String message, Type senderType, Type argType, Object sender, Object args)
07-18 09:44:33.408  9797  9797 W monodroid-assembly:    at Microsoft.Maui.Controls.MessagingCenter.Microsoft.Maui.Controls.IMessagingCenter.Send[Page,AlertArguments](Page sender, String message, AlertArguments args)
07-18 09:44:33.408  9797  9797 W monodroid-assembly:    at Microsoft.Maui.Controls.MessagingCenter.Send[Page,AlertArguments](Page sender, String message, AlertArguments args)
07-18 09:44:33.409  9797  9797 W monodroid-assembly:    at Microsoft.Maui.Controls.Page.DisplayAlert(String title, String message, String accept, String cancel, FlowDirection flowDirection)
07-18 09:44:33.409  9797  9797 W monodroid-assembly:    at Microsoft.Maui.Controls.Page.DisplayAlert(String title, String message, String cancel)
07-18 09:44:33.409  9797  9797 W monodroid-assembly:    at MauiApp1.MainPage.ListView_ItemSelected(Object sender, SelectedItemChangedEventArgs e)
07-18 09:44:33.409  9797  9797 W monodroid-assembly:    at Microsoft.Maui.Controls.ListView.OnSelectedItemChanged(BindableObject bindable, Object oldValue, Object newValue)
07-18 09:44:33.410  9797  9797 W monodroid-assembly:    at Microsoft.Maui.Controls.BindableObject.SetValueActual(BindableProperty property, BindablePropertyContext context, Object value, Boolean currentlyApplying, SetValueFlags attributes, Boolean silent)
07-18 09:44:33.410  9797  9797 W monodroid-assembly:    at Microsoft.Maui.Controls.BindableObject.SetValueCore(BindableProperty property, Object value, SetValueFlags attributes, SetValuePrivateFlags privateAttributes)
07-18 09:44:33.410  9797  9797 W monodroid-assembly:    at Microsoft.Maui.Controls.BindableObject.SetValueCore(BindableProperty property, Object value, SetValueFlags attributes)
07-18 09:44:33.411  9797  9797 W monodroid-assembly:    at Microsoft.Maui.Controls.ListView.NotifyRowTapped(Int32 groupIndex, Int32 inGroupIndex, Cell cell)
07-18 09:44:33.411  9797  9797 W monodroid-assembly:    at Microsoft.Maui.Controls.ListView.NotifyRowTapped(Int32 index, Cell cell)
07-18 09:44:33.411  9797  9797 W monodroid-assembly:    at Microsoft.Maui.Controls.Handlers.Compatibility.ListViewAdapter.HandleItemClick(AdapterView parent, View view, Int32 position, Int64 id)
07-18 09:44:33.412  9797  9797 W monodroid-assembly:    at Microsoft.Maui.Controls.Handlers.Compatibility.CellAdapter.OnItemClick(AdapterView parent, View view, Int32 position, Int64 id)
07-18 09:44:33.412  9797  9797 W monodroid-assembly:    at Android.Widget.AdapterView.IOnItemClickListenerInvoker.n_OnItemClick_Landroid_widget_AdapterView_Landroid_view_View_IJ(IntPtr jnienv, IntPtr native__this, IntPtr native_parent, IntPtr native_view, Int32 position, Int64 id)
07-18 09:44:33.412  9797  9797 W monodroid-assembly:    at Android.Runtime.DynamicMethodNameCounter.5(IntPtr , IntPtr , IntPtr , IntPtr , Int32 , Int64 )
07-18 09:44:33.419  9797  9797 I monodroid-assembly: typemap: unable to find mapping to a managed type from Java type 'com/android/internal/policy/DecorView'
07-18 09:44:33.421  9797  9797 W monodroid-assembly: typemap: called from
07-18 09:44:33.421  9797  9797 W monodroid-assembly: at Java.Interop.TypeManager.GetJavaToManagedType(String class_name)
07-18 09:44:33.421  9797  9797 W monodroid-assembly:    at Java.Interop.TypeManager.CreateInstance(IntPtr handle, JniHandleOwnership transfer, Type targetType)
07-18 09:44:33.422  9797  9797 W monodroid-assembly:    at Java.Lang.Object.GetObject(IntPtr handle, JniHandleOwnership transfer, Type type)
07-18 09:44:33.422  9797  9797 W monodroid-assembly:    at Java.Lang.Object._GetObject[View](IntPtr handle, JniHandleOwnership transfer)
07-18 09:44:33.422  9797  9797 W monodroid-assembly:    at Java.Lang.Object.GetObject[View](IntPtr handle, JniHandleOwnership transfer)
07-18 09:44:33.422  9797  9797 W monodroid-assembly:    at Android.Views.WindowInvoker.get_DecorView()
07-18 09:44:33.423  9797  9797 W monodroid-assembly:    at Microsoft.Maui.Controls.Platform.AlertManager.AlertRequestHelper.OnAlertRequested(IView sender, AlertArguments arguments)
07-18 09:44:33.423  9797  9797 W monodroid-assembly:    at System.Reflection.RuntimeMethodInfo.InternalInvoke(RuntimeMethodInfo , Object , IntPtr* , Exception& )
07-18 09:44:33.423  9797  9797 W monodroid-assembly:    at System.Reflection.MethodInvoker.InterpretedInvoke(Object obj, IntPtr* args)
07-18 09:44:33.424  9797  9797 W monodroid-assembly:    at System.Reflection.MethodInvoker.Invoke(Object obj, IntPtr* args, BindingFlags invokeAttr)
07-18 09:44:33.424  9797  9797 W monodroid-assembly:    at System.Reflection.RuntimeMethodInfo.Invoke(Object obj, BindingFlags invokeAttr, Binder binder, Object[] parameters, CultureInfo culture)
07-18 09:44:33.424  9797  9797 W monodroid-assembly:    at System.Reflection.MethodBase.Invoke(Object obj, Object[] parameters)
07-18 09:44:33.425  9797  9797 W monodroid-assembly:    at Microsoft.Maui.Controls.MessagingCenter.Subscription.InvokeCallback(Object sender, Object args)
07-18 09:44:33.425  9797  9797 W monodroid-assembly:    at Microsoft.Maui.Controls.MessagingCenter.InnerSend(String message, Type senderType, Type argType, Object sender, Object args)
07-18 09:44:33.425  9797  9797 W monodroid-assembly:    at Microsoft.Maui.Controls.MessagingCenter.Microsoft.Maui.Controls.IMessagingCenter.Send[Page,AlertArguments](Page sender, String message, AlertArguments args)
07-18 09:44:33.426  9797  9797 W monodroid-assembly:    at Microsoft.Maui.Controls.MessagingCenter.Send[Page,AlertArguments](Page sender, String message, AlertArguments args)
07-18 09:44:33.426  9797  9797 W monodroid-assembly:    at Microsoft.Maui.Controls.Page.DisplayAlert(String title, String message, String accept, String cancel, FlowDirection flowDirection)
07-18 09:44:33.426  9797  9797 W monodroid-assembly:    at Microsoft.Maui.Controls.Page.DisplayAlert(String title, String message, String cancel)
07-18 09:44:33.427  9797  9797 W monodroid-assembly:    at MauiApp1.MainPage.ListView_ItemSelected(Object sender, SelectedItemChangedEventArgs e)
07-18 09:44:33.427  9797  9797 W monodroid-assembly:    at Microsoft.Maui.Controls.ListView.OnSelectedItemChanged(BindableObject bindable, Object oldValue, Object newValue)
07-18 09:44:33.427  9797  9797 W monodroid-assembly:    at Microsoft.Maui.Controls.BindableObject.SetValueActual(BindableProperty property, BindablePropertyContext context, Object value, Boolean currentlyApplying, SetValueFlags attributes, Boolean silent)
07-18 09:44:33.428  9797  9797 W monodroid-assembly:    at Microsoft.Maui.Controls.BindableObject.SetValueCore(BindableProperty property, Object value, SetValueFlags attributes, SetValuePrivateFlags privateAttributes)
07-18 09:44:33.428  9797  9797 W monodroid-assembly:    at Microsoft.Maui.Controls.BindableObject.SetValueCore(BindableProperty property, Object value, SetValueFlags attributes)
07-18 09:44:33.428  9797  9797 W monodroid-assembly:    at Microsoft.Maui.Controls.ListView.NotifyRowTapped(Int32 groupIndex, Int32 inGroupIndex, Cell cell)
07-18 09:44:33.428  9797  9797 W monodroid-assembly:    at Microsoft.Maui.Controls.ListView.NotifyRowTapped(Int32 index, Cell cell)
07-18 09:44:33.428  9797  9797 W monodroid-assembly:    at Microsoft.Maui.Controls.Handlers.Compatibility.ListViewAdapter.HandleItemClick(AdapterView parent, View view, Int32 position, Int64 id)
07-18 09:44:33.428  9797  9797 W monodroid-assembly:    at Microsoft.Maui.Controls.Handlers.Compatibility.CellAdapter.OnItemClick(AdapterView parent, View view, Int32 position, Int64 id)
07-18 09:44:33.428  9797  9797 W monodroid-assembly:    at Android.Widget.AdapterView.IOnItemClickListenerInvoker.n_OnItemClick_Landroid_widget_AdapterView_Landroid_view_View_IJ(IntPtr jnienv, IntPtr native__this, IntPtr native_parent, IntPtr native_view, Int32 position, Int64 id)
07-18 09:44:33.428  9797  9797 W monodroid-assembly:    at Android.Runtime.DynamicMethodNameCounter.5(IntPtr , IntPtr , IntPtr , IntPtr , Int32 , Int64 )
07-18 09:44:33.508   359   359 D goldfish-address-space: claimShared: Ask to claim region [0x3f3300000 0x3f3630000]
07-18 09:44:33.510   359   359 D goldfish-address-space: claimShared: Ask to claim region [0x3f3630000 0x3f3960000]
07-18 09:44:33.512   359   359 D goldfish-address-space: claimShared: Ask to claim region [0x3f3960000 0x3f3c90000]
07-18 09:44:33.884  9797  9816 D EGL_emulation: app_time_stats: avg=20.30ms min=11.14ms max=199.09ms count=49
07-18 09:44:34.986  9797  9816 D EGL_emulation: app_time_stats: avg=162.35ms min=11.75ms max=1337.03ms count=9
07-18 09:44:35.006  9797  9816 D OpenGLRenderer: endAllActiveAnimators on 0x71fdad71bea0 (RippleDrawable) with handle 0x71fcbde9ad30
07-18 09:44:35.007   546   800 W InputManager-JNI: Input channel object '1e4374b Info (client)' was disposed without first being removed with the input manager!
07-18 09:44:35.035  1295  1295 I GoogleInputMethodService: GoogleInputMethodService.onFinishInput():3420 
07-18 09:44:35.035  1295  1295 I GoogleInputMethodService: GoogleInputMethodService.onStartInput():2002 
07-18 09:44:35.036  1295  1295 I DeviceUnlockedTag: DeviceUnlockedTag.notifyDeviceLockStatusChanged():31 Notify device unlocked.
07-18 09:44:35.049  9797  9816 D EGL_emulation: app_time_stats: avg=52.84ms min=14.52ms max=816.55ms count=22
07-18 09:44:52.031   546   582 D KernelCpuUidUserSysTimeReader: Removing uids 10149-10149
07-18 09:44:52.033   546   582 D KernelCpuUidUserSysTimeReader: Removing uids 99000-99000
--------- beginning of kernel
07-18 09:44:52.158     0     0 I logd    : logdr: UID=2000 GID=2000 PID=9853 n tail=0 logMask=99 pid=0 start=0ns deadline=0ns
